Archive member included to satisfy reference by file (symbol)

C:/ST/STM32CubeIDE_1.19.0/STM32CubeIDE/plugins/com.st.stm32cube.ide.mcu.externaltools.gnu-tools-for-stm32.13.3.rel1.win32_1.0.0.202411081344/tools/bin/../lib/gcc/arm-none-eabi/13.3.1/../../../../arm-none-eabi/lib/thumb/v7e-m+fp/hard\libc_nano.a(libc_a-exit.o)
                              C:/ST/STM32CubeIDE_1.19.0/STM32CubeIDE/plugins/com.st.stm32cube.ide.mcu.externaltools.gnu-tools-for-stm32.13.3.rel1.win32_1.0.0.202411081344/tools/bin/../lib/gcc/arm-none-eabi/13.3.1/../../../../arm-none-eabi/lib/thumb/v7e-m+fp/hard/crt0.o (exit)
C:/ST/STM32CubeIDE_1.19.0/STM32CubeIDE/plugins/com.st.stm32cube.ide.mcu.externaltools.gnu-tools-for-stm32.13.3.rel1.win32_1.0.0.202411081344/tools/bin/../lib/gcc/arm-none-eabi/13.3.1/../../../../arm-none-eabi/lib/thumb/v7e-m+fp/hard\libc_nano.a(libc_a-findfp.o)
                              C:/ST/STM32CubeIDE_1.19.0/STM32CubeIDE/plugins/com.st.stm32cube.ide.mcu.externaltools.gnu-tools-for-stm32.13.3.rel1.win32_1.0.0.202411081344/tools/bin/../lib/gcc/arm-none-eabi/13.3.1/../../../../arm-none-eabi/lib/thumb/v7e-m+fp/hard\libc_nano.a(libc_a-exit.o) (__stdio_exit_handler)
C:/ST/STM32CubeIDE_1.19.0/STM32CubeIDE/plugins/com.st.stm32cube.ide.mcu.externaltools.gnu-tools-for-stm32.13.3.rel1.win32_1.0.0.202411081344/tools/bin/../lib/gcc/arm-none-eabi/13.3.1/../../../../arm-none-eabi/lib/thumb/v7e-m+fp/hard\libc_nano.a(libc_a-fwalk.o)
                              C:/ST/STM32CubeIDE_1.19.0/STM32CubeIDE/plugins/com.st.stm32cube.ide.mcu.externaltools.gnu-tools-for-stm32.13.3.rel1.win32_1.0.0.202411081344/tools/bin/../lib/gcc/arm-none-eabi/13.3.1/../../../../arm-none-eabi/lib/thumb/v7e-m+fp/hard\libc_nano.a(libc_a-findfp.o) (_fwalk_sglue)
C:/ST/STM32CubeIDE_1.19.0/STM32CubeIDE/plugins/com.st.stm32cube.ide.mcu.externaltools.gnu-tools-for-stm32.13.3.rel1.win32_1.0.0.202411081344/tools/bin/../lib/gcc/arm-none-eabi/13.3.1/../../../../arm-none-eabi/lib/thumb/v7e-m+fp/hard\libc_nano.a(libc_a-snprintf.o)
                              ./Core/Src/main.o (snprintf)
C:/ST/STM32CubeIDE_1.19.0/STM32CubeIDE/plugins/com.st.stm32cube.ide.mcu.externaltools.gnu-tools-for-stm32.13.3.rel1.win32_1.0.0.202411081344/tools/bin/../lib/gcc/arm-none-eabi/13.3.1/../../../../arm-none-eabi/lib/thumb/v7e-m+fp/hard\libc_nano.a(libc_a-stdio.o)
                              C:/ST/STM32CubeIDE_1.19.0/STM32CubeIDE/plugins/com.st.stm32cube.ide.mcu.externaltools.gnu-tools-for-stm32.13.3.rel1.win32_1.0.0.202411081344/tools/bin/../lib/gcc/arm-none-eabi/13.3.1/../../../../arm-none-eabi/lib/thumb/v7e-m+fp/hard\libc_nano.a(libc_a-findfp.o) (__sread)
C:/ST/STM32CubeIDE_1.19.0/STM32CubeIDE/plugins/com.st.stm32cube.ide.mcu.externaltools.gnu-tools-for-stm32.13.3.rel1.win32_1.0.0.202411081344/tools/bin/../lib/gcc/arm-none-eabi/13.3.1/../../../../arm-none-eabi/lib/thumb/v7e-m+fp/hard\libc_nano.a(libc_a-memset.o)
                              C:/ST/STM32CubeIDE_1.19.0/STM32CubeIDE/plugins/com.st.stm32cube.ide.mcu.externaltools.gnu-tools-for-stm32.13.3.rel1.win32_1.0.0.202411081344/tools/bin/../lib/gcc/arm-none-eabi/13.3.1/../../../../arm-none-eabi/lib/thumb/v7e-m+fp/hard/crt0.o (memset)
C:/ST/STM32CubeIDE_1.19.0/STM32CubeIDE/plugins/com.st.stm32cube.ide.mcu.externaltools.gnu-tools-for-stm32.13.3.rel1.win32_1.0.0.202411081344/tools/bin/../lib/gcc/arm-none-eabi/13.3.1/../../../../arm-none-eabi/lib/thumb/v7e-m+fp/hard\libc_nano.a(libc_a-strncpy.o)
                              ./Core/Src/main.o (strncpy)
C:/ST/STM32CubeIDE_1.19.0/STM32CubeIDE/plugins/com.st.stm32cube.ide.mcu.externaltools.gnu-tools-for-stm32.13.3.rel1.win32_1.0.0.202411081344/tools/bin/../lib/gcc/arm-none-eabi/13.3.1/../../../../arm-none-eabi/lib/thumb/v7e-m+fp/hard\libc_nano.a(libc_a-closer.o)
                              C:/ST/STM32CubeIDE_1.19.0/STM32CubeIDE/plugins/com.st.stm32cube.ide.mcu.externaltools.gnu-tools-for-stm32.13.3.rel1.win32_1.0.0.202411081344/tools/bin/../lib/gcc/arm-none-eabi/13.3.1/../../../../arm-none-eabi/lib/thumb/v7e-m+fp/hard\libc_nano.a(libc_a-stdio.o) (_close_r)
C:/ST/STM32CubeIDE_1.19.0/STM32CubeIDE/plugins/com.st.stm32cube.ide.mcu.externaltools.gnu-tools-for-stm32.13.3.rel1.win32_1.0.0.202411081344/tools/bin/../lib/gcc/arm-none-eabi/13.3.1/../../../../arm-none-eabi/lib/thumb/v7e-m+fp/hard\libc_nano.a(libc_a-reent.o)
                              C:/ST/STM32CubeIDE_1.19.0/STM32CubeIDE/plugins/com.st.stm32cube.ide.mcu.externaltools.gnu-tools-for-stm32.13.3.rel1.win32_1.0.0.202411081344/tools/bin/../lib/gcc/arm-none-eabi/13.3.1/../../../../arm-none-eabi/lib/thumb/v7e-m+fp/hard\libc_nano.a(libc_a-closer.o) (errno)
C:/ST/STM32CubeIDE_1.19.0/STM32CubeIDE/plugins/com.st.stm32cube.ide.mcu.externaltools.gnu-tools-for-stm32.13.3.rel1.win32_1.0.0.202411081344/tools/bin/../lib/gcc/arm-none-eabi/13.3.1/../../../../arm-none-eabi/lib/thumb/v7e-m+fp/hard\libc_nano.a(libc_a-impure.o)
[...]
Memory Configuration

Name             Origin             Length             Attributes
RAM              0x20000000         0x0000c000         xrw
RAM2             0x10000000         0x00004000         xrw
FLASH            0x08000000         0x00040000         xr
*default*        0x00000000         0xffffffff

Linker script and memory map

LOAD C:/ST/STM32CubeIDE_1.19.0/STM32CubeIDE/plugins/com.st.stm32cube.ide.mcu.externaltools.gnu-tools-for-stm32.13.3.rel1.win32_1.0.0.202411081344/tools/bin/../lib/gcc/arm-none-eabi/13.3.1/thumb/v7e-m+fp/hard/crti.o
LOAD C:/ST/STM32CubeIDE_1.19.0/STM32CubeIDE/plugins/com.st.stm32cube.ide.mcu.externaltools.gnu-tools-for-stm32.13.3.rel1.win32_1.0.0.202411081344/tools/bin/../lib/gcc/arm-none-eabi/13.3.1/thumb/v7e-m+fp/hard/crtbegin.o
LOAD C:/ST/STM32CubeIDE_1.19.0/STM32CubeIDE/plugins/com.st.stm32cube.ide.mcu.externaltools.gnu-tools-for-stm32.13.3.rel1.win32_1.0.0.202411081344/tools/bin/../lib/gcc/arm-none-eabi/13.3.1/../../../../arm-none-eabi/lib/thumb/v7e-m+fp/hard/crt0.o
LOAD ./Core/Src/main.o
LOAD ./Core/Src/stm32l4xx_hal_msp.o
LOAD ./Core/Src/stm32l4xx_it.o
LOAD ./Core/Src/syscalls.o
LOAD ./Core/Src/sysmem.o
LOAD ./Core/Src/system_stm32l4xx.o
LOAD ./Core/Startup/startup_stm32l432kbux.o
LOAD ./Drivers/STM32L4xx_HAL_Driver/Src/stm32l4xx_hal.o
LOAD ./Drivers/STM32L4xx_HAL_Driver/Src/stm32l4xx_hal_cortex.o
LOAD ./Drivers/STM32L4xx_HAL_Driver/Src/stm32l4xx_hal_dma.o
LOAD ./Drivers/STM32L4xx_HAL_Driver/Src/stm32l4xx_hal_dma_ex.o
LOAD ./Drivers/STM32L4xx_HAL_Driver/Src/stm32l4xx_hal_exti.o
LOAD ./Drivers/STM32L4xx_HAL_Driver/Src/stm32l4xx_hal_flash.o
LOAD ./Drivers/STM32L4xx_HAL_Driver/Src/stm32l4xx_hal_flash_ex.o
LOAD ./Drivers/STM32L4xx_HAL_Driver/Src/stm32l4xx_hal_flash_ramfunc.o
LOAD ./Drivers/STM32L4xx_HAL_Driver/Src/stm32l4xx_hal_gpio.o
LOAD ./Drivers/STM32L4xx_HAL_Driver/Src/stm32l4xx_hal_i2c.o
LOAD ./Drivers/STM32L4xx_HAL_Driver/Src/stm32l4xx_hal_i2c_ex.o
LOAD ./Drivers/STM32L4xx_HAL_Driver/Src/stm32l4xx_hal_pcd.o
LOAD ./Drivers/STM32L4xx_HAL_Driver/Src/stm32l4xx_hal_pcd_ex.o
LOAD ./Drivers/STM32L4xx_HAL_Driver/Src/stm32l4xx_hal_pwr.o
LOAD ./Drivers/STM32L4xx_HAL_Driver/Src/stm32l4xx_hal_pwr_ex.o
LOAD ./Drivers/STM32L4xx_HAL_Driver/Src/stm32l4xx_hal_rcc.o
LOAD ./Drivers/STM32L4xx_HAL_Driver/Src/stm32l4xx_hal_rcc_ex.o
LOAD ./Drivers/STM32L4xx_HAL_Driver/Src/stm32l4xx_hal_spi.o
LOAD ./Drivers/STM32L4xx_HAL_Driver/Src/stm32l4xx_hal_spi_ex.o
LOAD ./Drivers/STM32L4xx_HAL_Driver/Src/stm32l4xx_ll_usb.o
LOAD ./Lib/nrf24.o
LOAD ./Lib/ssd1306.o
LOAD ./Lib/ssd1306_fonts.o
LOAD ./Middlewares/ST/STM32_USB_Device_Library/Class/CDC/Src/usbd_cdc.o
LOAD ./Middlewares/ST/STM32_USB_Device_Library/Core/Src/usbd_core.o
LOAD ./Middlewares/ST/STM32_USB_Device_Library/Core/Src/usbd_ctlreq.o
LOAD ./Middlewares/ST/STM32_USB_Device_Library/Core/Src/usbd_ioreq.o
LOAD ./USB_DEVICE/App/usb_device.o
LOAD ./USB_DEVICE/App/usbd_cdc_if.o
LOAD ./USB_DEVICE/App/usbd_desc.o
LOAD ./USB_DEVICE/Target/usbd_conf.o
START GROUP
LOAD C:/ST/STM32CubeIDE_1.19.0/STM32CubeIDE/plugins/com.st.stm32cube.ide.mcu.externaltools.gnu-tools-for-stm32.13.3.rel1.win32_1.0.0.202411081344/tools/bin/../lib/gcc/arm-none-eabi/13.3.1/../../../../arm-none-eabi/lib/thumb/v7e-m+fp/hard\libc_nano.a
LOAD C:/ST/STM32CubeIDE_1.19.0/STM32CubeIDE/plugins/com.st.stm32cube.ide.mcu.externaltools.gnu-tools-for-stm32.13.3.rel1.win32_1.0.0.202411081344/tools/bin/../lib/gcc/arm-none-eabi/13.3.1/../../../../arm-none-eabi/lib/thumb/v7e-m+fp/hard\libm.a
END GROUP
START GROUP
LOAD C:/ST/STM32CubeIDE_1.19.0/STM32CubeIDE/plugins/com.st.stm32cube.ide.mcu.externaltools.gnu-tools-for-stm32.13.3.rel1.win32_1.0.0.202411081344/tools/bin/../lib/gcc/arm-none-eabi/13.3.1/thumb/v7e-m+fp/hard\libgcc.a
LOAD C:/ST/STM32CubeIDE_1.19.0/STM32CubeIDE/plugins/com.st.stm32cube.ide.mcu.externaltools.gnu-tools-for-stm32.13.3.rel1.win32_1.0.0.202411081344/tools/bin/../lib/gcc/arm-none-eabi/13.3.1/../../../../arm-none-eabi/lib/thumb/v7e-m+fp/hard\libc_nano.a
END GROUP
START GROUP
LOAD C:/ST/STM32CubeIDE_1.19.0/STM32CubeIDE/plugins/com.st.stm32cube.ide.mcu.externaltools.gnu-tools-for-stm32.13.3.rel1.win32_1.0.0.202411081344/tools/bin/../lib/gcc/arm-none-eabi/13.3.1/thumb/v7e-m+fp/hard\libgcc.a
LOAD C:/ST/STM32CubeIDE_1.19.0/STM32CubeIDE/plugins/com.st.stm32cube.ide.mcu.externaltools.gnu-tools-for-stm32.13.3.rel1.win32_1.0.0.202411081344/tools/bin/../lib/gcc/arm-none-eabi/13.3.1/../../../../arm-none-eabi/lib/thumb/v7e-m+fp/hard\libc_nano.a
LOAD C:/ST/STM32CubeIDE_1.19.0/STM32CubeIDE/plugins/com.st.stm32cube.ide.mcu.externaltools.gnu-tools-for-stm32.13.3.rel1.win32_1.0.0.202411081344/tools/bin/../lib/gcc/arm-none-eabi/13.3.1/../../../../arm-none-eabi/lib/thumb/v7e-m+fp/hard\libnosys.a
END GROUP
START GROUP
LOAD C:/ST/STM32CubeIDE_1.19.0/STM32CubeIDE/plugins/com.st.stm32cube.ide.mcu.externaltools.gnu-tools-for-stm32.13.3.rel1.win32_1.0.0.202411081344/tools/bin/../lib/gcc/arm-none-eabi/13.3.1/thumb/v7e-m+fp/hard\libgcc.a
LOAD C:/ST/STM32CubeIDE_1.19.0/STM32CubeIDE/plugins/com.st.stm32cube.ide.mcu.externaltools.gnu-tools-for-stm32.13.3.rel1.win32_1.0.0.202411081344/tools/bin/../lib/gcc/arm-none-eabi/13.3.1/../../../../arm-none-eabi/lib/thumb/v7e-m+fp/hard\libc_nano.a
LOAD C:/ST/STM32CubeIDE_1.19.0/STM32CubeIDE/plugins/com.st.stm32cube.ide.mcu.externaltools.gnu-tools-for-stm32.13.3.rel1.win32_1.0.0.202411081344/tools/bin/../lib/gcc/arm-none-eabi/13.3.1/../../../../arm-none-eabi/lib/thumb/v7e-m+fp/hard\libnosys.a
END GROUP
LOAD C:/ST/STM32CubeIDE_1.19.0/STM32CubeIDE/plugins/com.st.stm32cube.ide.mcu.externaltools.gnu-tools-for-stm32.13.3.rel1.win32_1.0.0.202411081344/tools/bin/../lib/gcc/arm-none-eabi/13.3.1/thumb/v7e-m+fp/hard/crtend.o
LOAD C:/ST/STM32CubeIDE_1.19.0/STM32CubeIDE/plugins/com.st.stm32cube.ide.mcu.externaltools.gnu-tools-for-stm32.13.3.rel1.win32_1.0.0.202411081344/tools/bin/../lib/gcc/arm-none-eabi/13.3.1/thumb/v7e-m+fp/hard/crtn.o
                0x2000c000                        _estack = (ORIGIN (RAM) + LENGTH (RAM))
                0x00000200                        _Min_Heap_Size = 0x200
                0x00000400                        _Min_Stack_Size = 0x400

.isr_vector     0x08000000      0x18c
                0x08000000                        . = ALIGN (0x4)
 *(.isr_vector)
 .isr_vector    0x08000000      0x18c ./Core/Startup/startup_stm32l432kbux.o
                0x08000000                g_pfnVectors
                0x0800018c                        . = ALIGN (0x4)

.text           0x08000190     0xac94
                0x08000190                        . = ALIGN (0x4)
 *(.text)
 .text          0x08000190       0x40 C:/ST/STM32CubeIDE_1.19.0/STM32CubeIDE/plugins/com.st.stm32cube.ide.mcu.externaltools.gnu-tools-for-stm32.13.3.rel1.win32_1.0.0.202411081344/tools/bin/../lib/gcc/arm-none-eabi/13.3.1/thumb/v7e-m+fp/hard/crtbegin.o
 .text          0x080001d0       0xa0 C:/ST/STM32CubeIDE_1.19.0/STM32CubeIDE/plugins/com.st.stm32cube.ide.mcu.externaltools.gnu-tools-for-stm32.13.3.rel1.win32_1.0.0.202411081344/tools/bin/../lib/gcc/arm-none-eabi/13.3.1/../../../../arm-none-eabi/lib/thumb/v7e-m+fp/hard\libc_nano.a(libc_a-memchr.o)
                0x080001d0                memchr
 *(.text*)
 .text.nRF24_CE_L
                0x08000270       0x18 ./Core/Src/main.o
 .text.nRF24_CE_H
                0x08000288       0x18 ./Core/Src/main.o
 .text.CDC_DataReceivedCallback
                0x080002a0       0x8c ./Core/Src/main.o
                0x080002a0                CDC_DataReceivedCallback
 .text.UpdateDisplay
                0x0800032c       0x80 ./Core/Src/main.o
                0x0800032c                UpdateDisplay
 .text.UpdateDisplayLine2
                0x080003ac       0x18 ./Core/Src/main.o
                0x080003ac                UpdateDisplayLine2
 .text.main     0x080003c4       0x46 ./Core/Src/main.o
                0x080003c4                main
 *fill*         0x0800040a        0x2 
 .text.runStateMachine
                0x0800040c      0x3b8 ./Core/Src/main.o
                0x0800040c                runStateMachine
 .text.HAL_GPIO_EXTI_Callback
                0x080007c4       0x70 ./Core/Src/main.o
                0x080007c4                HAL_GPIO_EXTI_Callback
 .text.SystemClock_Config
                0x08000834       0xfc ./Core/Src/main.o
                0x08000834                SystemClock_Config
 .text.MX_SPI3_Init
                0x08000930       0x7c ./Core/Src/main.o
 .text.MX_USB_PCD_Init
                0x080009ac       0x50 ./Core/Src/main.o
 .text.MX_GPIO_Init
                0x080009fc      0x128 ./Core/Src/main.o
 .text.Error_Handler
                0x08000b24        0xc ./Core/Src/main.o
                0x08000b24                Error_Handler
 .text.HAL_MspInit
                0x08000b30       0x48 ./Core/Src/stm32l4xx_hal_msp.o
                0x08000b30                HAL_MspInit
 .text.HAL_SPI_MspInit
                0x08000b78       0x98 ./Core/Src/stm32l4xx_hal_msp.o
                0x08000b78                HAL_SPI_MspInit
 .text.NMI_Handler
                0x08000c10        0x8 ./Core/Src/stm32l4xx_it.o
                0x08000c10                NMI_Handler
 .text.HardFault_Handler
                0x08000c18        0x8 ./Core/Src/stm32l4xx_it.o
                0x08000c18                HardFault_Handler
 .text.MemManage_Handler
                0x08000c20        0x8 ./Core/Src/stm32l4xx_it.o
                0x08000c20                MemManage_Handler
 .text.BusFault_Handler
                0x08000c28        0x8 ./Core/Src/stm32l4xx_it.o
                0x08000c28                BusFault_Handler
 .text.UsageFault_Handler
                0x08000c30        0x8 ./Core/Src/stm32l4xx_it.o
                0x08000c30                UsageFault_Handler
 .text.SVC_Handler
                0x08000c38        0xe ./Core/Src/stm32l4xx_it.o
                0x08000c38                SVC_Handler
 .text.DebugMon_Handler
                0x08000c46        0xe ./Core/Src/stm32l4xx_it.o
                0x08000c46                DebugMon_Handler
 .text.PendSV_Handler
                0x08000c54        0xe ./Core/Src/stm32l4xx_it.o
                0x08000c54                PendSV_Handler
 .text.SysTick_Handler
                0x08000c62        0xc ./Core/Src/stm32l4xx_it.o
                0x08000c62                SysTick_Handler
 .text.EXTI0_IRQHandler
                0x08000c6e        0xe ./Core/Src/stm32l4xx_it.o
                0x08000c6e                EXTI0_IRQHandler
 .text.EXTI1_IRQHandler
                0x08000c7c        0xe ./Core/Src/stm32l4xx_it.o
                0x08000c7c                EXTI1_IRQHandler
 .text.EXTI15_10_IRQHandler
                0x08000c8a       0x10 ./Core/Src/stm32l4xx_it.o
                0x08000c8a                EXTI15_10_IRQHandler
 *fill*         0x08000c9a        0x2 
 .text.SPI3_IRQHandler
                0x08000c9c       0x14 ./Core/Src/stm32l4xx_it.o
                0x08000c9c                SPI3_IRQHandler
 .text.USB_IRQHandler
                0x08000cb0       0x14 ./Core/Src/stm32l4xx_it.o
                0x08000cb0                USB_IRQHandler
 .text._sbrk    0x08000cc4       0x6c ./Core/Src/sysmem.o
                0x08000cc4                _sbrk
 .text.SystemInit
                0x08000d30       0x24 ./Core/Src/system_stm32l4xx.o
                0x08000d30                SystemInit
 .text.Reset_Handler
                0x08000d54       0x50 ./Core/Startup/startup_stm32l432kbux.o
                0x08000d54                Reset_Handler
 .text.Default_Handler
                0x08000da4        0x2 ./Core/Startup/startup_stm32l432kbux.o
                0x08000da4                RTC_Alarm_IRQHandler
                0x08000da4                EXTI2_IRQHandler
                0x08000da4                TIM1_CC_IRQHandler
                0x08000da4                TSC_IRQHandler
                0x08000da4                TAMP_STAMP_IRQHandler
                0x08000da4                EXTI3_IRQHandler
                0x08000da4                LPTIM2_IRQHandler
                0x08000da4                I2C3_ER_IRQHandler
                0x08000da4                CAN1_RX0_IRQHandler
                0x08000da4                FPU_IRQHandler
                0x08000da4                TIM1_UP_TIM16_IRQHandler
                0x08000da4                SPI1_IRQHandler
                0x08000da4                TIM6_DAC_IRQHandler
                0x08000da4                DMA2_Channel2_IRQHandler
                0x08000da4                DMA1_Channel4_IRQHandler
                0x08000da4                ADC1_IRQHandler
                0x08000da4                DMA1_Channel7_IRQHandler
                0x08000da4                CAN1_RX1_IRQHandler
                0x08000da4                DMA2_Channel1_IRQHandler
                0x08000da4                QUADSPI_IRQHandler
                0x08000da4                I2C1_EV_IRQHandler
                0x08000da4                DMA1_Channel6_IRQHandler
                0x08000da4                DMA2_Channel4_IRQHandler
                0x08000da4                RCC_IRQHandler
                0x08000da4                TIM1_TRG_COM_IRQHandler
                0x08000da4                DMA1_Channel1_IRQHandler
                0x08000da4                Default_Handler
                0x08000da4                DMA2_Channel7_IRQHandler
                0x08000da4                TIM7_IRQHandler
                0x08000da4                I2C3_EV_IRQHandler
                0x08000da4                EXTI9_5_IRQHandler
                0x08000da4                RTC_WKUP_IRQHandler
                0x08000da4                PVD_PVM_IRQHandler
                0x08000da4                CAN1_TX_IRQHandler
                0x08000da4                DMA2_Channel5_IRQHandler
                0x08000da4                CRS_IRQHandler
                0x08000da4                DMA1_Channel5_IRQHandler
                0x08000da4                EXTI4_IRQHandler
                0x08000da4                RNG_IRQHandler
                0x08000da4                DMA1_Channel3_IRQHandler
                0x08000da4                COMP_IRQHandler
                0x08000da4                WWDG_IRQHandler
                0x08000da4                LPUART1_IRQHandler
                0x08000da4                DMA2_Channel6_IRQHandler
                0x08000da4                TIM2_IRQHandler
                0x08000da4                USART2_IRQHandler
                0x08000da4                DMA1_Channel2_IRQHandler
                0x08000da4                CAN1_SCE_IRQHandler
                0x08000da4                FLASH_IRQHandler
                0x08000da4                USART1_IRQHandler
                0x08000da4                I2C1_ER_IRQHandler
                0x08000da4                SWPMI1_IRQHandler
                0x08000da4                LPTIM1_IRQHandler
                0x08000da4                SAI1_IRQHandler
                0x08000da4                DMA2_Channel3_IRQHandler
                0x08000da4                TIM1_BRK_TIM15_IRQHandler
 .text.HAL_Init
                0x08000da6       0x30 ./Drivers/STM32L4xx_HAL_Driver/Src/stm32l4xx_hal.o
                0x08000da6                HAL_Init
 *fill*         0x08000dd6        0x2 
 .text.HAL_InitTick
                0x08000dd8       0x78 ./Drivers/STM32L4xx_HAL_Driver/Src/stm32l4xx_hal.o
                0x08000dd8                HAL_InitTick
 .text.HAL_IncTick
                0x08000e50       0x28 ./Drivers/STM32L4xx_HAL_Driver/Src/stm32l4xx_hal.o
                0x08000e50                HAL_IncTick
 .text.HAL_GetTick
                0x08000e78       0x18 ./Drivers/STM32L4xx_HAL_Driver/Src/stm32l4xx_hal.o
                0x08000e78                HAL_GetTick
 .text.HAL_Delay
                0x08000e90       0x48 ./Drivers/STM32L4xx_HAL_Driver/Src/stm32l4xx_hal.o
                0x08000e90                HAL_Delay
 .text.__NVIC_SetPriorityGrouping
                0x08000ed8       0x48 ./Drivers/STM32L4xx_HAL_Driver/Src/stm32l4xx_hal_cortex.o
 .text.__NVIC_GetPriorityGrouping
                0x08000f20       0x1c ./Drivers/STM32L4xx_HAL_Driver/Src/stm32l4xx_hal_cortex.o
 .text.__NVIC_EnableIRQ
                0x08000f3c       0x3c ./Drivers/STM32L4xx_HAL_Driver/Src/stm32l4xx_hal_cortex.o
 .text.__NVIC_SetPriority
                0x08000f78       0x54 ./Drivers/STM32L4xx_HAL_Driver/Src/stm32l4xx_hal_cortex.o
 .text.NVIC_EncodePriority
                0x08000fcc       0x66 ./Drivers/STM32L4xx_HAL_Driver/Src/stm32l4xx_hal_cortex.o
 *fill*         0x08001032        0x2 
 .text.SysTick_Config
                0x08001034       0x44 ./Drivers/STM32L4xx_HAL_Driver/Src/stm32l4xx_hal_cortex.o
 .text.HAL_NVIC_SetPriorityGrouping
                0x08001078       0x16 ./Drivers/STM32L4xx_HAL_Driver/Src/stm32l4xx_hal_cortex.o
                0x08001078                HAL_NVIC_SetPriorityGrouping
 .text.HAL_NVIC_SetPriority
                0x0800108e       0x38 ./Drivers/STM32L4xx_HAL_Driver/Src/stm32l4xx_hal_cortex.o
                0x0800108e                HAL_NVIC_SetPriority
 .text.HAL_NVIC_EnableIRQ
                0x080010c6       0x1c ./Drivers/STM32L4xx_HAL_Driver/Src/stm32l4xx_hal_cortex.o
                0x080010c6                HAL_NVIC_EnableIRQ
 .text.HAL_SYSTICK_Config
                0x080010e2       0x18 ./Drivers/STM32L4xx_HAL_Driver/Src/stm32l4xx_hal_cortex.o
                0x080010e2                HAL_SYSTICK_Config
 .text.HAL_DMA_Abort_IT
                0x080010fa       0x82 ./Drivers/STM32L4xx_HAL_Driver/Src/stm32l4xx_hal_dma.o
                0x080010fa                HAL_DMA_Abort_IT
 .text.HAL_GPIO_Init
                0x0800117c      0x2d4 ./Drivers/STM32L4xx_HAL_Driver/Src/stm32l4xx_hal_gpio.o
                0x0800117c                HAL_GPIO_Init
 .text.HAL_GPIO_WritePin
                0x08001450       0x30 ./Drivers/STM32L4xx_HAL_Driver/Src/stm32l4xx_hal_gpio.o
                0x08001450                HAL_GPIO_WritePin
 .text.HAL_GPIO_TogglePin
                0x08001480       0x34 ./Drivers/STM32L4xx_HAL_Driver/Src/stm32l4xx_hal_gpio.o
                0x08001480                HAL_GPIO_TogglePin
 .text.HAL_GPIO_EXTI_IRQHandler
                0x080014b4       0x30 ./Drivers/STM32L4xx_HAL_Driver/Src/stm32l4xx_hal_gpio.o
                0x080014b4                HAL_GPIO_EXTI_IRQHandler
 .text.HAL_PCD_Init
                0x080014e4      0x1fa ./Drivers/STM32L4xx_HAL_Driver/Src/stm32l4xx_hal_pcd.o
                0x080014e4                HAL_PCD_Init
 .text.HAL_PCD_Start
                0x080016de       0x44 ./Drivers/STM32L4xx_HAL_Driver/Src/stm32l4xx_hal_pcd.o
                0x080016de                HAL_PCD_Start
 .text.HAL_PCD_IRQHandler
                0x08001722      0x24e ./Drivers/STM32L4xx_HAL_Driver/Src/stm32l4xx_hal_pcd.o
                0x08001722                HAL_PCD_IRQHandler
 .text.HAL_PCD_SetAddress
                0x08001970       0x48 ./Drivers/STM32L4xx_HAL_Driver/Src/stm32l4xx_hal_pcd.o
                0x08001970                HAL_PCD_SetAddress
 .text.HAL_PCD_EP_Open
                0x080019b8       0xbe ./Drivers/STM32L4xx_HAL_Driver/Src/stm32l4xx_hal_pcd.o
                0x080019b8                HAL_PCD_EP_Open
 .text.HAL_PCD_EP_Close
                0x08001a76       0x90 ./Drivers/STM32L4xx_HAL_Driver/Src/stm32l4xx_hal_pcd.o
                0x08001a76                HAL_PCD_EP_Close
 .text.HAL_PCD_EP_Receive
                0x08001b06       0x62 ./Drivers/STM32L4xx_HAL_Driver/Src/stm32l4xx_hal_pcd.o
                0x08001b06                HAL_PCD_EP_Receive
 .text.HAL_PCD_EP_GetRxCount
                0x08001b68       0x30 ./Drivers/STM32L4xx_HAL_Driver/Src/stm32l4xx_hal_pcd.o
                0x08001b68                HAL_PCD_EP_GetRxCount
 .text.HAL_PCD_EP_Transmit
                0x08001b98       0x6e ./Drivers/STM32L4xx_HAL_Driver/Src/stm32l4xx_hal_pcd.o
                0x08001b98                HAL_PCD_EP_Transmit
 .text.HAL_PCD_EP_SetStall
                0x08001c06       0xc0 ./Drivers/STM32L4xx_HAL_Driver/Src/stm32l4xx_hal_pcd.o
                0x08001c06                HAL_PCD_EP_SetStall
 .text.HAL_PCD_EP_ClrStall
                0x08001cc6       0xa8 ./Drivers/STM32L4xx_HAL_Driver/Src/stm32l4xx_hal_pcd.o
                0x08001cc6                HAL_PCD_EP_ClrStall
 .text.PCD_EP_ISR_Handler
                0x08001d6e      0x710 ./Drivers/STM32L4xx_HAL_Driver/Src/stm32l4xx_hal_pcd.o
 .text.HAL_PCD_EP_DB_Receive
                0x0800247e      0x212 ./Drivers/STM32L4xx_HAL_Driver/Src/stm32l4xx_hal_pcd.o
 .text.HAL_PCD_EP_DB_Transmit
                0x08002690      0x878 ./Drivers/STM32L4xx_HAL_Driver/Src/stm32l4xx_hal_pcd.o
 .text.HAL_PCDEx_PMAConfig
                0x08002f08       0x86 ./Drivers/STM32L4xx_HAL_Driver/Src/stm32l4xx_hal_pcd_ex.o
                0x08002f08                HAL_PCDEx_PMAConfig
 .text.HAL_PCDEx_ActivateLPM
                0x08002f8e       0x54 ./Drivers/STM32L4xx_HAL_Driver/Src/stm32l4xx_hal_pcd_ex.o
                0x08002f8e                HAL_PCDEx_ActivateLPM
 *fill*         0x08002fe2        0x2 
 .text.HAL_PWREx_GetVoltageRange
                0x08002fe4       0x1c ./Drivers/STM32L4xx_HAL_Driver/Src/stm32l4xx_hal_pwr_ex.o
                0x08002fe4                HAL_PWREx_GetVoltageRange
 .text.HAL_PWREx_ControlVoltageScaling
                0x08003000       0xac ./Drivers/STM32L4xx_HAL_Driver/Src/stm32l4xx_hal_pwr_ex.o
                0x08003000                HAL_PWREx_ControlVoltageScaling
 .text.HAL_PWREx_EnableVddUSB
                0x080030ac       0x20 ./Drivers/STM32L4xx_HAL_Driver/Src/stm32l4xx_hal_pwr_ex.o
                0x080030ac                HAL_PWREx_EnableVddUSB
 .text.HAL_RCC_OscConfig
                0x080030cc      0x828 ./Drivers/STM32L4xx_HAL_Driver/Src/stm32l4xx_hal_rcc.o
                0x080030cc                HAL_RCC_OscConfig
 .text.HAL_RCC_ClockConfig
                0x080038f4      0x200 ./Drivers/STM32L4xx_HAL_Driver/Src/stm32l4xx_hal_rcc.o
                0x080038f4                HAL_RCC_ClockConfig
 .text.HAL_RCC_GetSysClockFreq
                0x08003af4      0x118 ./Drivers/STM32L4xx_HAL_Driver/Src/stm32l4xx_hal_rcc.o
                0x08003af4                HAL_RCC_GetSysClockFreq
 .text.RCC_SetFlashLatencyFromMSIRange
                0x08003c0c       0xc0 ./Drivers/STM32L4xx_HAL_Driver/Src/stm32l4xx_hal_rcc.o
 .text.HAL_RCCEx_PeriphCLKConfig
                0x08003ccc      0x3ec ./Drivers/STM32L4xx_HAL_Driver/Src/stm32l4xx_hal_rcc_ex.o
                0x08003ccc                HAL_RCCEx_PeriphCLKConfig
 .text.HAL_RCCEx_CRSConfig
                0x080040b8       0x84 ./Drivers/STM32L4xx_HAL_Driver/Src/stm32l4xx_hal_rcc_ex.o
                0x080040b8                HAL_RCCEx_CRSConfig
 .text.RCCEx_PLLSAI1_Config
                0x0800413c      0x1e4 ./Drivers/STM32L4xx_HAL_Driver/Src/stm32l4xx_hal_rcc_ex.o
 .text.HAL_SPI_Init
                0x08004320      0x146 ./Drivers/STM32L4xx_HAL_Driver/Src/stm32l4xx_hal_spi.o
                0x08004320                HAL_SPI_Init
 .text.HAL_SPI_Transmit
                0x08004466      0x2ec ./Drivers/STM32L4xx_HAL_Driver/Src/stm32l4xx_hal_spi.o
                0x08004466                HAL_SPI_Transmit
 .text.HAL_SPI_TransmitReceive
                0x08004752      0x43e ./Drivers/STM32L4xx_HAL_Driver/Src/stm32l4xx_hal_spi.o
                0x08004752                HAL_SPI_TransmitReceive
 .text.HAL_SPI_IRQHandler
                0x08004b90      0x200 ./Drivers/STM32L4xx_HAL_Driver/Src/stm32l4xx_hal_spi.o
                0x08004b90                HAL_SPI_IRQHandler
 .text.HAL_SPI_ErrorCallback
                0x08004d90       0x14 ./Drivers/STM32L4xx_HAL_Driver/Src/stm32l4xx_hal_spi.o
                0x08004d90                HAL_SPI_ErrorCallback
 .text.SPI_DMAAbortOnError
                0x08004da4       0x2a ./Drivers/STM32L4xx_HAL_Driver/Src/stm32l4xx_hal_spi.o
 *fill*         0x08004dce        0x2 
 .text.SPI_WaitFlagStateUntilTimeout
                0x08004dd0      0x110 ./Drivers/STM32L4xx_HAL_Driver/Src/stm32l4xx_hal_spi.o
 .text.SPI_WaitFifoStateUntilTimeout
                0x08004ee0      0x12c ./Drivers/STM32L4xx_HAL_Driver/Src/stm32l4xx_hal_spi.o
 .text.SPI_EndRxTxTransaction
                0x0800500c       0x8c ./Drivers/STM32L4xx_HAL_Driver/Src/stm32l4xx_hal_spi.o
 .text.USB_CoreInit
                0x08005098       0x1c ./Drivers/STM32L4xx_HAL_Driver/Src/stm32l4xx_ll_usb.o
                0x08005098                USB_CoreInit
 .text.USB_EnableGlobalInt
                0x080050b4       0x2e ./Drivers/STM32L4xx_HAL_Driver/Src/stm32l4xx_ll_usb.o
                0x080050b4                USB_EnableGlobalInt
 .text.USB_DisableGlobalInt
                0x080050e2       0x36 ./Drivers/STM32L4xx_HAL_Driver/Src/stm32l4xx_ll_usb.o
                0x080050e2                USB_DisableGlobalInt
 .text.USB_SetCurrentMode
                0x08005118       0x1a ./Drivers/STM32L4xx_HAL_Driver/Src/stm32l4xx_ll_usb.o
                0x08005118                USB_SetCurrentMode
 .text.USB_DevInit
                0x08005132       0x3c ./Drivers/STM32L4xx_HAL_Driver/Src/stm32l4xx_ll_usb.o
                0x08005132                USB_DevInit
 *fill*         0x0800516e        0x2 
 .text.USB_ActivateEndpoint
                0x08005170      0x9d0 ./Drivers/STM32L4xx_HAL_Driver/Src/stm32l4xx_ll_usb.o
                0x08005170                USB_ActivateEndpoint
 .text.USB_DeactivateEndpoint
                0x08005b40      0x3da ./Drivers/STM32L4xx_HAL_Driver/Src/stm32l4xx_ll_usb.o
                0x08005b40                USB_DeactivateEndpoint
 .text.USB_EPStartXfer
                0x08005f1a      0xb5e ./Drivers/STM32L4xx_HAL_Driver/Src/stm32l4xx_ll_usb.o
                0x08005f1a                USB_EPStartXfer
 .text.USB_EPSetStall
                0x08006a78       0xa2 ./Drivers/STM32L4xx_HAL_Driver/Src/stm32l4xx_ll_usb.o
                0x08006a78                USB_EPSetStall
 .text.USB_EPClearStall
                0x08006b1a      0x152 ./Drivers/STM32L4xx_HAL_Driver/Src/stm32l4xx_ll_usb.o
                0x08006b1a                USB_EPClearStall
 .text.USB_SetDevAddress
                0x08006c6c       0x28 ./Drivers/STM32L4xx_HAL_Driver/Src/stm32l4xx_ll_usb.o
                0x08006c6c                USB_SetDevAddress
 .text.USB_DevConnect
                0x08006c94       0x2e ./Drivers/STM32L4xx_HAL_Driver/Src/stm32l4xx_ll_usb.o
                0x08006c94                USB_DevConnect
 .text.USB_DevDisconnect
                0x08006cc2       0x2a ./Drivers/STM32L4xx_HAL_Driver/Src/stm32l4xx_ll_usb.o
                0x08006cc2                USB_DevDisconnect
 .text.USB_ReadInterrupts
                0x08006cec       0x20 ./Drivers/STM32L4xx_HAL_Driver/Src/stm32l4xx_ll_usb.o
                0x08006cec                USB_ReadInterrupts
 .text.USB_EP0_OutStart
                0x08006d0c       0x18 ./Drivers/STM32L4xx_HAL_Driver/Src/stm32l4xx_ll_usb.o
                0x08006d0c                USB_EP0_OutStart
 .text.USB_WritePMA
                0x08006d24       0x86 ./Drivers/STM32L4xx_HAL_Driver/Src/stm32l4xx_ll_usb.o
                0x08006d24                USB_WritePMA
 .text.USB_ReadPMA
                0x08006daa       0x98 ./Drivers/STM32L4xx_HAL_Driver/Src/stm32l4xx_ll_usb.o
                0x08006daa                USB_ReadPMA
 *fill*         0x08006e42        0x2 
 .text.nRF24_CSN_L
                0x08006e44       0x18 ./Lib/nrf24.o
 .text.nRF24_CSN_H
                0x08006e5c       0x18 ./Lib/nrf24.o
 .text.nRF24_LL_RW
                0x08006e74       0x38 ./Lib/nrf24.o
 .text.nRF24_ReadReg
                0x08006eac       0x34 ./Lib/nrf24.o
 .text.nRF24_WriteReg
                0x08006ee0       0x70 ./Lib/nrf24.o
 .text.nRF24_ReadMBReg
                0x08006f50       0x44 ./Lib/nrf24.o
 .text.nRF24_WriteMBReg
                0x08006f94       0x42 ./Lib/nrf24.o
 .text.nRF24_Init
                0x08006fd6       0x98 ./Lib/nrf24.o
                0x08006fd6                nRF24_Init
 *fill*         0x0800706e        0x2 
 .text.nRF24_Check
                0x08007070       0x5c ./Lib/nrf24.o
                0x08007070                nRF24_Check
 .text.nRF24_SetPowerMode
                0x080070cc       0x3e ./Lib/nrf24.o
                0x080070cc                nRF24_SetPowerMode
 .text.nRF24_SetOperationalMode
                0x0800710a       0x42 ./Lib/nrf24.o
                0x0800710a                nRF24_SetOperationalMode
 .text.nRF24_SetCRCScheme
                0x0800714c       0x42 ./Lib/nrf24.o
                0x0800714c                nRF24_SetCRCScheme
 .text.nRF24_SetRFChannel
                0x0800718e       0x1c ./Lib/nrf24.o
                0x0800718e                nRF24_SetRFChannel
 .text.nRF24_SetAddrWidth
                0x080071aa       0x20 ./Lib/nrf24.o
                0x080071aa                nRF24_SetAddrWidth
 *fill*         0x080071ca        0x2 
 .text.nRF24_SetAddr
                0x080071cc       0x94 ./Lib/nrf24.o
                0x080071cc                nRF24_SetAddr
 .text.nRF24_SetTXPower
                0x08007260       0x36 ./Lib/nrf24.o
                0x08007260                nRF24_SetTXPower
 .text.nRF24_SetDataRate
                0x08007296       0x36 ./Lib/nrf24.o
                0x08007296                nRF24_SetDataRate
 .text.nRF24_SetRXPipe
                0x080072cc       0xa8 ./Lib/nrf24.o
                0x080072cc                nRF24_SetRXPipe
 .text.nRF24_DisableAA
                0x08007374       0x4e ./Lib/nrf24.o
                0x08007374                nRF24_DisableAA
 .text.nRF24_GetStatus_RXFIFO
                0x080073c2       0x16 ./Lib/nrf24.o
                0x080073c2                nRF24_GetStatus_RXFIFO
 .text.nRF24_FlushTX
                0x080073d8       0x10 ./Lib/nrf24.o
                0x080073d8                nRF24_FlushTX
 .text.nRF24_FlushRX
                0x080073e8       0x10 ./Lib/nrf24.o
                0x080073e8                nRF24_FlushRX
 .text.nRF24_ClearIRQFlags
                0x080073f8       0x2a ./Lib/nrf24.o
                0x080073f8                nRF24_ClearIRQFlags
 .text.nRF24_WritePayload
                0x08007422       0x20 ./Lib/nrf24.o
                0x08007422                nRF24_WritePayload
 .text.nRF24_GetRxDplPayloadWidth
                0x08007442       0x28 ./Lib/nrf24.o
 *fill*         0x0800746a        0x2 
 .text.nRF24_ReadPayloadGeneric
                0x0800746c       0x90 ./Lib/nrf24.o
 .text.nRF24_ReadPayload
                0x080074fc       0x1e ./Lib/nrf24.o
                0x080074fc                nRF24_ReadPayload
 .text.ssd1306_Reset
                0x0800751a       0x38 ./Lib/ssd1306.o
                0x0800751a                ssd1306_Reset
 *fill*         0x08007552        0x2 
 .text.ssd1306_WriteCommand
                0x08007554       0x48 ./Lib/ssd1306.o
                0x08007554                ssd1306_WriteCommand
 .text.ssd1306_WriteData
                0x0800759c       0x4c ./Lib/ssd1306.o
                0x0800759c                ssd1306_WriteData
 .text.ssd1306_Init
                0x080075e8       0xd4 ./Lib/ssd1306.o
                0x080075e8                ssd1306_Init
 .text.ssd1306_Fill
                0x080076bc       0x30 ./Lib/ssd1306.o
                0x080076bc                ssd1306_Fill
 .text.ssd1306_UpdateScreen
                0x080076ec       0x50 ./Lib/ssd1306.o
                0x080076ec                ssd1306_UpdateScreen
 .text.ssd1306_DrawPixel
                0x0800773c       0xa8 ./Lib/ssd1306.o
                0x0800773c                ssd1306_DrawPixel
 .text.ssd1306_WriteChar
                0x080077e4      0x124 ./Lib/ssd1306.o
                0x080077e4                ssd1306_WriteChar
 .text.ssd1306_WriteString
                0x08007908       0x4c ./Lib/ssd1306.o
                0x08007908                ssd1306_WriteString
 .text.ssd1306_SetCursor
                0x08007954       0x30 ./Lib/ssd1306.o
                0x08007954                ssd1306_SetCursor
 .text.ssd1306_SetContrast
                0x08007984       0x26 ./Lib/ssd1306.o
                0x08007984                ssd1306_SetContrast
 *fill*         0x080079aa        0x2 
 .text.ssd1306_SetDisplayOn
                0x080079ac       0x3c ./Lib/ssd1306.o
                0x080079ac                ssd1306_SetDisplayOn
 .text.USBD_CDC_Init
                0x080079e8      0x1f0 ./Middlewares/ST/STM32_USB_Device_Library/Class/CDC/Src/usbd_cdc.o
 .text.USBD_CDC_DeInit
                0x08007bd8      0x104 ./Middlewares/ST/STM32_USB_Device_Library/Class/CDC/Src/usbd_cdc.o
 .text.USBD_CDC_Setup
                0x08007cdc      0x1b8 ./Middlewares/ST/STM32_USB_Device_Library/Class/CDC/Src/usbd_cdc.o
 .text.USBD_CDC_DataIn
                0x08007e94       0xfe ./Middlewares/ST/STM32_USB_Device_Library/Class/CDC/Src/usbd_cdc.o
 .text.USBD_CDC_DataOut
                0x08007f92       0x70 ./Middlewares/ST/STM32_USB_Device_Library/Class/CDC/Src/usbd_cdc.o
 .text.USBD_CDC_EP0_RxReady
                0x08008002       0x74 ./Middlewares/ST/STM32_USB_Device_Library/Class/CDC/Src/usbd_cdc.o
 *fill*         0x08008076        0x2 
 .text.USBD_CDC_GetFSCfgDesc
                0x08008078       0x70 ./Middlewares/ST/STM32_USB_Device_Library/Class/CDC/Src/usbd_cdc.o
 .text.USBD_CDC_GetHSCfgDesc
                0x080080e8       0x70 ./Middlewares/ST/STM32_USB_Device_Library/Class/CDC/Src/usbd_cdc.o
 .text.USBD_CDC_GetOtherSpeedCfgDesc
                0x08008158       0x70 ./Middlewares/ST/STM32_USB_Device_Library/Class/CDC/Src/usbd_cdc.o
 .text.USBD_CDC_GetDeviceQualifierDescriptor
                0x080081c8       0x20 ./Middlewares/ST/STM32_USB_Device_Library/Class/CDC/Src/usbd_cdc.o
                0x080081c8                USBD_CDC_GetDeviceQualifierDescriptor
 .text.USBD_CDC_RegisterInterface
                0x080081e8       0x34 ./Middlewares/ST/STM32_USB_Device_Library/Class/CDC/Src/usbd_cdc.o
                0x080081e8                USBD_CDC_RegisterInterface
 .text.USBD_CDC_SetTxBuffer
                0x0800821c       0x44 ./Middlewares/ST/STM32_USB_Device_Library/Class/CDC/Src/usbd_cdc.o
                0x0800821c                USBD_CDC_SetTxBuffer
 .text.USBD_CDC_SetRxBuffer
                0x08008260       0x3a ./Middlewares/ST/STM32_USB_Device_Library/Class/CDC/Src/usbd_cdc.o
                0x08008260                USBD_CDC_SetRxBuffer
 *fill*         0x0800829a        0x2 
 .text.USBD_CDC_TransmitPacket
                0x0800829c       0x80 ./Middlewares/ST/STM32_USB_Device_Library/Class/CDC/Src/usbd_cdc.o
                0x0800829c                USBD_CDC_TransmitPacket
 .text.USBD_CDC_ReceivePacket
                0x0800831c       0x6c ./Middlewares/ST/STM32_USB_Device_Library/Class/CDC/Src/usbd_cdc.o
                0x0800831c                USBD_CDC_ReceivePacket
 .text.USBD_Init
                0x08008388       0x60 ./Middlewares/ST/STM32_USB_Device_Library/Core/Src/usbd_core.o
                0x08008388                USBD_Init
 .text.USBD_RegisterClass
                0x080083e8       0x6c ./Middlewares/ST/STM32_USB_Device_Library/Core/Src/usbd_core.o
                0x080083e8                USBD_RegisterClass
 .text.USBD_Start
                0x08008454       0x18 ./Middlewares/ST/STM32_USB_Device_Library/Core/Src/usbd_core.o
                0x08008454                USBD_Start
 .text.USBD_RunTestMode
                0x0800846c       0x16 ./Middlewares/ST/STM32_USB_Device_Library/Core/Src/usbd_core.o
                0x0800846c                USBD_RunTestMode
 .text.USBD_SetClassConfig
                0x08008482       0x38 ./Middlewares/ST/STM32_USB_Device_Library/Core/Src/usbd_core.o
                0x08008482                USBD_SetClassConfig
 .text.USBD_ClrClassConfig
                0x080084ba       0x34 ./Middlewares/ST/STM32_USB_Device_Library/Core/Src/usbd_core.o
                0x080084ba                USBD_ClrClassConfig
 .text.USBD_LL_SetupStage
                0x080084ee       0xaa ./Middlewares/ST/STM32_USB_Device_Library/Core/Src/usbd_core.o
                0x080084ee                USBD_LL_SetupStage
 .text.USBD_LL_DataOutStage
                0x08008598      0x178 ./Middlewares/ST/STM32_USB_Device_Library/Core/Src/usbd_core.o
                0x08008598                USBD_LL_DataOutStage
 .text.USBD_LL_DataInStage
                0x08008710      0x176 ./Middlewares/ST/STM32_USB_Device_Library/Core/Src/usbd_core.o
                0x08008710                USBD_LL_DataInStage
 .text.USBD_LL_Reset
                0x08008886       0xa6 ./Middlewares/ST/STM32_USB_Device_Library/Core/Src/usbd_core.o
                0x08008886                USBD_LL_Reset
 .text.USBD_LL_SetSpeed
                0x0800892c       0x20 ./Middlewares/ST/STM32_USB_Device_Library/Core/Src/usbd_core.o
                0x0800892c                USBD_LL_SetSpeed
 .text.USBD_LL_Suspend
                0x0800894c       0x38 ./Middlewares/ST/STM32_USB_Device_Library/Core/Src/usbd_core.o
                0x0800894c                USBD_LL_Suspend
 .text.USBD_LL_Resume
                0x08008984       0x30 ./Middlewares/ST/STM32_USB_Device_Library/Core/Src/usbd_core.o
                0x08008984                USBD_LL_Resume
 .text.USBD_LL_SOF
                0x080089b4       0x40 ./Middlewares/ST/STM32_USB_Device_Library/Core/Src/usbd_core.o
                0x080089b4                USBD_LL_SOF
 .text.USBD_CoreFindIF
                0x080089f4       0x1a ./Middlewares/ST/STM32_USB_Device_Library/Core/Src/usbd_core.o
                0x080089f4                USBD_CoreFindIF
 .text.USBD_CoreFindEP
                0x08008a0e       0x1a ./Middlewares/ST/STM32_USB_Device_Library/Core/Src/usbd_core.o
                0x08008a0e                USBD_CoreFindEP
 .text.USBD_GetEpDesc
                0x08008a28       0x70 ./Middlewares/ST/STM32_USB_Device_Library/Core/Src/usbd_core.o
                0x08008a28                USBD_GetEpDesc
 .text.USBD_GetNextDesc
                0x08008a98       0x38 ./Middlewares/ST/STM32_USB_Device_Library/Core/Src/usbd_core.o
                0x08008a98                USBD_GetNextDesc
 .text.SWAPBYTE
                0x08008ad0       0x3e ./Middlewares/ST/STM32_USB_Device_Library/Core/Src/usbd_ctlreq.o
 *fill*         0x08008b0e        0x2 
 .text.USBD_StdDevReq
                0x08008b10       0xe4 ./Middlewares/ST/STM32_USB_Device_Library/Core/Src/usbd_ctlreq.o
                0x08008b10                USBD_StdDevReq
 .text.USBD_StdItfReq
                0x08008bf4       0xd8 ./Middlewares/ST/STM32_USB_Device_Library/Core/Src/usbd_ctlreq.o
                0x08008bf4                USBD_StdItfReq
 .text.USBD_StdEPReq
                0x08008ccc      0x33e ./Middlewares/ST/STM32_USB_Device_Library/Core/Src/usbd_ctlreq.o
                0x08008ccc                USBD_StdEPReq
 *fill*         0x0800900a        0x2 
 .text.USBD_GetDescriptor
                0x0800900c      0x328 ./Middlewares/ST/STM32_USB_Device_Library/Core/Src/usbd_ctlreq.o
 .text.USBD_SetAddress
                0x08009334       0x88 ./Middlewares/ST/STM32_USB_Device_Library/Core/Src/usbd_ctlreq.o
 .text.USBD_SetConfig
                0x080093bc      0x154 ./Middlewares/ST/STM32_USB_Device_Library/Core/Src/usbd_ctlreq.o
 .text.USBD_GetConfig
                0x08009510       0x6c ./Middlewares/ST/STM32_USB_Device_Library/Core/Src/usbd_ctlreq.o
 .text.USBD_GetStatus
                0x0800957c       0x68 ./Middlewares/ST/STM32_USB_Device_Library/Core/Src/usbd_ctlreq.o
 .text.USBD_SetFeature
                0x080095e4       0x52 ./Middlewares/ST/STM32_USB_Device_Library/Core/Src/usbd_ctlreq.o
 .text.USBD_ClrFeature
                0x08009636       0x44 ./Middlewares/ST/STM32_USB_Device_Library/Core/Src/usbd_ctlreq.o
 .text.USBD_ParseSetupRequest
                0x0800967a       0x74 ./Middlewares/ST/STM32_USB_Device_Library/Core/Src/usbd_ctlreq.o
                0x0800967a                USBD_ParseSetupRequest
 .text.USBD_CtlError
                0x080096ee       0x22 ./Middlewares/ST/STM32_USB_Device_Library/Core/Src/usbd_ctlreq.o
                0x080096ee                USBD_CtlError
 .text.USBD_GetString
                0x08009710       0xa4 ./Middlewares/ST/STM32_USB_Device_Library/Core/Src/usbd_ctlreq.o
                0x08009710                USBD_GetString
 .text.USBD_GetLen
                0x080097b4       0x34 ./Middlewares/ST/STM32_USB_Device_Library/Core/Src/usbd_ctlreq.o
 .text.USBD_CtlSendData
                0x080097e8       0x3c ./Middlewares/ST/STM32_USB_Device_Library/Core/Src/usbd_ioreq.o
                0x080097e8                USBD_CtlSendData
 .text.USBD_CtlContinueSendData
                0x08009824       0x22 ./Middlewares/ST/STM32_USB_Device_Library/Core/Src/usbd_ioreq.o
                0x08009824                USBD_CtlContinueSendData
 .text.USBD_CtlPrepareRx
                0x08009846       0x42 ./Middlewares/ST/STM32_USB_Device_Library/Core/Src/usbd_ioreq.o
                0x08009846                USBD_CtlPrepareRx
 .text.USBD_CtlContinueRx
                0x08009888       0x22 ./Middlewares/ST/STM32_USB_Device_Library/Core/Src/usbd_ioreq.o
                0x08009888                USBD_CtlContinueRx
 .text.USBD_CtlSendStatus
                0x080098aa       0x26 ./Middlewares/ST/STM32_USB_Device_Library/Core/Src/usbd_ioreq.o
                0x080098aa                USBD_CtlSendStatus
 .text.USBD_CtlReceiveStatus
                0x080098d0       0x26 ./Middlewares/ST/STM32_USB_Device_Library/Core/Src/usbd_ioreq.o
                0x080098d0                USBD_CtlReceiveStatus
 *fill*         0x080098f6        0x2 
 .text.MX_USB_DEVICE_Init
                0x080098f8       0x60 ./USB_DEVICE/App/usb_device.o
                0x080098f8                MX_USB_DEVICE_Init
 .text.CDC_Init_FS
                0x08009958       0x28 ./USB_DEVICE/App/usbd_cdc_if.o
 .text.CDC_DeInit_FS
                0x08009980       0x10 ./USB_DEVICE/App/usbd_cdc_if.o
 .text.CDC_Control_FS
                0x08009990       0xbc ./USB_DEVICE/App/usbd_cdc_if.o
 .text.CDC_Receive_FS
                0x08009a4c       0x34 ./USB_DEVICE/App/usbd_cdc_if.o
 .text.CDC_Transmit_FS
                0x08009a80       0x4c ./USB_DEVICE/App/usbd_cdc_if.o
                0x08009a80                CDC_Transmit_FS
 .text.CDC_TransmitCplt_FS
                0x08009acc       0x22 ./USB_DEVICE/App/usbd_cdc_if.o
 *fill*         0x08009aee        0x2 
 .text.USBD_FS_DeviceDescriptor
                0x08009af0       0x24 ./USB_DEVICE/App/usbd_desc.o
                0x08009af0                USBD_FS_DeviceDescriptor
 .text.USBD_FS_LangIDStrDescriptor
                0x08009b14       0x24 ./USB_DEVICE/App/usbd_desc.o
                0x08009b14                USBD_FS_LangIDStrDescriptor
 .text.USBD_FS_ProductStrDescriptor
                0x08009b38       0x3c ./USB_DEVICE/App/usbd_desc.o
                0x08009b38                USBD_FS_ProductStrDescriptor
 .text.USBD_FS_ManufacturerStrDescriptor
                0x08009b74       0x28 ./USB_DEVICE/App/usbd_desc.o
                0x08009b74                USBD_FS_ManufacturerStrDescriptor
 .text.USBD_FS_SerialStrDescriptor
                0x08009b9c       0x24 ./USB_DEVICE/App/usbd_desc.o
                0x08009b9c                USBD_FS_SerialStrDescriptor
 .text.USBD_FS_ConfigStrDescriptor
                0x08009bc0       0x3c ./USB_DEVICE/App/usbd_desc.o
                0x08009bc0                USBD_FS_ConfigStrDescriptor
 .text.USBD_FS_InterfaceStrDescriptor
                0x08009bfc       0x3c ./USB_DEVICE/App/usbd_desc.o
                0x08009bfc                USBD_FS_InterfaceStrDescriptor
 .text.USBD_FS_USR_BOSDescriptor
                0x08009c38       0x24 ./USB_DEVICE/App/usbd_desc.o
                0x08009c38                USBD_FS_USR_BOSDescriptor
 .text.Get_SerialNum
                0x08009c5c       0x58 ./USB_DEVICE/App/usbd_desc.o
 .text.IntToUnicode
                0x08009cb4       0x7e ./USB_DEVICE/App/usbd_desc.o
 *fill*         0x08009d32        0x2 
 .text.HAL_PCD_MspInit
                0x08009d34       0x98 ./USB_DEVICE/Target/usbd_conf.o
                0x08009d34                HAL_PCD_MspInit
 .text.HAL_PCD_SetupStageCallback
                0x08009dcc       0x24 ./USB_DEVICE/Target/usbd_conf.o
                0x08009dcc                HAL_PCD_SetupStageCallback
 .text.HAL_PCD_DataOutStageCallback
                0x08009df0       0x36 ./USB_DEVICE/Target/usbd_conf.o
                0x08009df0                HAL_PCD_DataOutStageCallback
 .text.HAL_PCD_DataInStageCallback
                0x08009e26       0x34 ./USB_DEVICE/Target/usbd_conf.o
                0x08009e26                HAL_PCD_DataInStageCallback
 .text.HAL_PCD_SOFCallback
                0x08009e5a       0x1c ./USB_DEVICE/Target/usbd_conf.o
                0x08009e5a                HAL_PCD_SOFCallback
 .text.HAL_PCD_ResetCallback
                0x08009e76       0x3c ./USB_DEVICE/Target/usbd_conf.o
                0x08009e76                HAL_PCD_ResetCallback
 *fill*         0x08009eb2        0x2 
 .text.HAL_PCD_SuspendCallback
                0x08009eb4       0x34 ./USB_DEVICE/Target/usbd_conf.o
                0x08009eb4                HAL_PCD_SuspendCallback
 .text.HAL_PCD_ResumeCallback
                0x08009ee8       0x38 ./USB_DEVICE/Target/usbd_conf.o
                0x08009ee8                HAL_PCD_ResumeCallback
 .text.USBD_LL_Init
                0x08009f20       0xc4 ./USB_DEVICE/Target/usbd_conf.o
                0x08009f20                USBD_LL_Init
 .text.USBD_LL_Start
                0x08009fe4       0x64 ./USB_DEVICE/Target/usbd_conf.o
                0x08009fe4                USBD_LL_Start
 .text.USBD_LL_OpenEP
                0x0800a048       0x7c ./USB_DEVICE/Target/usbd_conf.o
                0x0800a048                USBD_LL_OpenEP
 .text.USBD_LL_CloseEP
                0x0800a0c4       0x6c ./USB_DEVICE/Target/usbd_conf.o
                0x0800a0c4                USBD_LL_CloseEP
 .text.USBD_LL_StallEP
                0x0800a130       0x6c ./USB_DEVICE/Target/usbd_conf.o
                0x0800a130                USBD_LL_StallEP
 .text.USBD_LL_ClearStallEP
                0x0800a19c       0x6c ./USB_DEVICE/Target/usbd_conf.o
                0x0800a19c                USBD_LL_ClearStallEP
 .text.USBD_LL_IsStallEP
                0x0800a208       0x58 ./USB_DEVICE/Target/usbd_conf.o
                0x0800a208                USBD_LL_IsStallEP
 .text.USBD_LL_SetUSBAddress
                0x0800a260       0x6c ./USB_DEVICE/Target/usbd_conf.o
                0x0800a260                USBD_LL_SetUSBAddress
 .text.USBD_LL_Transmit
                0x0800a2cc       0x70 ./USB_DEVICE/Target/usbd_conf.o
                0x0800a2cc                USBD_LL_Transmit
 .text.USBD_LL_PrepareReceive
                0x0800a33c       0x70 ./USB_DEVICE/Target/usbd_conf.o
                0x0800a33c                USBD_LL_PrepareReceive
 .text.USBD_LL_GetRxDataSize
                0x0800a3ac       0x26 ./USB_DEVICE/Target/usbd_conf.o
                0x0800a3ac                USBD_LL_GetRxDataSize
 *fill*         0x0800a3d2        0x2 
 .text.HAL_PCDEx_LPM_Callback
                0x0800a3d4       0x6c ./USB_DEVICE/Target/usbd_conf.o
                0x0800a3d4                HAL_PCDEx_LPM_Callback
 .text.USBD_static_malloc
                0x0800a440       0x1c ./USB_DEVICE/Target/usbd_conf.o
                0x0800a440                USBD_static_malloc
 .text.USBD_static_free
                0x0800a45c       0x14 ./USB_DEVICE/Target/usbd_conf.o
                0x0800a45c                USBD_static_free
 .text.SystemClockConfig_Resume
                0x0800a470        0xc ./USB_DEVICE/Target/usbd_conf.o
 .text.snprintf
                0x0800a47c       0x6c C:/ST/STM32CubeIDE_1.19.0/STM32CubeIDE/plugins/com.st.stm32cube.ide.mcu.externaltools.gnu-tools-for-stm32.13.3.rel1.win32_1.0.0.202411081344/tools/bin/../lib/gcc/arm-none-eabi/13.3.1/../../../../arm-none-eabi/lib/thumb/v7e-m+fp/hard\libc_nano.a(libc_a-snprintf.o)
                0x0800a47c                sniprintf
                0x0800a47c                snprintf
 .text.memset   0x0800a4e8       0x10 C:/ST/STM32CubeIDE_1.19.0/STM32CubeIDE/plugins/com.st.stm32cube.ide.mcu.externaltools.gnu-tools-for-stm32.13.3.rel1.win32_1.0.0.202411081344/tools/bin/../lib/gcc/arm-none-eabi/13.3.1/../../../../arm-none-eabi/lib/thumb/v7e-m+fp/hard\libc_nano.a(libc_a-memset.o)
                0x0800a4e8                memset
 .text.strncpy  0x0800a4f8       0x26 C:/ST/STM32CubeIDE_1.19.0/STM32CubeIDE/plugins/com.st.stm32cube.ide.mcu.externaltools.gnu-tools-for-stm32.13.3.rel1.win32_1.0.0.202411081344/tools/bin/../lib/gcc/arm-none-eabi/13.3.1/../../../../arm-none-eabi/lib/thumb/v7e-m+fp/hard\libc_nano.a(libc_a-strncpy.o)
                0x0800a4f8                strncpy
 *fill*         0x0800a51e        0x2 
 .text.__errno  0x0800a520        0xc C:/ST/STM32CubeIDE_1.19.0/STM32CubeIDE/plugins/com.st.stm32cube.ide.mcu.externaltools.gnu-tools-for-stm32.13.3.rel1.win32_1.0.0.202411081344/tools/bin/../lib/gcc/arm-none-eabi/13.3.1/../../../../arm-none-eabi/lib/thumb/v7e-m+fp/hard\libc_nano.a(libc_a-errno.o)
                0x0800a520                __errno
 .text.__libc_init_array
                0x0800a52c       0x48 C:/ST/STM32CubeIDE_1.19.0/STM32CubeIDE/plugins/com.st.stm32cube.ide.mcu.externaltools.gnu-tools-for-stm32.13.3.rel1.win32_1.0.0.202411081344/tools/bin/../lib/gcc/arm-none-eabi/13.3.1/../../../../arm-none-eabi/lib/thumb/v7e-m+fp/hard\libc_nano.a(libc_a-init.o)
                0x0800a52c                __libc_init_array
 .text.__retarget_lock_acquire_recursive
                0x0800a574        0x2 C:/ST/STM32CubeIDE_1.19.0/STM32CubeIDE/plugins/com.st.stm32cube.ide.mcu.externaltools.gnu-tools-for-stm32.13.3.rel1.win32_1.0.0.202411081344/tools/bin/../lib/gcc/arm-none-eabi/13.3.1/../../../../arm-none-eabi/lib/thumb/v7e-m+fp/hard\libc_nano.a(libc_a-lock.o)
                0x0800a574                __retarget_lock_acquire_recursive
 .text.__retarget_lock_release_recursive
                0x0800a576        0x2 C:/ST/STM32CubeIDE_1.19.0/STM32CubeIDE/plugins/com.st.stm32cube.ide.mcu.externaltools.gnu-tools-for-stm32.13.3.rel1.win32_1.0.0.202411081344/tools/bin/../lib/gcc/arm-none-eabi/13.3.1/../../../../arm-none-eabi/lib/thumb/v7e-m+fp/hard\libc_nano.a(libc_a-lock.o)
                0x0800a576                __retarget_lock_release_recursive
 .text.memcpy   0x0800a578       0x1c C:/ST/STM32CubeIDE_1.19.0/STM32CubeIDE/plugins/com.st.stm32cube.ide.mcu.externaltools.gnu-tools-for-stm32.13.3.rel1.win32_1.0.0.202411081344/tools/bin/../lib/gcc/arm-none-eabi/13.3.1/../../../../arm-none-eabi/lib/thumb/v7e-m+fp/hard\libc_nano.a(libc_a-memcpy-stub.o)
                0x0800a578                memcpy
 .text._free_r  0x0800a594       0x94 C:/ST/STM32CubeIDE_1.19.0/STM32CubeIDE/plugins/com.st.stm32cube.ide.mcu.externaltools.gnu-tools-for-stm32.13.3.rel1.win32_1.0.0.202411081344/tools/bin/../lib/gcc/arm-none-eabi/13.3.1/../../../../arm-none-eabi/lib/thumb/v7e-m+fp/hard\libc_nano.a(libc_a-freer.o)
                0x0800a594                _free_r
 .text.sbrk_aligned
                0x0800a628       0x44 C:/ST/STM32CubeIDE_1.19.0/STM32CubeIDE/plugins/com.st.stm32cube.ide.mcu.externaltools.gnu-tools-for-stm32.13.3.rel1.win32_1.0.0.202411081344/tools/bin/../lib/gcc/arm-none-eabi/13.3.1/../../../../arm-none-eabi/lib/thumb/v7e-m+fp/hard\libc_nano.a(libc_a-mallocr.o)
 .text._malloc_r
                0x0800a66c      0x100 C:/ST/STM32CubeIDE_1.19.0/STM32CubeIDE/plugins/com.st.stm32cube.ide.mcu.externaltools.gnu-tools-for-stm32.13.3.rel1.win32_1.0.0.202411081344/tools/bin/../lib/gcc/arm-none-eabi/13.3.1/../../../../arm-none-eabi/lib/thumb/v7e-m+fp/hard\libc_nano.a(libc_a-mallocr.o)
                0x0800a66c                _malloc_r
 .text.__malloc_lock
                0x0800a76c        0xc C:/ST/STM32CubeIDE_1.19.0/STM32CubeIDE/plugins/com.st.stm32cube.ide.mcu.externaltools.gnu-tools-for-stm32.13.3.rel1.win32_1.0.0.202411081344/tools/bin/../lib/gcc/arm-none-eabi/13.3.1/../../../../arm-none-eabi/lib/thumb/v7e-m+fp/hard\libc_nano.a(libc_a-mlock.o)
                0x0800a76c                __malloc_lock
 .text.__malloc_unlock
                0x0800a778        0xc C:/ST/STM32CubeIDE_1.19.0/STM32CubeIDE/plugins/com.st.stm32cube.ide.mcu.externaltools.gnu-tools-for-stm32.13.3.rel1.win32_1.0.0.202411081344/tools/bin/../lib/gcc/arm-none-eabi/13.3.1/../../../../arm-none-eabi/lib/thumb/v7e-m+fp/hard\libc_nano.a(libc_a-mlock.o)
                0x0800a778                __malloc_unlock
 .text.__ssputs_r
                0x0800a784       0xb6 C:/ST/STM32CubeIDE_1.19.0/STM32CubeIDE/plugins/com.st.stm32cube.ide.mcu.externaltools.gnu-tools-for-stm32.13.3.rel1.win32_1.0.0.202411081344/tools/bin/../lib/gcc/arm-none-eabi/13.3.1/../../../../arm-none-eabi/lib/thumb/v7e-m+fp/hard\libc_nano.a(libc_a-nano-svfprintf.o)
                0x0800a784                __ssputs_r
 *fill*         0x0800a83a        0x2 
 .text._svfprintf_r
                0x0800a83c      0x1f8 C:/ST/STM32CubeIDE_1.19.0/STM32CubeIDE/plugins/com.st.stm32cube.ide.mcu.externaltools.gnu-tools-for-stm32.13.3.rel1.win32_1.0.0.202411081344/tools/bin/../lib/gcc/arm-none-eabi/13.3.1/../../../../arm-none-eabi/lib/thumb/v7e-m+fp/hard\libc_nano.a(libc_a-nano-svfprintf.o)
                0x0800a83c                _svfiprintf_r
                0x0800a83c                _svfprintf_r
 .text._printf_common
                0x0800aa34       0xda C:/ST/STM32CubeIDE_1.19.0/STM32CubeIDE/plugins/com.st.stm32cube.ide.mcu.externaltools.gnu-tools-for-stm32.13.3.rel1.win32_1.0.0.202411081344/tools/bin/../lib/gcc/arm-none-eabi/13.3.1/../../../../arm-none-eabi/lib/thumb/v7e-m+fp/hard\libc_nano.a(libc_a-nano-vfprintf_i.o)
                0x0800aa34                _printf_common
 *fill*         0x0800ab0e        0x2 
 .text._printf_i
                0x0800ab10      0x23c C:/ST/STM32CubeIDE_1.19.0/STM32CubeIDE/plugins/com.st.stm32cube.ide.mcu.externaltools.gnu-tools-for-stm32.13.3.rel1.win32_1.0.0.202411081344/tools/bin/../lib/gcc/arm-none-eabi/13.3.1/../../../../arm-none-eabi/lib/thumb/v7e-m+fp/hard\libc_nano.a(libc_a-nano-vfprintf_i.o)
                0x0800ab10                _printf_i
 .text.memmove  0x0800ad4c       0x34 C:/ST/STM32CubeIDE_1.19.0/STM32CubeIDE/plugins/com.st.stm32cube.ide.mcu.externaltools.gnu-tools-for-stm32.13.3.rel1.win32_1.0.0.202411081344/tools/bin/../lib/gcc/arm-none-eabi/13.3.1/../../../../arm-none-eabi/lib/thumb/v7e-m+fp/hard\libc_nano.a(libc_a-memmove.o)
                0x0800ad4c                memmove
 .text._sbrk_r  0x0800ad80       0x20 C:/ST/STM32CubeIDE_1.19.0/STM32CubeIDE/plugins/com.st.stm32cube.ide.mcu.externaltools.gnu-tools-for-stm32.13.3.rel1.win32_1.0.0.202411081344/tools/bin/../lib/gcc/arm-none-eabi/13.3.1/../../../../arm-none-eabi/lib/thumb/v7e-m+fp/hard\libc_nano.a(libc_a-sbrkr.o)
                0x0800ad80                _sbrk_r
 .text._realloc_r
                0x0800ada0       0x5c C:/ST/STM32CubeIDE_1.19.0/STM32CubeIDE/plugins/com.st.stm32cube.ide.mcu.externaltools.gnu-tools-for-stm32.13.3.rel1.win32_1.0.0.202411081344/tools/bin/../lib/gcc/arm-none-eabi/13.3.1/../../../../arm-none-eabi/lib/thumb/v7e-m+fp/hard\libc_nano.a(libc_a-reallocr.o)
                0x0800ada0                _realloc_r
 .text._malloc_usable_size_r
                0x0800adfc       0x10 C:/ST/STM32CubeIDE_1.19.0/STM32CubeIDE/plugins/com.st.stm32cube.ide.mcu.externaltools.gnu-tools-for-stm32.13.3.rel1.win32_1.0.0.202411081344/tools/bin/../lib/gcc/arm-none-eabi/13.3.1/../../../../arm-none-eabi/lib/thumb/v7e-m+fp/hard\libc_nano.a(libc_a-msizer.o)
                0x0800adfc                _malloc_usable_size_r
 *(.glue_7)
 .glue_7        0x0800ae0c        0x0 linker stubs
 *(.glue_7t)
 .glue_7t       0x0800ae0c        0x0 linker stubs
 *(.eh_frame)
 .eh_frame      0x0800ae0c        0x0 C:/ST/STM32CubeIDE_1.19.0/STM32CubeIDE/plugins/com.st.stm32cube.ide.mcu.externaltools.gnu-tools-for-stm32.13.3.rel1.win32_1.0.0.202411081344/tools/bin/../lib/gcc/arm-none-eabi/13.3.1/thumb/v7e-m+fp/hard/crtbegin.o
 *(.init)
 .init          0x0800ae0c        0x4 C:/ST/STM32CubeIDE_1.19.0/STM32CubeIDE/plugins/com.st.stm32cube.ide.mcu.externaltools.gnu-tools-for-stm32.13.3.rel1.win32_1.0.0.202411081344/tools/bin/../lib/gcc/arm-none-eabi/13.3.1/thumb/v7e-m+fp/hard/crti.o
                0x0800ae0c                _init
 .init          0x0800ae10        0x8 C:/ST/STM32CubeIDE_1.19.0/STM32CubeIDE/plugins/com.st.stm32cube.ide.mcu.externaltools.gnu-tools-for-stm32.13.3.rel1.win32_1.0.0.202411081344/tools/bin/../lib/gcc/arm-none-eabi/13.3.1/thumb/v7e-m+fp/hard/crtn.o
 *(.fini)
 .fini          0x0800ae18        0x4 C:/ST/STM32CubeIDE_1.19.0/STM32CubeIDE/plugins/com.st.stm32cube.ide.mcu.externaltools.gnu-tools-for-stm32.13.3.rel1.win32_1.0.0.202411081344/tools/bin/../lib/gcc/arm-none-eabi/13.3.1/thumb/v7e-m+fp/hard/crti.o
                0x0800ae18                _fini
 .fini          0x0800ae1c        0x8 C:/ST/STM32CubeIDE_1.19.0/STM32CubeIDE/plugins/com.st.stm32cube.ide.mcu.externaltools.gnu-tools-for-stm32.13.3.rel1.win32_1.0.0.202411081344/tools/bin/../lib/gcc/arm-none-eabi/13.3.1/thumb/v7e-m+fp/hard/crtn.o
                0x0800ae24                        . = ALIGN (0x4)
                0x0800ae24                        _etext = .

.vfp11_veneer   0x0800ae24        0x0
 .vfp11_veneer  0x0800ae24        0x0 linker stubs

.v4_bx          0x0800ae24        0x0
 .v4_bx         0x0800ae24        0x0 linker stubs

.iplt           0x0800ae24        0x0
 .iplt          0x0800ae24        0x0 C:/ST/STM32CubeIDE_1.19.0/STM32CubeIDE/plugins/com.st.stm32cube.ide.mcu.externaltools.gnu-tools-for-stm32.13.3.rel1.win32_1.0.0.202411081344/tools/bin/../lib/gcc/arm-none-eabi/13.3.1/thumb/v7e-m+fp/hard/crtbegin.o

.rodata         0x0800ae24      0xcf4
                0x0800ae24                        . = ALIGN (0x4)
 *(.rodata)
 .rodata        0x0800ae24       0x85 ./Core/Src/main.o
 *fill*         0x0800aea9        0x3 
 .rodata        0x0800aeac        0x6 ./Lib/nrf24.o
 *fill*         0x0800aeb2        0x2 
 .rodata        0x0800aeb4       0x46 ./USB_DEVICE/App/usbd_desc.o
 *(.rodata*)
 *fill*         0x0800aefa        0x2 
 .rodata.RF_ADDR
                0x0800aefc        0x5 ./Core/Src/main.o
 *fill*         0x0800af01        0x3 
 .rodata.AHBPrescTable
                0x0800af04       0x10 ./Core/Src/system_stm32l4xx.o
                0x0800af04                AHBPrescTable
 .rodata.MSIRangeTable
                0x0800af14       0x30 ./Core/Src/system_stm32l4xx.o
                0x0800af14                MSIRangeTable
 .rodata.nRF24_RX_PW_PIPE
                0x0800af44        0x6 ./Lib/nrf24.o
 *fill*         0x0800af4a        0x2 
 .rodata.nRF24_ADDR_REGS
                0x0800af4c        0x7 ./Lib/nrf24.o
 *fill*         0x0800af53        0x1 
 .rodata.Font16x15
                0x0800af54      0xb22 ./Lib/ssd1306_fonts.o
 *fill*         0x0800ba76        0x2 
 .rodata.char_width
                0x0800ba78       0x5f ./Lib/ssd1306_fonts.o
 *fill*         0x0800bad7        0x1 
 .rodata.Font_16x15
                0x0800bad8        0xc ./Lib/ssd1306_fonts.o
                0x0800bad8                Font_16x15
 .rodata._svfprintf_r.str1.1
                0x0800bae4       0x33 C:/ST/STM32CubeIDE_1.19.0/STM32CubeIDE/plugins/com.st.stm32cube.ide.mcu.externaltools.gnu-tools-for-stm32.13.3.rel1.win32_1.0.0.202411081344/tools/bin/../lib/gcc/arm-none-eabi/13.3.1/../../../../arm-none-eabi/lib/thumb/v7e-m+fp/hard\libc_nano.a(libc_a-nano-svfprintf.o)
                                 0x11 (size before relaxing)
 .rodata._printf_i.str1.1
                0x0800bb17       0x22 C:/ST/STM32CubeIDE_1.19.0/STM32CubeIDE/plugins/com.st.stm32cube.ide.mcu.externaltools.gnu-tools-for-stm32.13.3.rel1.win32_1.0.0.202411081344/tools/bin/../lib/gcc/arm-none-eabi/13.3.1/../../../../arm-none-eabi/lib/thumb/v7e-m+fp/hard\libc_nano.a(libc_a-nano-vfprintf_i.o)
                0x0800bb3c                        . = ALIGN (0x4)
 *fill*         0x0800bb17        0x1 

.ARM.extab      0x0800bb18        0x0
                0x0800bb18                        . = ALIGN (0x4)
 *(.ARM.extab* .gnu.linkonce.armextab.*)
                0x0800bb18                        . = ALIGN (0x4)

.ARM            0x0800bb18        0x8
                0x0800bb18                        . = ALIGN (0x4)
                0x0800bb18                        __exidx_start = .
 *(.ARM.exidx*)
 .ARM.exidx     0x0800bb18        0x8 C:/ST/STM32CubeIDE_1.19.0/STM32CubeIDE/plugins/com.st.stm32cube.ide.mcu.externaltools.gnu-tools-for-stm32.13.3.rel1.win32_1.0.0.202411081344/tools/bin/../lib/gcc/arm-none-eabi/13.3.1/../../../../arm-none-eabi/lib/thumb/v7e-m+fp/hard\libc_nano.a(libc_a-memchr.o)
                0x0800bb20                        __exidx_end = .
                0x0800bb20                        . = ALIGN (0x4)

.preinit_array  0x0800bb20        0x0
                0x0800bb20                        . = ALIGN (0x4)
                0x0800bb20                        PROVIDE (__preinit_array_start = .)
 *(.preinit_array*)
                0x0800bb20                        PROVIDE (__preinit_array_end = .)
                0x0800bb20                        . = ALIGN (0x4)

.init_array     0x0800bb20        0x4
                0x0800bb20                        . = ALIGN (0x4)
                0x0800bb20                        PROVIDE (__init_array_start = .)
 *(SORT_BY_NAME(.init_array.*))
 *(.init_array*)
 .init_array    0x0800bb20        0x4 C:/ST/STM32CubeIDE_1.19.0/STM32CubeIDE/plugins/com.st.stm32cube.ide.mcu.externaltools.gnu-tools-for-stm32.13.3.rel1.win32_1.0.0.202411081344/tools/bin/../lib/gcc/arm-none-eabi/13.3.1/thumb/v7e-m+fp/hard/crtbegin.o
                0x0800bb24                        PROVIDE (__init_array_end = .)
                0x0800bb24                        . = ALIGN (0x4)

.fini_array     0x0800bb24        0x4
                0x0800bb24                        . = ALIGN (0x4)
                [!provide]                        PROVIDE (__fini_array_start = .)
 *(SORT_BY_NAME(.fini_array.*))
 *(.fini_array*)
 .fini_array    0x0800bb24        0x4 C:/ST/STM32CubeIDE_1.19.0/STM32CubeIDE/plugins/com.st.stm32cube.ide.mcu.externaltools.gnu-tools-for-stm32.13.3.rel1.win32_1.0.0.202411081344/tools/bin/../lib/gcc/arm-none-eabi/13.3.1/thumb/v7e-m+fp/hard/crtbegin.o
                [!provide]                        PROVIDE (__fini_array_end = .)
                0x0800bb28                        . = ALIGN (0x4)
                0x0800bb28                        _sidata = LOADADDR (.data)

.rel.dyn        0x0800bb28        0x0
 .rel.iplt      0x0800bb28        0x0 C:/ST/STM32CubeIDE_1.19.0/STM32CubeIDE/plugins/com.st.stm32cube.ide.mcu.externaltools.gnu-tools-for-stm32.13.3.rel1.win32_1.0.0.202411081344/tools/bin/../lib/gcc/arm-none-eabi/13.3.1/thumb/v7e-m+fp/hard/crtbegin.o

.data           0x20000000      0x160 load address 0x0800bb28
                0x20000000                        . = ALIGN (0x4)
                0x20000000                        _sdata = .
 *(.data)
 *(.data*)
 .data.prevState
                0x20000000        0x1 ./Core/Src/main.o
 *fill*         0x20000001        0x3 
 .data.SystemCoreClock
                0x20000004        0x4 ./Core/Src/system_stm32l4xx.o
                0x20000004                SystemCoreClock
 .data.uwTickPrio
                0x20000008        0x4 ./Drivers/STM32L4xx_HAL_Driver/Src/stm32l4xx_hal.o
                0x20000008                uwTickPrio
 .data.uwTickFreq
                0x2000000c        0x1 ./Drivers/STM32L4xx_HAL_Driver/Src/stm32l4xx_hal.o
                0x2000000c                uwTickFreq
 *fill*         0x2000000d        0x3 
 .data.USBD_CDC_DeviceQualifierDesc
                0x20000010        0xa ./Middlewares/ST/STM32_USB_Device_Library/Class/CDC/Src/usbd_cdc.o
 *fill*         0x2000001a        0x2 
 .data.USBD_CDC
                0x2000001c       0x38 ./Middlewares/ST/STM32_USB_Device_Library/Class/CDC/Src/usbd_cdc.o
                0x2000001c                USBD_CDC
 .data.USBD_CDC_CfgDesc
                0x20000054       0x43 ./Middlewares/ST/STM32_USB_Device_Library/Class/CDC/Src/usbd_cdc.o
 .data.CDCInEpAdd
                0x20000097        0x1 ./Middlewares/ST/STM32_USB_Device_Library/Class/CDC/Src/usbd_cdc.o
 .data.CDCOutEpAdd
                0x20000098        0x1 ./Middlewares/ST/STM32_USB_Device_Library/Class/CDC/Src/usbd_cdc.o
 .data.CDCCmdEpAdd
                0x20000099        0x1 ./Middlewares/ST/STM32_USB_Device_Library/Class/CDC/Src/usbd_cdc.o
 *fill*         0x2000009a        0x2 
 .data.USBD_Interface_fops_FS
                0x2000009c       0x14 ./USB_DEVICE/App/usbd_cdc_if.o
                0x2000009c                USBD_Interface_fops_FS
 .data.FS_Desc  0x200000b0       0x20 ./USB_DEVICE/App/usbd_desc.o
                0x200000b0                FS_Desc
 .data.USBD_FS_DeviceDesc
                0x200000d0       0x12 ./USB_DEVICE/App/usbd_desc.o
                0x200000d0                USBD_FS_DeviceDesc
 *fill*         0x200000e2        0x2 
 .data.USBD_FS_BOSDesc
                0x200000e4        0xc ./USB_DEVICE/App/usbd_desc.o
                0x200000e4                USBD_FS_BOSDesc
 .data.USBD_LangIDDesc
                0x200000f0        0x4 ./USB_DEVICE/App/usbd_desc.o
                0x200000f0                USBD_LangIDDesc
 .data.USBD_StringSerial
                0x200000f4       0x1a ./USB_DEVICE/App/usbd_desc.o
                0x200000f4                USBD_StringSerial
 *fill*         0x2000010e        0x2 
 .data._impure_ptr
                0x20000110        0x4 C:/ST/STM32CubeIDE_1.19.0/STM32CubeIDE/plugins/com.st.stm32cube.ide.mcu.externaltools.gnu-tools-for-stm32.13.3.rel1.win32_1.0.0.202411081344/tools/bin/../lib/gcc/arm-none-eabi/13.3.1/../../../../arm-none-eabi/lib/thumb/v7e-m+fp/hard\libc_nano.a(libc_a-impure.o)
                0x20000110                _impure_ptr
 .data._impure_data
                0x20000114       0x4c C:/ST/STM32CubeIDE_1.19.0/STM32CubeIDE/plugins/com.st.stm32cube.ide.mcu.externaltools.gnu-tools-for-stm32.13.3.rel1.win32_1.0.0.202411081344/tools/bin/../lib/gcc/arm-none-eabi/13.3.1/../../../../arm-none-eabi/lib/thumb/v7e-m+fp/hard\libc_nano.a(libc_a-impure.o)
                0x20000114                _impure_data
 *(.RamFunc)
 *(.RamFunc*)
                0x20000160                        . = ALIGN (0x4)
                0x20000160                        _edata = .

.igot.plt       0x20000160        0x0 load address 0x0800bc88
 .igot.plt      0x20000160        0x0 C:/ST/STM32CubeIDE_1.19.0/STM32CubeIDE/plugins/com.st.stm32cube.ide.mcu.externaltools.gnu-tools-for-stm32.13.3.rel1.win32_1.0.0.202411081344/tools/bin/../lib/gcc/arm-none-eabi/13.3.1/thumb/v7e-m+fp/hard/crtbegin.o
                0x20000160                        . = ALIGN (0x4)

.bss            0x20000160     0x1618 load address 0x0800bc88
                0x20000160                        _sbss = .
                0x20000160                        __bss_start__ = _sbss
 *(.bss)
 .bss           0x20000160       0x1c C:/ST/STM32CubeIDE_1.19.0/STM32CubeIDE/plugins/com.st.stm32cube.ide.mcu.externaltools.gnu-tools-for-stm32.13.3.rel1.win32_1.0.0.202411081344/tools/bin/../lib/gcc/arm-none-eabi/13.3.1/thumb/v7e-m+fp/hard/crtbegin.o
 *(.bss*)
 .bss.hspi3     0x2000017c       0x64 ./Core/Src/main.o
                0x2000017c                hspi3
 .bss.currentState
                0x200001e0        0x1 ./Core/Src/main.o
                0x200001e0                currentState
 *fill*         0x200001e1        0x3 
 .bss.lastLedTick
                0x200001e4        0x4 ./Core/Src/main.o
                0x200001e4                lastLedTick
 .bss.ledTxOffTick
                0x200001e8        0x4 ./Core/Src/main.o
                0x200001e8                ledTxOffTick
 .bss.ledRxOffTick
                0x200001ec        0x4 ./Core/Src/main.o
                0x200001ec                ledRxOffTick
 .bss.usbMsgPending
                0x200001f0        0x1 ./Core/Src/main.o
 *fill*         0x200001f1        0x3 
 .bss.usbMsg    0x200001f4       0x21 ./Core/Src/main.o
 .bss.usbMsgLen
                0x20000215        0x1 ./Core/Src/main.o
 *fill*         0x20000216        0x2 
 .bss.dispLine1
                0x20000218       0x11 ./Core/Src/main.o
 *fill*         0x20000229        0x3 
 .bss.dispLine2
                0x2000022c       0x11 ./Core/Src/main.o
 *fill*         0x2000023d        0x3 
 .bss.lastPress.0
                0x20000240        0x4 ./Core/Src/main.o
 .bss.__sbrk_heap_end
                0x20000244        0x4 ./Core/Src/sysmem.o
 .bss.uwTick    0x20000248        0x4 ./Drivers/STM32L4xx_HAL_Driver/Src/stm32l4xx_hal.o
                0x20000248                uwTick
 .bss.SSD1306_Buffer
                0x2000024c      0x200 ./Lib/ssd1306.o
 .bss.SSD1306   0x2000044c        0x6 ./Lib/ssd1306.o
 .bss.cfgidx.0  0x20000452        0x1 ./Middlewares/ST/STM32_USB_Device_Library/Core/Src/usbd_ctlreq.o
 *fill*         0x20000453        0x1 
 .bss.hUsbDeviceFS
                0x20000454      0x2dc ./USB_DEVICE/App/usb_device.o
                0x20000454                hUsbDeviceFS
 .bss.UserRxBufferFS
                0x20000730      0x400 ./USB_DEVICE/App/usbd_cdc_if.o
                0x20000730                UserRxBufferFS
 .bss.UserTxBufferFS
                0x20000b30      0x400 ./USB_DEVICE/App/usbd_cdc_if.o
                0x20000b30                UserTxBufferFS
 .bss.USBD_StrDesc
                0x20000f30      0x200 ./USB_DEVICE/App/usbd_desc.o
                0x20000f30                USBD_StrDesc
 .bss.hpcd_USB_FS
                0x20001130      0x2e0 ./USB_DEVICE/Target/usbd_conf.o
                0x20001130                hpcd_USB_FS
 .bss.mem.0     0x20001410      0x220 ./USB_DEVICE/Target/usbd_conf.o
 .bss.__sf      0x20001630      0x138 C:/ST/STM32CubeIDE_1.19.0/STM32CubeIDE/plugins/com.st.stm32cube.ide.mcu.externaltools.gnu-tools-for-stm32.13.3.rel1.win32_1.0.0.202411081344/tools/bin/../lib/gcc/arm-none-eabi/13.3.1/../../../../arm-none-eabi/lib/thumb/v7e-m+fp/hard\libc_nano.a(libc_a-findfp.o)
                0x20001630                __sf
 .bss.errno     0x20001768        0x4 C:/ST/STM32CubeIDE_1.19.0/STM32CubeIDE/plugins/com.st.stm32cube.ide.mcu.externaltools.gnu-tools-for-stm32.13.3.rel1.win32_1.0.0.202411081344/tools/bin/../lib/gcc/arm-none-eabi/13.3.1/../../../../arm-none-eabi/lib/thumb/v7e-m+fp/hard\libc_nano.a(libc_a-reent.o)
                0x20001768                errno
 .bss.__lock___malloc_recursive_mutex
                0x2000176c        0x1 C:/ST/STM32CubeIDE_1.19.0/STM32CubeIDE/plugins/com.st.stm32cube.ide.mcu.externaltools.gnu-tools-for-stm32.13.3.rel1.win32_1.0.0.202411081344/tools/bin/../lib/gcc/arm-none-eabi/13.3.1/../../../../arm-none-eabi/lib/thumb/v7e-m+fp/hard\libc_nano.a(libc_a-lock.o)
                0x2000176c                __lock___malloc_recursive_mutex
 *fill*         0x2000176d        0x3 
 .bss.__malloc_sbrk_start
                0x20001770        0x4 C:/ST/STM32CubeIDE_1.19.0/STM32CubeIDE/plugins/com.st.stm32cube.ide.mcu.externaltools.gnu-tools-for-stm32.13.3.rel1.win32_1.0.0.202411081344/tools/bin/../lib/gcc/arm-none-eabi/13.3.1/../../../../arm-none-eabi/lib/thumb/v7e-m+fp/hard\libc_nano.a(libc_a-mallocr.o)
                0x20001770                __malloc_sbrk_start
 .bss.__malloc_free_list
                0x20001774        0x4 C:/ST/STM32CubeIDE_1.19.0/STM32CubeIDE/plugins/com.st.stm32cube.ide.mcu.externaltools.gnu-tools-for-stm32.13.3.rel1.win32_1.0.0.202411081344/tools/bin/../lib/gcc/arm-none-eabi/13.3.1/../../../../arm-none-eabi/lib/thumb/v7e-m+fp/hard\libc_nano.a(libc_a-mallocr.o)
                0x20001774                __malloc_free_list
 *(COMMON)
                0x20001778                        . = ALIGN (0x4)
                0x20001778                        _ebss = .
                0x20001778                        __bss_end__ = _ebss

._user_heap_stack
                0x20001778      0x600 load address 0x0800bc88
                0x20001778                        . = ALIGN (0x8)
                [!provide]                        PROVIDE (end = .)
                0x20001778                        PROVIDE (_end = .)
                0x20001978                        . = (. + _Min_Heap_Size)
 *fill*         0x20001778      0x200 
                0x20001d78                        . = (. + _Min_Stack_Size)
 *fill*         0x20001978      0x400 
                0x20001d78                        . = ALIGN (0x8)

/DISCARD/
 libc.a(*)
 libm.a(*)
 libgcc.a(*)

.ARM.attributes
                0x00000000       0x30
 *(.ARM.attributes)
 .ARM.attributes
                0x00000000       0x22 C:/ST/STM32CubeIDE_1.19.0/STM32CubeIDE/plugins/com.st.stm32cube.ide.mcu.externaltools.gnu-tools-for-stm32.13.3.rel1.win32_1.0.0.202411081344/tools/bin/../lib/gcc/arm-none-eabi/13.3.1/thumb/v7e-m+fp/hard/crti.o
 .ARM.attributes
                0x00000022       0x34 C:/ST/STM32CubeIDE_1.19.0/STM32CubeIDE/plugins/com.st.stm32cube.ide.mcu.externaltools.gnu-tools-for-stm32.13.3.rel1.win32_1.0.0.202411081344/tools/bin/../lib/gcc/arm-none-eabi/13.3.1/thumb/v7e-m+fp/hard/crtbegin.o
 .ARM.attributes
                0x00000056       0x34 ./Core/Src/main.o
 .ARM.attributes
                0x0000008a       0x34 ./Core/Src/stm32l4xx_hal_msp.o
 .ARM.attributes
                0x000000be       0x34 ./Core/Src/stm32l4xx_it.o
 .ARM.attributes
                0x000000f2       0x34 ./Core/Src/sysmem.o
 .ARM.attributes
                0x00000126       0x34 ./Core/Src/system_stm32l4xx.o
 .ARM.attributes
                0x0000015a       0x21 ./Core/Startup/startup_stm32l432kbux.o
 .ARM.attributes
                0x0000017b       0x34 ./Drivers/STM32L4xx_HAL_Driver/Src/stm32l4xx_hal.o
 .ARM.attributes
                0x000001af       0x34 ./Drivers/STM32L4xx_HAL_Driver/Src/stm32l4xx_hal_cortex.o
 .ARM.attributes
                0x000001e3       0x34 ./Drivers/STM32L4xx_HAL_Driver/Src/stm32l4xx_hal_dma.o
 .ARM.attributes
                0x00000217       0x34 ./Drivers/STM32L4xx_HAL_Driver/Src/stm32l4xx_hal_gpio.o
 .ARM.attributes
                0x0000024b       0x34 ./Drivers/STM32L4xx_HAL_Driver/Src/stm32l4xx_hal_pcd.o
 .ARM.attributes
                0x0000027f       0x34 ./Drivers/STM32L4xx_HAL_Driver/Src/stm32l4xx_hal_pcd_ex.o
 .ARM.attributes
                0x000002b3       0x34 ./Drivers/STM32L4xx_HAL_Driver/Src/stm32l4xx_hal_pwr_ex.o
 .ARM.attributes
                0x000002e7       0x34 ./Drivers/STM32L4xx_HAL_Driver/Src/stm32l4xx_hal_rcc.o
 .ARM.attributes
                0x0000031b       0x34 ./Drivers/STM32L4xx_HAL_Driver/Src/stm32l4xx_hal_rcc_ex.o
 .ARM.attributes
                0x0000034f       0x34 ./Drivers/STM32L4xx_HAL_Driver/Src/stm32l4xx_hal_spi.o
 .ARM.attributes
                0x00000383       0x34 ./Drivers/STM32L4xx_HAL_Driver/Src/stm32l4xx_ll_usb.o
 .ARM.attributes
                0x000003b7       0x34 ./Lib/nrf24.o
 .ARM.attributes
                0x000003eb       0x34 ./Lib/ssd1306.o
 .ARM.attributes
                0x0000041f       0x34 ./Lib/ssd1306_fonts.o
 .ARM.attributes
                0x00000453       0x34 ./Middlewares/ST/STM32_USB_Device_Library/Class/CDC/Src/usbd_cdc.o
 .ARM.attributes
                0x00000487       0x34 ./Middlewares/ST/STM32_USB_Device_Library/Core/Src/usbd_core.o
 .ARM.attributes
                0x000004bb       0x34 ./Middlewares/ST/STM32_USB_Device_Library/Core/Src/usbd_ctlreq.o
 .ARM.attributes
                0x000004ef       0x34 ./Middlewares/ST/STM32_USB_Device_Library/Core/Src/usbd_ioreq.o
 .ARM.attributes
                0x00000523       0x34 ./USB_DEVICE/App/usb_device.o
 .ARM.attributes
                0x00000557       0x34 ./USB_DEVICE/App/usbd_cdc_if.o
 .ARM.attributes
                0x0000058b       0x34 ./USB_DEVICE/App/usbd_desc.o
 .ARM.attributes
                0x000005bf       0x34 ./USB_DEVICE/Target/usbd_conf.o
 .ARM.attributes
                0x000005f3       0x34 C:/ST/STM32CubeIDE_1.19.0/STM32CubeIDE/plugins/com.st.stm32cube.ide.mcu.externaltools.gnu-tools-for-stm32.13.3.rel1.win32_1.0.0.202411081344/tools/bin/../lib/gcc/arm-none-eabi/13.3.1/../../../../arm-none-eabi/lib/thumb/v7e-m+fp/hard\libc_nano.a(libc_a-findfp.o)
 .ARM.attributes
                0x00000627       0x34 C:/ST/STM32CubeIDE_1.19.0/STM32CubeIDE/plugins/com.st.stm32cube.ide.mcu.externaltools.gnu-tools-for-stm32.13.3.rel1.win32_1.0.0.202411081344/tools/bin/../lib/gcc/arm-none-eabi/13.3.1/../../../../arm-none-eabi/lib/thumb/v7e-m+fp/hard\libc_nano.a(libc_a-snprintf.o)
 .ARM.attributes
                0x0000065b       0x34 C:/ST/STM32CubeIDE_1.19.0/STM32CubeIDE/plugins/com.st.stm32cube.ide.mcu.externaltools.gnu-tools-for-stm32.13.3.rel1.win32_1.0.0.202411081344/tools/bin/../lib/gcc/arm-none-eabi/13.3.1/../../../../arm-none-eabi/lib/thumb/v7e-m+fp/hard\libc_nano.a(libc_a-memset.o)
 .ARM.attributes
                0x0000068f       0x34 C:/ST/STM32CubeIDE_1.19.0/STM32CubeIDE/plugins/com.st.stm32cube.ide.mcu.externaltools.gnu-tools-for-stm32.13.3.rel1.win32_1.0.0.202411081344/tools/bin/../lib/gcc/arm-none-eabi/13.3.1/../../../../arm-none-eabi/lib/thumb/v7e-m+fp/hard\libc_nano.a(libc_a-strncpy.o)
 .ARM.attributes
                0x000006c3       0x34 C:/ST/STM32CubeIDE_1.19.0/STM32CubeIDE/plugins/com.st.stm32cube.ide.mcu.externaltools.gnu-tools-for-stm32.13.3.rel1.win32_1.0.0.202411081344/tools/bin/../lib/gcc/arm-none-eabi/13.3.1/../../../../arm-none-eabi/lib/thumb/v7e-m+fp/hard\libc_nano.a(libc_a-reent.o)
 .ARM.attributes
                0x000006f7       0x34 C:/ST/STM32CubeIDE_1.19.0/STM32CubeIDE/plugins/com.st.stm32cube.ide.mcu.externaltools.gnu-tools-for-stm32.13.3.rel1.win32_1.0.0.202411081344/tools/bin/../lib/gcc/arm-none-eabi/13.3.1/../../../../arm-none-eabi/lib/thumb/v7e-m+fp/hard\libc_nano.a(libc_a-impure.o)
 .ARM.attributes
                0x0000072b       0x34 C:/ST/STM32CubeIDE_1.19.0/STM32CubeIDE/plugins/com.st.stm32cube.ide.mcu.externaltools.gnu-tools-for-stm32.13.3.rel1.win32_1.0.0.202411081344/tools/bin/../lib/gcc/arm-none-eabi/13.3.1/../../../../arm-none-eabi/lib/thumb/v7e-m+fp/hard\libc_nano.a(libc_a-errno.o)
 .ARM.attributes
                0x0000075f       0x34 C:/ST/STM32CubeIDE_1.19.0/STM32CubeIDE/plugins/com.st.stm32cube.ide.mcu.externaltools.gnu-tools-for-stm32.13.3.rel1.win32_1.0.0.202411081344/tools/bin/../lib/gcc/arm-none-eabi/13.3.1/../../../../arm-none-eabi/lib/thumb/v7e-m+fp/hard\libc_nano.a(libc_a-init.o)
 .ARM.attributes
                0x00000793       0x34 C:/ST/STM32CubeIDE_1.19.0/STM32CubeIDE/plugins/com.st.stm32cube.ide.mcu.externaltools.gnu-tools-for-stm32.13.3.rel1.win32_1.0.0.202411081344/tools/bin/../lib/gcc/arm-none-eabi/13.3.1/../../../../arm-none-eabi/lib/thumb/v7e-m+fp/hard\libc_nano.a(libc_a-lock.o)
 .ARM.attributes
                0x000007c7       0x34 C:/ST/STM32CubeIDE_1.19.0/STM32CubeIDE/plugins/com.st.stm32cube.ide.mcu.externaltools.gnu-tools-for-stm32.13.3.rel1.win32_1.0.0.202411081344/tools/bin/../lib/gcc/arm-none-eabi/13.3.1/../../../../arm-none-eabi/lib/thumb/v7e-m+fp/hard\libc_nano.a(libc_a-memcpy-stub.o)
 .ARM.attributes
                0x000007fb       0x34 C:/ST/STM32CubeIDE_1.19.0/STM32CubeIDE/plugins/com.st.stm32cube.ide.mcu.externaltools.gnu-tools-for-stm32.13.3.rel1.win32_1.0.0.202411081344/tools/bin/../lib/gcc/arm-none-eabi/13.3.1/../../../../arm-none-eabi/lib/thumb/v7e-m+fp/hard\libc_nano.a(libc_a-freer.o)
 .ARM.attributes
                0x0000082f       0x34 C:/ST/STM32CubeIDE_1.19.0/STM32CubeIDE/plugins/com.st.stm32cube.ide.mcu.externaltools.gnu-tools-for-stm32.13.3.rel1.win32_1.0.0.202411081344/tools/bin/../lib/gcc/arm-none-eabi/13.3.1/../../../../arm-none-eabi/lib/thumb/v7e-m+fp/hard\libc_nano.a(libc_a-mallocr.o)
 .ARM.attributes
                0x00000863       0x34 C:/ST/STM32CubeIDE_1.19.0/STM32CubeIDE/plugins/com.st.stm32cube.ide.mcu.externaltools.gnu-tools-for-stm32.13.3.rel1.win32_1.0.0.202411081344/tools/bin/../lib/gcc/arm-none-eabi/13.3.1/../../../../arm-none-eabi/lib/thumb/v7e-m+fp/hard\libc_nano.a(libc_a-mlock.o)
 .ARM.attributes
                0x00000897       0x34 C:/ST/STM32CubeIDE_1.19.0/STM32CubeIDE/plugins/com.st.stm32cube.ide.mcu.externaltools.gnu-tools-for-stm32.13.3.rel1.win32_1.0.0.202411081344/tools/bin/../lib/gcc/arm-none-eabi/13.3.1/../../../../arm-none-eabi/lib/thumb/v7e-m+fp/hard\libc_nano.a(libc_a-nano-svfprintf.o)
 .ARM.attributes
                0x000008cb       0x34 C:/ST/STM32CubeIDE_1.19.0/STM32CubeIDE/plugins/com.st.stm32cube.ide.mcu.externaltools.gnu-tools-for-stm32.13.3.rel1.win32_1.0.0.202411081344/tools/bin/../lib/gcc/arm-none-eabi/13.3.1/../../../../arm-none-eabi/lib/thumb/v7e-m+fp/hard\libc_nano.a(libc_a-nano-vfprintf_i.o)
 .ARM.attributes
                0x000008ff       0x34 C:/ST/STM32CubeIDE_1.19.0/STM32CubeIDE/plugins/com.st.stm32cube.ide.mcu.externaltools.gnu-tools-for-stm32.13.3.rel1.win32_1.0.0.202411081344/tools/bin/../lib/gcc/arm-none-eabi/13.3.1/../../../../arm-none-eabi/lib/thumb/v7e-m+fp/hard\libc_nano.a(libc_a-memmove.o)
 .ARM.attributes
                0x00000933       0x34 C:/ST/STM32CubeIDE_1.19.0/STM32CubeIDE/plugins/com.st.stm32cube.ide.mcu.externaltools.gnu-tools-for-stm32.13.3.rel1.win32_1.0.0.202411081344/tools/bin/../lib/gcc/arm-none-eabi/13.3.1/../../../../arm-none-eabi/lib/thumb/v7e-m+fp/hard\libc_nano.a(libc_a-sbrkr.o)
 .ARM.attributes
                0x00000967       0x1c C:/ST/STM32CubeIDE_1.19.0/STM32CubeIDE/plugins/com.st.stm32cube.ide.mcu.externaltools.gnu-tools-for-stm32.13.3.rel1.win32_1.0.0.202411081344/tools/bin/../lib/gcc/arm-none-eabi/13.3.1/../../../../arm-none-eabi/lib/thumb/v7e-m+fp/hard\libc_nano.a(libc_a-memchr.o)
 .ARM.attributes
                0x00000983       0x34 C:/ST/STM32CubeIDE_1.19.0/STM32CubeIDE/plugins/com.st.stm32cube.ide.mcu.externaltools.gnu-tools-for-stm32.13.3.rel1.win32_1.0.0.202411081344/tools/bin/../lib/gcc/arm-none-eabi/13.3.1/../../../../arm-none-eabi/lib/thumb/v7e-m+fp/hard\libc_nano.a(libc_a-reallocr.o)
 .ARM.attributes
                0x000009b7       0x34 C:/ST/STM32CubeIDE_1.19.0/STM32CubeIDE/plugins/com.st.stm32cube.ide.mcu.externaltools.gnu-tools-for-stm32.13.3.rel1.win32_1.0.0.202411081344/tools/bin/../lib/gcc/arm-none-eabi/13.3.1/../../../../arm-none-eabi/lib/thumb/v7e-m+fp/hard\libc_nano.a(libc_a-msizer.o)
 .ARM.attributes
                0x000009eb       0x22 C:/ST/STM32CubeIDE_1.19.0/STM32CubeIDE/plugins/com.st.stm32cube.ide.mcu.externaltools.gnu-tools-for-stm32.13.3.rel1.win32_1.0.0.202411081344/tools/bin/../lib/gcc/arm-none-eabi/13.3.1/thumb/v7e-m+fp/hard/crtn.o
OUTPUT(RF-to-USB.elf elf32-littlearm)
LOAD linker stubs
LOAD C:/ST/STM32CubeIDE_1.19.0/STM32CubeIDE/plugins/com.st.stm32cube.ide.mcu.externaltools.gnu-tools-for-stm32.13.3.rel1.win32_1.0.0.202411081344/tools/bin/../lib/gcc/arm-none-eabi/13.3.1/../../../../arm-none-eabi/lib/thumb/v7e-m+fp/hard\libc.a
LOAD C:/ST/STM32CubeIDE_1.19.0/STM32CubeIDE/plugins/com.st.stm32cube.ide.mcu.externaltools.gnu-tools-for-stm32.13.3.rel1.win32_1.0.0.202411081344/tools/bin/../lib/gcc/arm-none-eabi/13.3.1/../../../../arm-none-eabi/lib/thumb/v7e-m+fp/hard\libm.a
LOAD C:/ST/STM32CubeIDE_1.19.0/STM32CubeIDE/plugins/com.st.stm32cube.ide.mcu.externaltools.gnu-tools-for-stm32.13.3.rel1.win32_1.0.0.202411081344/tools/bin/../lib/gcc/arm-none-eabi/13.3.1/thumb/v7e-m+fp/hard\libgcc.a

.debug_info     0x00000000    0x15b62
 .debug_info    0x00000000     0x1b90 ./Core/Src/main.o
 .debug_info    0x00001b90      0xb81 ./Core/Src/stm32l4xx_hal_msp.o
 .debug_info    0x00002711      0xb5e ./Core/Src/stm32l4xx_it.o
 .debug_info    0x0000326f      0x168 ./Core/Src/sysmem.o
 .debug_info    0x000033d7      0x5f0 ./Core/Src/system_stm32l4xx.o
 .debug_info    0x000039c7       0x30 ./Core/Startup/startup_stm32l432kbux.o
 .debug_info    0x000039f7      0x9e0 ./Drivers/STM32L4xx_HAL_Driver/Src/stm32l4xx_hal.o
 .debug_info    0x000043d7      0xd2f ./Drivers/STM32L4xx_HAL_Driver/Src/stm32l4xx_hal_cortex.o
 .debug_info    0x00005106      0x71a ./Drivers/STM32L4xx_HAL_Driver/Src/stm32l4xx_hal_dma.o
 .debug_info    0x00005820      0x79f ./Drivers/STM32L4xx_HAL_Driver/Src/stm32l4xx_hal_gpio.o
 .debug_info    0x00005fbf     0x1727 ./Drivers/STM32L4xx_HAL_Driver/Src/stm32l4xx_hal_pcd.o
 .debug_info    0x000076e6      0x861 ./Drivers/STM32L4xx_HAL_Driver/Src/stm32l4xx_hal_pcd_ex.o
 .debug_info    0x00007f47      0x94c ./Drivers/STM32L4xx_HAL_Driver/Src/stm32l4xx_hal_pwr_ex.o
 .debug_info    0x00008893      0xbf4 ./Drivers/STM32L4xx_HAL_Driver/Src/stm32l4xx_hal_rcc.o
 .debug_info    0x00009487      0xf2c ./Drivers/STM32L4xx_HAL_Driver/Src/stm32l4xx_hal_rcc_ex.o
 .debug_info    0x0000a3b3     0x1572 ./Drivers/STM32L4xx_HAL_Driver/Src/stm32l4xx_hal_spi.o
 .debug_info    0x0000b925     0x1716 ./Drivers/STM32L4xx_HAL_Driver/Src/stm32l4xx_ll_usb.o
 .debug_info    0x0000d03b      0xf23 ./Lib/nrf24.o
 .debug_info    0x0000df5e     0x1332 ./Lib/ssd1306.o
 .debug_info    0x0000f290      0x1d5 ./Lib/ssd1306_fonts.o
 .debug_info    0x0000f465     0x1322 ./Middlewares/ST/STM32_USB_Device_Library/Class/CDC/Src/usbd_cdc.o
 .debug_info    0x00010787      0xe4b ./Middlewares/ST/STM32_USB_Device_Library/Core/Src/usbd_core.o
 .debug_info    0x000115d2      0xb24 ./Middlewares/ST/STM32_USB_Device_Library/Core/Src/usbd_ctlreq.o
 .debug_info    0x000120f6      0x79b ./Middlewares/ST/STM32_USB_Device_Library/Core/Src/usbd_ioreq.o
 .debug_info    0x00012891      0x747 ./USB_DEVICE/App/usb_device.o
 .debug_info    0x00012fd8      0x958 ./USB_DEVICE/App/usbd_cdc_if.o
 .debug_info    0x00013930      0x4e6 ./USB_DEVICE/App/usbd_desc.o
 .debug_info    0x00013e16     0x1d4c ./USB_DEVICE/Target/usbd_conf.o

.debug_abbrev   0x00000000     0x3deb
 .debug_abbrev  0x00000000      0x3b0 ./Core/Src/main.o
 .debug_abbrev  0x000003b0      0x1b2 ./Core/Src/stm32l4xx_hal_msp.o
 .debug_abbrev  0x00000562      0x1e5 ./Core/Src/stm32l4xx_it.o
 .debug_abbrev  0x00000747       0xbc ./Core/Src/sysmem.o
 .debug_abbrev  0x00000803      0x117 ./Core/Src/system_stm32l4xx.o
 .debug_abbrev  0x0000091a       0x24 ./Core/Startup/startup_stm32l432kbux.o
 .debug_abbrev  0x0000093e      0x226 ./Drivers/STM32L4xx_HAL_Driver/Src/stm32l4xx_hal.o
 .debug_abbrev  0x00000b64      0x31c ./Drivers/STM32L4xx_HAL_Driver/Src/stm32l4xx_hal_cortex.o
 .debug_abbrev  0x00000e80      0x1fd ./Drivers/STM32L4xx_HAL_Driver/Src/stm32l4xx_hal_dma.o
 .debug_abbrev  0x0000107d      0x1d1 ./Drivers/STM32L4xx_HAL_Driver/Src/stm32l4xx_hal_gpio.o
 .debug_abbrev  0x0000124e      0x2f9 ./Drivers/STM32L4xx_HAL_Driver/Src/stm32l4xx_hal_pcd.o
 .debug_abbrev  0x00001547      0x200 ./Drivers/STM32L4xx_HAL_Driver/Src/stm32l4xx_hal_pcd_ex.o
 .debug_abbrev  0x00001747      0x1f9 ./Drivers/STM32L4xx_HAL_Driver/Src/stm32l4xx_hal_pwr_ex.o
 .debug_abbrev  0x00001940      0x2dc ./Drivers/STM32L4xx_HAL_Driver/Src/stm32l4xx_hal_rcc.o
 .debug_abbrev  0x00001c1c      0x2a0 ./Drivers/STM32L4xx_HAL_Driver/Src/stm32l4xx_hal_rcc_ex.o
 .debug_abbrev  0x00001ebc      0x282 ./Drivers/STM32L4xx_HAL_Driver/Src/stm32l4xx_hal_spi.o
 .debug_abbrev  0x0000213e      0x1ef ./Drivers/STM32L4xx_HAL_Driver/Src/stm32l4xx_ll_usb.o
 .debug_abbrev  0x0000232d      0x36a ./Lib/nrf24.o
 .debug_abbrev  0x00002697      0x347 ./Lib/ssd1306.o
 .debug_abbrev  0x000029de       0xcd ./Lib/ssd1306_fonts.o
 .debug_abbrev  0x00002aab      0x2db ./Middlewares/ST/STM32_USB_Device_Library/Class/CDC/Src/usbd_cdc.o
 .debug_abbrev  0x00002d86      0x294 ./Middlewares/ST/STM32_USB_Device_Library/Core/Src/usbd_core.o
 .debug_abbrev  0x0000301a      0x276 ./Middlewares/ST/STM32_USB_Device_Library/Core/Src/usbd_ctlreq.o
 .debug_abbrev  0x00003290      0x1b2 ./Middlewares/ST/STM32_USB_Device_Library/Core/Src/usbd_ioreq.o
 .debug_abbrev  0x00003442      0x1ad ./USB_DEVICE/App/usb_device.o
 .debug_abbrev  0x000035ef      0x2ca ./USB_DEVICE/App/usbd_cdc_if.o
 .debug_abbrev  0x000038b9      0x1fb ./USB_DEVICE/App/usbd_desc.o
 .debug_abbrev  0x00003ab4      0x337 ./USB_DEVICE/Target/usbd_conf.o

.debug_aranges  0x00000000     0x1258
 .debug_aranges
                0x00000000       0x80 ./Core/Src/main.o
 .debug_aranges
                0x00000080       0x30 ./Core/Src/stm32l4xx_hal_msp.o
 .debug_aranges
                0x000000b0       0x88 ./Core/Src/stm32l4xx_it.o
 .debug_aranges
                0x00000138       0x20 ./Core/Src/sysmem.o
 .debug_aranges
                0x00000158       0x28 ./Core/Src/system_stm32l4xx.o
 .debug_aranges
                0x00000180       0x28 ./Core/Startup/startup_stm32l432kbux.o
 .debug_aranges
                0x000001a8      0x108 ./Drivers/STM32L4xx_HAL_Driver/Src/stm32l4xx_hal.o
 .debug_aranges
                0x000002b0      0x128 ./Drivers/STM32L4xx_HAL_Driver/Src/stm32l4xx_hal_cortex.o
 .debug_aranges
                0x000003d8       0x80 ./Drivers/STM32L4xx_HAL_Driver/Src/stm32l4xx_hal_dma.o
 .debug_aranges
                0x00000458       0x58 ./Drivers/STM32L4xx_HAL_Driver/Src/stm32l4xx_hal_gpio.o
 .debug_aranges
                0x000004b0      0x138 ./Drivers/STM32L4xx_HAL_Driver/Src/stm32l4xx_hal_pcd.o
 .debug_aranges
                0x000005e8       0x58 ./Drivers/STM32L4xx_HAL_Driver/Src/stm32l4xx_hal_pcd_ex.o
 .debug_aranges
                0x00000640      0x128 ./Drivers/STM32L4xx_HAL_Driver/Src/stm32l4xx_hal_pwr_ex.o
 .debug_aranges
                0x00000768       0x90 ./Drivers/STM32L4xx_HAL_Driver/Src/stm32l4xx_hal_rcc.o
 .debug_aranges
                0x000007f8       0xf0 ./Drivers/STM32L4xx_HAL_Driver/Src/stm32l4xx_hal_rcc_ex.o
 .debug_aranges
                0x000008e8      0x1d8 ./Drivers/STM32L4xx_HAL_Driver/Src/stm32l4xx_hal_spi.o
 .debug_aranges
                0x00000ac0       0xf8 ./Drivers/STM32L4xx_HAL_Driver/Src/stm32l4xx_ll_usb.o
 .debug_aranges
                0x00000bb8      0x170 ./Lib/nrf24.o
 .debug_aranges
                0x00000d28       0xe8 ./Lib/ssd1306.o
 .debug_aranges
                0x00000e10       0x18 ./Lib/ssd1306_fonts.o
 .debug_aranges
                0x00000e28       0x90 ./Middlewares/ST/STM32_USB_Device_Library/Class/CDC/Src/usbd_cdc.o
 .debug_aranges
                0x00000eb8       0xd8 ./Middlewares/ST/STM32_USB_Device_Library/Core/Src/usbd_core.o
 .debug_aranges
                0x00000f90       0x90 ./Middlewares/ST/STM32_USB_Device_Library/Core/Src/usbd_ctlreq.o
 .debug_aranges
                0x00001020       0x50 ./Middlewares/ST/STM32_USB_Device_Library/Core/Src/usbd_ioreq.o
 .debug_aranges
                0x00001070       0x20 ./USB_DEVICE/App/usb_device.o
 .debug_aranges
                0x00001090       0x48 ./USB_DEVICE/App/usbd_cdc_if.o
 .debug_aranges
                0x000010d8       0x68 ./USB_DEVICE/App/usbd_desc.o
 .debug_aranges
                0x00001140      0x118 ./USB_DEVICE/Target/usbd_conf.o

.debug_rnglists
                0x00000000      0xdb3
 .debug_rnglists
                0x00000000       0x6f ./Core/Src/main.o
 .debug_rnglists
                0x0000006f       0x20 ./Core/Src/stm32l4xx_hal_msp.o
 .debug_rnglists
                0x0000008f       0x61 ./Core/Src/stm32l4xx_it.o
 .debug_rnglists
                0x000000f0       0x13 ./Core/Src/sysmem.o
 .debug_rnglists
                0x00000103       0x1a ./Core/Src/system_stm32l4xx.o
 .debug_rnglists
                0x0000011d       0x19 ./Core/Startup/startup_stm32l432kbux.o
 .debug_rnglists
                0x00000136       0xc1 ./Drivers/STM32L4xx_HAL_Driver/Src/stm32l4xx_hal.o
 .debug_rnglists
                0x000001f7       0xda ./Drivers/STM32L4xx_HAL_Driver/Src/stm32l4xx_hal_cortex.o
 .debug_rnglists
                0x000002d1       0x65 ./Drivers/STM32L4xx_HAL_Driver/Src/stm32l4xx_hal_dma.o
 .debug_rnglists
                0x00000336       0x3f ./Drivers/STM32L4xx_HAL_Driver/Src/stm32l4xx_hal_gpio.o
 .debug_rnglists
                0x00000375       0xee ./Drivers/STM32L4xx_HAL_Driver/Src/stm32l4xx_hal_pcd.o
 .debug_rnglists
                0x00000463       0x3f ./Drivers/STM32L4xx_HAL_Driver/Src/stm32l4xx_hal_pcd_ex.o
 .debug_rnglists
                0x000004a2       0xdf ./Drivers/STM32L4xx_HAL_Driver/Src/stm32l4xx_hal_pwr_ex.o
 .debug_rnglists
                0x00000581       0x6d ./Drivers/STM32L4xx_HAL_Driver/Src/stm32l4xx_hal_rcc.o
 .debug_rnglists
                0x000005ee       0xba ./Drivers/STM32L4xx_HAL_Driver/Src/stm32l4xx_hal_rcc_ex.o
 .debug_rnglists
                0x000006a8      0x178 ./Drivers/STM32L4xx_HAL_Driver/Src/stm32l4xx_hal_spi.o
 .debug_rnglists
                0x00000820       0xbd ./Drivers/STM32L4xx_HAL_Driver/Src/stm32l4xx_ll_usb.o
 .debug_rnglists
                0x000008dd      0x113 ./Lib/nrf24.o
 .debug_rnglists
                0x000009f0       0xb4 ./Lib/ssd1306.o
 .debug_rnglists
                0x00000aa4       0x6c ./Middlewares/ST/STM32_USB_Device_Library/Class/CDC/Src/usbd_cdc.o
 .debug_rnglists
                0x00000b10       0xa1 ./Middlewares/ST/STM32_USB_Device_Library/Core/Src/usbd_core.o
 .debug_rnglists
                0x00000bb1       0x6e ./Middlewares/ST/STM32_USB_Device_Library/Core/Src/usbd_ctlreq.o
 .debug_rnglists
                0x00000c1f       0x37 ./Middlewares/ST/STM32_USB_Device_Library/Core/Src/usbd_ioreq.o
 .debug_rnglists
                0x00000c56       0x13 ./USB_DEVICE/App/usb_device.o
 .debug_rnglists
                0x00000c69       0x32 ./USB_DEVICE/App/usbd_cdc_if.o
 .debug_rnglists
                0x00000c9b       0x49 ./USB_DEVICE/App/usbd_desc.o
 .debug_rnglists
                0x00000ce4       0xcf ./USB_DEVICE/Target/usbd_conf.o

.debug_macro    0x00000000    0x237c4
 .debug_macro   0x00000000      0x3f5 ./Core/Src/main.o
 .debug_macro   0x000003f5      0xad8 ./Core/Src/main.o
 .debug_macro   0x00000ecd      0x1a7 ./Core/Src/main.o
 .debug_macro   0x00001074       0x2e ./Core/Src/main.o
 .debug_macro   0x000010a2       0x28 ./Core/Src/main.o
 .debug_macro   0x000010ca       0x22 ./Core/Src/main.o
 .debug_macro   0x000010ec       0x8e ./Core/Src/main.o
 .debug_macro   0x0000117a       0x51 ./Core/Src/main.o
 .debug_macro   0x000011cb      0x103 ./Core/Src/main.o
 .debug_macro   0x000012ce       0x6a ./Core/Src/main.o
 .debug_macro   0x00001338      0x1df ./Core/Src/main.o
 .debug_macro   0x00001517       0x1c ./Core/Src/main.o
 .debug_macro   0x00001533       0x22 ./Core/Src/main.o
 .debug_macro   0x00001555       0xfb ./Core/Src/main.o
 .debug_macro   0x00001650     0x1011 ./Core/Src/main.o
 .debug_macro   0x00002661      0x11f ./Core/Src/main.o
 .debug_macro   0x00002780    0x147a6 ./Core/Src/main.o
 .debug_macro   0x00016f26       0x6d ./Core/Src/main.o
 .debug_macro   0x00016f93     0x38fb ./Core/Src/main.o
 .debug_macro   0x0001a88e      0x190 ./Core/Src/main.o
 .debug_macro   0x0001aa1e       0x5c ./Core/Src/main.o
 .debug_macro   0x0001aa7a     0x11ca ./Core/Src/main.o
 .debug_macro   0x0001bc44      0x53c ./Core/Src/main.o
 .debug_macro   0x0001c180      0x1b9 ./Core/Src/main.o
 .debug_macro   0x0001c339      0x122 ./Core/Src/main.o
 .debug_macro   0x0001c45b      0x2c4 ./Core/Src/main.o
 .debug_macro   0x0001c71f      0x27a ./Core/Src/main.o