Archive member included to satisfy reference by file (symbol)

C:/ST/STM32CubeIDE_1.19.0/STM32CubeIDE/plugins/com.st.stm32cube.ide.mcu.externaltools.gnu-tools-for-stm32.13.3.rel1.win32_1.0.0.202411081344/tools/bin/../lib/gcc/arm-none-eabi/13.3.1/../../../../arm-none-eabi/lib/thumb/v7e-m+fp/hard\libc_nano.a(libc_a-exit.o)
                              C:/ST/STM32CubeIDE_1.19.0/STM32CubeIDE/plugins/com.st.stm32cube.ide.mcu.externaltools.gnu-tools-for-stm32.13.3.rel1.win32_1.0.0.202411081344/tools/bin/../lib/gcc/arm-none-eabi/13.3.1/../../../../arm-none-eabi/lib/thumb/v7e-m+fp/hard/crt0.o (exit)
C:/ST/STM32CubeIDE_1.19.0/STM32CubeIDE/plugins/com.st.stm32cube.ide.mcu.externaltools.gnu-tools-for-stm32.13.3.rel1.win32_1.0.0.202411081344/tools/bin/../lib/gcc/arm-none-eabi/13.3.1/../../../../arm-none-eabi/lib/thumb/v7e-m+fp/hard\libc_nano.a(libc_a-findfp.o)
                              C:/ST/STM32CubeIDE_1.19.0/STM32CubeIDE/plugins/com.st.stm32cube.ide.mcu.externaltools.gnu-tools-for-stm32.13.3.rel1.win32_1.0.0.202411081344/tools/bin/../lib/gcc/arm-none-eabi/13.3.1/../../../../arm-none-eabi/lib/thumb/v7e-m+fp/hard\libc_nano.a(libc_a-exit.o) (__stdio_exit_handler)
C:/ST/STM32CubeIDE_1.19.0/STM32CubeIDE/plugins/com.st.stm32cube.ide.mcu.externaltools.gnu-tools-for-stm32.13.3.rel1.win32_1.0.0.202411081344/tools/bin/../lib/gcc/arm-none-eabi/13.3.1/../../../../arm-none-eabi/lib/thumb/v7e-m+fp/hard\libc_nano.a(libc_a-fwalk.o)
                              C:/ST/STM32CubeIDE_1.19.0/STM32CubeIDE/plugins/com.st.stm32cube.ide.mcu.externaltools.gnu-tools-for-stm32.13.3.rel1.win32_1.0.0.202411081344/tools/bin/../lib/gcc/arm-none-eabi/13.3.1/../../../../arm-none-eabi/lib/thumb/v7e-m+fp/hard\libc_nano.a(libc_a-findfp.o) (_fwalk_sglue)
C:/ST/STM32CubeIDE_1.19.0/STM32CubeIDE/plugins/com.st.stm32cube.ide.mcu.externaltools.gnu-tools-for-stm32.13.3.rel1.win32_1.0.0.202411081344/tools/bin/../lib/gcc/arm-none-eabi/13.3.1/../../../../arm-none-eabi/lib/thumb/v7e-m+fp/hard\libc_nano.a(libc_a-stdio.o)
                              C:/ST/STM32CubeIDE_1.19.0/STM32CubeIDE/plugins/com.st.stm32cube.ide.mcu.externaltools.gnu-tools-for-stm32.13.3.rel1.win32_1.0.0.202411081344/tools/bin/../lib/gcc/arm-none-eabi/13.3.1/../../../../arm-none-eabi/lib/thumb/v7e-m+fp/hard\libc_nano.a(libc_a-findfp.o) (__sread)
C:/ST/STM32CubeIDE_1.19.0/STM32CubeIDE/plugins/com.st.stm32cube.ide.mcu.externaltools.gnu-tools-for-stm32.13.3.rel1.win32_1.0.0.202411081344/tools/bin/../lib/gcc/arm-none-eabi/13.3.1/../../../../arm-none-eabi/lib/thumb/v7e-m+fp/hard\libc_nano.a(libc_a-memset.o)
                              C:/ST/STM32CubeIDE_1.19.0/STM32CubeIDE/plugins/com.st.stm32cube.ide.mcu.externaltools.gnu-tools-for-stm32.13.3.rel1.win32_1.0.0.202411081344/tools/bin/../lib/gcc/arm-none-eabi/13.3.1/../../../../arm-none-eabi/lib/thumb/v7e-m+fp/hard/crt0.o (memset)
C:/ST/STM32CubeIDE_1.19.0/STM32CubeIDE/plugins/com.st.stm32cube.ide.mcu.externaltools.gnu-tools-for-stm32.13.3.rel1.win32_1.0.0.202411081344/tools/bin/../lib/gcc/arm-none-eabi/13.3.1/../../../../arm-none-eabi/lib/thumb/v7e-m+fp/hard\libc_nano.a(libc_a-strncpy.o)
                              ./Core/Src/main.o (strncpy)
C:/ST/STM32CubeIDE_1.19.0/STM32CubeIDE/plugins/com.st.stm32cube.ide.mcu.externaltools.gnu-tools-for-stm32.13.3.rel1.win32_1.0.0.202411081344/tools/bin/../lib/gcc/arm-none-eabi/13.3.1/../../../../arm-none-eabi/lib/thumb/v7e-m+fp/hard\libc_nano.a(libc_a-closer.o)
                              C:/ST/STM32CubeIDE_1.19.0/STM32CubeIDE/plugins/com.st.stm32cube.ide.mcu.externaltools.gnu-tools-for-stm32.13.3.rel1.win32_1.0.0.202411081344/tools/bin/../lib/gcc/arm-none-eabi/13.3.1/../../../../arm-none-eabi/lib/thumb/v7e-m+fp/hard\libc_nano.a(libc_a-stdio.o) (_close_r)
C:/ST/STM32CubeIDE_1.19.0/STM32CubeIDE/plugins/com.st.stm32cube.ide.mcu.externaltools.gnu-tools-for-stm32.13.3.rel1.win32_1.0.0.202411081344/tools/bin/../lib/gcc/arm-none-eabi/13.3.1/../../../../arm-none-eabi/lib/thumb/v7e-m+fp/hard\libc_nano.a(libc_a-reent.o)
                              C:/ST/STM32CubeIDE_1.19.0/STM32CubeIDE/plugins/com.st.stm32cube.ide.mcu.externaltools.gnu-tools-for-stm32.13.3.rel1.win32_1.0.0.202411081344/tools/bin/../lib/gcc/arm-none-eabi/13.3.1/../../../../arm-none-eabi/lib/thumb/v7e-m+fp/hard\libc_nano.a(libc_a-closer.o) (errno)
C:/ST/STM32CubeIDE_1.19.0/STM32CubeIDE/plugins/com.st.stm32cube.ide.mcu.externaltools.gnu-tools-for-stm32.13.3.rel1.win32_1.0.0.202411081344/tools/bin/../lib/gcc/arm-none-eabi/13.3.1/../../../../arm-none-eabi/lib/thumb/v7e-m+fp/hard\libc_nano.a(libc_a-impure.o)
                              C:/ST/STM32CubeIDE_1.19.0/STM32CubeIDE/plugins/com.st.stm32cube.ide.mcu.externaltools.gnu-tools-for-stm32.13.3.rel1.win32_1.0.0.202411081344/tools/bin/../lib/gcc/arm-none-eabi/13.3.1/../../../../arm-none-eabi/lib/thumb/v7e-m+fp/hard\libc_nano.a(libc_a-reent.o) (_impure_ptr)
[...]
Memory Configuration

Name             Origin             Length             Attributes
RAM              0x20000000         0x0000c000         xrw
RAM2             0x10000000         0x00004000         xrw
FLASH            0x08000000         0x00040000         xr
*default*        0x00000000         0xffffffff

Linker script and memory map

LOAD C:/ST/STM32CubeIDE_1.19.0/STM32CubeIDE/plugins/com.st.stm32cube.ide.mcu.externaltools.gnu-tools-for-stm32.13.3.rel1.win32_1.0.0.202411081344/tools/bin/../lib/gcc/arm-none-eabi/13.3.1/thumb/v7e-m+fp/hard/crti.o
LOAD C:/ST/STM32CubeIDE_1.19.0/STM32CubeIDE/plugins/com.st.stm32cube.ide.mcu.externaltools.gnu-tools-for-stm32.13.3.rel1.win32_1.0.0.202411081344/tools/bin/../lib/gcc/arm-none-eabi/13.3.1/thumb/v7e-m+fp/hard/crtbegin.o
LOAD C:/ST/STM32CubeIDE_1.19.0/STM32CubeIDE/plugins/com.st.stm32cube.ide.mcu.externaltools.gnu-tools-for-stm32.13.3.rel1.win32_1.0.0.202411081344/tools/bin/../lib/gcc/arm-none-eabi/13.3.1/../../../../arm-none-eabi/lib/thumb/v7e-m+fp/hard/crt0.o
LOAD ./Core/Src/main.o
LOAD ./Core/Src/stm32l4xx_hal_msp.o
LOAD ./Core/Src/stm32l4xx_it.o
LOAD ./Core/Src/syscalls.o
LOAD ./Core/Src/sysmem.o
LOAD ./Core/Src/system_stm32l4xx.o
LOAD ./Core/Startup/startup_stm32l432kbux.o
LOAD ./Drivers/STM32L4xx_HAL_Driver/Src/stm32l4xx_hal.o
LOAD ./Drivers/STM32L4xx_HAL_Driver/Src/stm32l4xx_hal_cortex.o
LOAD ./Drivers/STM32L4xx_HAL_Driver/Src/stm32l4xx_hal_dma.o
LOAD ./Drivers/STM32L4xx_HAL_Driver/Src/stm32l4xx_hal_dma_ex.o
LOAD ./Drivers/STM32L4xx_HAL_Driver/Src/stm32l4xx_hal_exti.o
LOAD ./Drivers/STM32L4xx_HAL_Driver/Src/stm32l4xx_hal_flash.o
LOAD ./Drivers/STM32L4xx_HAL_Driver/Src/stm32l4xx_hal_flash_ex.o
LOAD ./Drivers/STM32L4xx_HAL_Driver/Src/stm32l4xx_hal_flash_ramfunc.o
LOAD ./Drivers/STM32L4xx_HAL_Driver/Src/stm32l4xx_hal_gpio.o
LOAD ./Drivers/STM32L4xx_HAL_Driver/Src/stm32l4xx_hal_i2c.o
LOAD ./Drivers/STM32L4xx_HAL_Driver/Src/stm32l4xx_hal_i2c_ex.o
LOAD ./Drivers/STM32L4xx_HAL_Driver/Src/stm32l4xx_hal_pcd.o
LOAD ./Drivers/STM32L4xx_HAL_Driver/Src/stm32l4xx_hal_pcd_ex.o
LOAD ./Drivers/STM32L4xx_HAL_Driver/Src/stm32l4xx_hal_pwr.o
LOAD ./Drivers/STM32L4xx_HAL_Driver/Src/stm32l4xx_hal_pwr_ex.o
LOAD ./Drivers/STM32L4xx_HAL_Driver/Src/stm32l4xx_hal_rcc.o
LOAD ./Drivers/STM32L4xx_HAL_Driver/Src/stm32l4xx_hal_rcc_ex.o
LOAD ./Drivers/STM32L4xx_HAL_Driver/Src/stm32l4xx_hal_spi.o
LOAD ./Drivers/STM32L4xx_HAL_Driver/Src/stm32l4xx_hal_spi_ex.o
LOAD ./Drivers/STM32L4xx_HAL_Driver/Src/stm32l4xx_ll_usb.o
LOAD ./Lib/nrf24.o
LOAD ./Lib/ssd1306.o
LOAD ./Lib/ssd1306_fonts.o
START GROUP
LOAD C:/ST/STM32CubeIDE_1.19.0/STM32CubeIDE/plugins/com.st.stm32cube.ide.mcu.externaltools.gnu-tools-for-stm32.13.3.rel1.win32_1.0.0.202411081344/tools/bin/../lib/gcc/arm-none-eabi/13.3.1/../../../../arm-none-eabi/lib/thumb/v7e-m+fp/hard\libc_nano.a
LOAD C:/ST/STM32CubeIDE_1.19.0/STM32CubeIDE/plugins/com.st.stm32cube.ide.mcu.externaltools.gnu-tools-for-stm32.13.3.rel1.win32_1.0.0.202411081344/tools/bin/../lib/gcc/arm-none-eabi/13.3.1/../../../../arm-none-eabi/lib/thumb/v7e-m+fp/hard\libm.a
END GROUP
START GROUP
LOAD C:/ST/STM32CubeIDE_1.19.0/STM32CubeIDE/plugins/com.st.stm32cube.ide.mcu.externaltools.gnu-tools-for-stm32.13.3.rel1.win32_1.0.0.202411081344/tools/bin/../lib/gcc/arm-none-eabi/13.3.1/thumb/v7e-m+fp/hard\libgcc.a
LOAD C:/ST/STM32CubeIDE_1.19.0/STM32CubeIDE/plugins/com.st.stm32cube.ide.mcu.externaltools.gnu-tools-for-stm32.13.3.rel1.win32_1.0.0.202411081344/tools/bin/../lib/gcc/arm-none-eabi/13.3.1/../../../../arm-none-eabi/lib/thumb/v7e-m+fp/hard\libc_nano.a
END GROUP
START GROUP
LOAD C:/ST/STM32CubeIDE_1.19.0/STM32CubeIDE/plugins/com.st.stm32cube.ide.mcu.externaltools.gnu-tools-for-stm32.13.3.rel1.win32_1.0.0.202411081344/tools/bin/../lib/gcc/arm-none-eabi/13.3.1/thumb/v7e-m+fp/hard\libgcc.a
LOAD C:/ST/STM32CubeIDE_1.19.0/STM32CubeIDE/plugins/com.st.stm32cube.ide.mcu.externaltools.gnu-tools-for-stm32.13.3.rel1.win32_1.0.0.202411081344/tools/bin/../lib/gcc/arm-none-eabi/13.3.1/../../../../arm-none-eabi/lib/thumb/v7e-m+fp/hard\libc_nano.a
LOAD C:/ST/STM32CubeIDE_1.19.0/STM32CubeIDE/plugins/com.st.stm32cube.ide.mcu.externaltools.gnu-tools-for-stm32.13.3.rel1.win32_1.0.0.202411081344/tools/bin/../lib/gcc/arm-none-eabi/13.3.1/../../../../arm-none-eabi/lib/thumb/v7e-m+fp/hard\libnosys.a
END GROUP
START GROUP
LOAD C:/ST/STM32CubeIDE_1.19.0/STM32CubeIDE/plugins/com.st.stm32cube.ide.mcu.externaltools.gnu-tools-for-stm32.13.3.rel1.win32_1.0.0.202411081344/tools/bin/../lib/gcc/arm-none-eabi/13.3.1/thumb/v7e-m+fp/hard\libgcc.a
LOAD C:/ST/STM32CubeIDE_1.19.0/STM32CubeIDE/plugins/com.st.stm32cube.ide.mcu.externaltools.gnu-tools-for-stm32.13.3.rel1.win32_1.0.0.202411081344/tools/bin/../lib/gcc/arm-none-eabi/13.3.1/../../../../arm-none-eabi/lib/thumb/v7e-m+fp/hard\libc_nano.a
LOAD C:/ST/STM32CubeIDE_1.19.0/STM32CubeIDE/plugins/com.st.stm32cube.ide.mcu.externaltools.gnu-tools-for-stm32.13.3.rel1.win32_1.0.0.202411081344/tools/bin/../lib/gcc/arm-none-eabi/13.3.1/../../../../arm-none-eabi/lib/thumb/v7e-m+fp/hard\libnosys.a
END GROUP
LOAD C:/ST/STM32CubeIDE_1.19.0/STM32CubeIDE/plugins/com.st.stm32cube.ide.mcu.externaltools.gnu-tools-for-stm32.13.3.rel1.win32_1.0.0.202411081344/tools/bin/../lib/gcc/arm-none-eabi/13.3.1/thumb/v7e-m+fp/hard/crtend.o
LOAD C:/ST/STM32CubeIDE_1.19.0/STM32CubeIDE/plugins/com.st.stm32cube.ide.mcu.externaltools.gnu-tools-for-stm32.13.3.rel1.win32_1.0.0.202411081344/tools/bin/../lib/gcc/arm-none-eabi/13.3.1/thumb/v7e-m+fp/hard/crtn.o
                0x2000c000                        _estack = (ORIGIN (RAM) + LENGTH (RAM))
                0x00000200                        _Min_Heap_Size = 0x200
                0x00000400                        _Min_Stack_Size = 0x400

.isr_vector     0x08000000      0x18c
                0x08000000                        . = ALIGN (0x4)
 *(.isr_vector)
 .isr_vector    0x08000000      0x18c ./Core/Startup/startup_stm32l432kbux.o
                0x08000000                g_pfnVectors
                0x0800018c                        . = ALIGN (0x4)

.text           0x0800018c     0x425c
                0x0800018c                        . = ALIGN (0x4)
 *(.text)
 .text          0x0800018c       0x40 C:/ST/STM32CubeIDE_1.19.0/STM32CubeIDE/plugins/com.st.stm32cube.ide.mcu.externaltools.gnu-tools-for-stm32.13.3.rel1.win32_1.0.0.202411081344/tools/bin/../lib/gcc/arm-none-eabi/13.3.1/thumb/v7e-m+fp/hard/crtbegin.o
 *(.text*)
 .text.nRF24_CE_L
                0x080001cc       0x18 ./Core/Src/main.o
 .text.nRF24_CE_H
                0x080001e4       0x18 ./Core/Src/main.o
 .text.UpdateDisplay
                0x080001fc       0x80 ./Core/Src/main.o
                0x080001fc                UpdateDisplay
 .text.UpdateDisplayLine2
                0x0800027c       0x18 ./Core/Src/main.o
                0x0800027c                UpdateDisplayLine2
 .text.main     0x08000294       0x42 ./Core/Src/main.o
                0x08000294                main
 *fill*         0x080002d6        0x2 
 .text.runStateMachine
                0x080002d8      0x380 ./Core/Src/main.o
                0x080002d8                runStateMachine
 .text.HAL_GPIO_EXTI_Callback
                0x08000658       0x70 ./Core/Src/main.o
                0x08000658                HAL_GPIO_EXTI_Callback
 .text.SystemClock_Config
                0x080006c8       0xfc ./Core/Src/main.o
                0x080006c8                SystemClock_Config
 .text.MX_SPI3_Init
                0x080007c4       0x7c ./Core/Src/main.o
 .text.MX_USB_PCD_Init
                0x08000840       0x50 ./Core/Src/main.o
 .text.MX_GPIO_Init
                0x08000890      0x128 ./Core/Src/main.o
 .text.Error_Handler
                0x080009b8        0xc ./Core/Src/main.o
                0x080009b8                Error_Handler
 .text.HAL_MspInit
                0x080009c4       0x48 ./Core/Src/stm32l4xx_hal_msp.o
                0x080009c4                HAL_MspInit
 .text.HAL_SPI_MspInit
                0x08000a0c       0x98 ./Core/Src/stm32l4xx_hal_msp.o
                0x08000a0c                HAL_SPI_MspInit
 .text.HAL_PCD_MspInit
                0x08000aa4       0xc0 ./Core/Src/stm32l4xx_hal_msp.o
                0x08000aa4                HAL_PCD_MspInit
 .text.NMI_Handler
                0x08000b64        0x8 ./Core/Src/stm32l4xx_it.o
                0x08000b64                NMI_Handler
 .text.HardFault_Handler
                0x08000b6c        0x8 ./Core/Src/stm32l4xx_it.o
                0x08000b6c                HardFault_Handler
 .text.MemManage_Handler
                0x08000b74        0x8 ./Core/Src/stm32l4xx_it.o
                0x08000b74                MemManage_Handler
 .text.BusFault_Handler
                0x08000b7c        0x8 ./Core/Src/stm32l4xx_it.o
                0x08000b7c                BusFault_Handler
 .text.UsageFault_Handler
                0x08000b84        0x8 ./Core/Src/stm32l4xx_it.o
                0x08000b84                UsageFault_Handler
 .text.SVC_Handler
                0x08000b8c        0xe ./Core/Src/stm32l4xx_it.o
                0x08000b8c                SVC_Handler
 .text.DebugMon_Handler
                0x08000b9a        0xe ./Core/Src/stm32l4xx_it.o
                0x08000b9a                DebugMon_Handler
 .text.PendSV_Handler
                0x08000ba8        0xe ./Core/Src/stm32l4xx_it.o
                0x08000ba8                PendSV_Handler
 .text.SysTick_Handler
                0x08000bb6        0xc ./Core/Src/stm32l4xx_it.o
                0x08000bb6                SysTick_Handler
 .text.EXTI0_IRQHandler
                0x08000bc2        0xe ./Core/Src/stm32l4xx_it.o
                0x08000bc2                EXTI0_IRQHandler
 .text.EXTI1_IRQHandler
                0x08000bd0        0xe ./Core/Src/stm32l4xx_it.o
                0x08000bd0                EXTI1_IRQHandler
 .text.EXTI15_10_IRQHandler
                0x08000bde       0x10 ./Core/Src/stm32l4xx_it.o
                0x08000bde                EXTI15_10_IRQHandler
 *fill*         0x08000bee        0x2 
 .text.SPI3_IRQHandler
                0x08000bf0       0x14 ./Core/Src/stm32l4xx_it.o
                0x08000bf0                SPI3_IRQHandler
 .text.SystemInit
                0x08000c04       0x24 ./Core/Src/system_stm32l4xx.o
                0x08000c04                SystemInit
 .text.Reset_Handler
                0x08000c28       0x50 ./Core/Startup/startup_stm32l432kbux.o
                0x08000c28                Reset_Handler
 .text.Default_Handler
                0x08000c78        0x2 ./Core/Startup/startup_stm32l432kbux.o
                0x08000c78                RTC_Alarm_IRQHandler
                0x08000c78                EXTI2_IRQHandler
                0x08000c78                TIM1_CC_IRQHandler
                0x08000c78                TSC_IRQHandler
                0x08000c78                TAMP_STAMP_IRQHandler
                0x08000c78                EXTI3_IRQHandler
                0x08000c78                LPTIM2_IRQHandler
                0x08000c78                I2C3_ER_IRQHandler
                0x08000c78                CAN1_RX0_IRQHandler
                0x08000c78                FPU_IRQHandler
                0x08000c78                TIM1_UP_TIM16_IRQHandler
                0x08000c78                SPI1_IRQHandler
                0x08000c78                TIM6_DAC_IRQHandler
                0x08000c78                DMA2_Channel2_IRQHandler
                0x08000c78                DMA1_Channel4_IRQHandler
                0x08000c78                ADC1_IRQHandler
                0x08000c78                DMA1_Channel7_IRQHandler
                0x08000c78                CAN1_RX1_IRQHandler
                0x08000c78                DMA2_Channel1_IRQHandler
                0x08000c78                QUADSPI_IRQHandler
                0x08000c78                I2C1_EV_IRQHandler
                0x08000c78                DMA1_Channel6_IRQHandler
                0x08000c78                DMA2_Channel4_IRQHandler
                0x08000c78                RCC_IRQHandler
                0x08000c78                TIM1_TRG_COM_IRQHandler
                0x08000c78                DMA1_Channel1_IRQHandler
                0x08000c78                Default_Handler
                0x08000c78                DMA2_Channel7_IRQHandler
                0x08000c78                TIM7_IRQHandler
                0x08000c78                I2C3_EV_IRQHandler
                0x08000c78                USB_IRQHandler
                0x08000c78                EXTI9_5_IRQHandler
                0x08000c78                RTC_WKUP_IRQHandler
                0x08000c78                PVD_PVM_IRQHandler
                0x08000c78                CAN1_TX_IRQHandler
                0x08000c78                DMA2_Channel5_IRQHandler
                0x08000c78                CRS_IRQHandler
                0x08000c78                DMA1_Channel5_IRQHandler
                0x08000c78                EXTI4_IRQHandler
                0x08000c78                RNG_IRQHandler
                0x08000c78                DMA1_Channel3_IRQHandler
                0x08000c78                COMP_IRQHandler
                0x08000c78                WWDG_IRQHandler
                0x08000c78                LPUART1_IRQHandler
                0x08000c78                DMA2_Channel6_IRQHandler
                0x08000c78                TIM2_IRQHandler
                0x08000c78                USART2_IRQHandler
                0x08000c78                DMA1_Channel2_IRQHandler
                0x08000c78                CAN1_SCE_IRQHandler
                0x08000c78                FLASH_IRQHandler
                0x08000c78                USART1_IRQHandler
                0x08000c78                I2C1_ER_IRQHandler
                0x08000c78                SWPMI1_IRQHandler
                0x08000c78                LPTIM1_IRQHandler
                0x08000c78                SAI1_IRQHandler
                0x08000c78                DMA2_Channel3_IRQHandler
                0x08000c78                TIM1_BRK_TIM15_IRQHandler
 .text.HAL_Init
                0x08000c7a       0x30 ./Drivers/STM32L4xx_HAL_Driver/Src/stm32l4xx_hal.o
                0x08000c7a                HAL_Init
 *fill*         0x08000caa        0x2 
 .text.HAL_InitTick
                0x08000cac       0x78 ./Drivers/STM32L4xx_HAL_Driver/Src/stm32l4xx_hal.o
                0x08000cac                HAL_InitTick
 .text.HAL_IncTick
                0x08000d24       0x28 ./Drivers/STM32L4xx_HAL_Driver/Src/stm32l4xx_hal.o
                0x08000d24                HAL_IncTick
 .text.HAL_GetTick
                0x08000d4c       0x18 ./Drivers/STM32L4xx_HAL_Driver/Src/stm32l4xx_hal.o
                0x08000d4c                HAL_GetTick
 .text.HAL_Delay
                0x08000d64       0x48 ./Drivers/STM32L4xx_HAL_Driver/Src/stm32l4xx_hal.o
                0x08000d64                HAL_Delay
 .text.__NVIC_SetPriorityGrouping
                0x08000dac       0x48 ./Drivers/STM32L4xx_HAL_Driver/Src/stm32l4xx_hal_cortex.o
 .text.__NVIC_GetPriorityGrouping
                0x08000df4       0x1c ./Drivers/STM32L4xx_HAL_Driver/Src/stm32l4xx_hal_cortex.o
 .text.__NVIC_EnableIRQ
                0x08000e10       0x3c ./Drivers/STM32L4xx_HAL_Driver/Src/stm32l4xx_hal_cortex.o
 .text.__NVIC_SetPriority
                0x08000e4c       0x54 ./Drivers/STM32L4xx_HAL_Driver/Src/stm32l4xx_hal_cortex.o
 .text.NVIC_EncodePriority
                0x08000ea0       0x66 ./Drivers/STM32L4xx_HAL_Driver/Src/stm32l4xx_hal_cortex.o
 *fill*         0x08000f06        0x2 
 .text.SysTick_Config
                0x08000f08       0x44 ./Drivers/STM32L4xx_HAL_Driver/Src/stm32l4xx_hal_cortex.o
 .text.HAL_NVIC_SetPriorityGrouping
                0x08000f4c       0x16 ./Drivers/STM32L4xx_HAL_Driver/Src/stm32l4xx_hal_cortex.o
                0x08000f4c                HAL_NVIC_SetPriorityGrouping
 .text.HAL_NVIC_SetPriority
                0x08000f62       0x38 ./Drivers/STM32L4xx_HAL_Driver/Src/stm32l4xx_hal_cortex.o
                0x08000f62                HAL_NVIC_SetPriority
 .text.HAL_NVIC_EnableIRQ
                0x08000f9a       0x1c ./Drivers/STM32L4xx_HAL_Driver/Src/stm32l4xx_hal_cortex.o
                0x08000f9a                HAL_NVIC_EnableIRQ
 .text.HAL_SYSTICK_Config
                0x08000fb6       0x18 ./Drivers/STM32L4xx_HAL_Driver/Src/stm32l4xx_hal_cortex.o
                0x08000fb6                HAL_SYSTICK_Config
 .text.HAL_DMA_Abort_IT
                0x08000fce       0x82 ./Drivers/STM32L4xx_HAL_Driver/Src/stm32l4xx_hal_dma.o
                0x08000fce                HAL_DMA_Abort_IT
 .text.HAL_GPIO_Init
                0x08001050      0x2d4 ./Drivers/STM32L4xx_HAL_Driver/Src/stm32l4xx_hal_gpio.o
                0x08001050                HAL_GPIO_Init
 .text.HAL_GPIO_WritePin
                0x08001324       0x30 ./Drivers/STM32L4xx_HAL_Driver/Src/stm32l4xx_hal_gpio.o
                0x08001324                HAL_GPIO_WritePin
 .text.HAL_GPIO_TogglePin
                0x08001354       0x34 ./Drivers/STM32L4xx_HAL_Driver/Src/stm32l4xx_hal_gpio.o
                0x08001354                HAL_GPIO_TogglePin
 .text.HAL_GPIO_EXTI_IRQHandler
                0x08001388       0x30 ./Drivers/STM32L4xx_HAL_Driver/Src/stm32l4xx_hal_gpio.o
                0x08001388                HAL_GPIO_EXTI_IRQHandler
 .text.HAL_PCD_Init
                0x080013b8      0x1fa ./Drivers/STM32L4xx_HAL_Driver/Src/stm32l4xx_hal_pcd.o
                0x080013b8                HAL_PCD_Init
 .text.HAL_PCDEx_ActivateLPM
                0x080015b2       0x54 ./Drivers/STM32L4xx_HAL_Driver/Src/stm32l4xx_hal_pcd_ex.o
                0x080015b2                HAL_PCDEx_ActivateLPM
 *fill*         0x08001606        0x2 
 .text.HAL_PWREx_GetVoltageRange
                0x08001608       0x1c ./Drivers/STM32L4xx_HAL_Driver/Src/stm32l4xx_hal_pwr_ex.o
                0x08001608                HAL_PWREx_GetVoltageRange
 .text.HAL_PWREx_ControlVoltageScaling
                0x08001624       0xac ./Drivers/STM32L4xx_HAL_Driver/Src/stm32l4xx_hal_pwr_ex.o
                0x08001624                HAL_PWREx_ControlVoltageScaling
 .text.HAL_PWREx_EnableVddUSB
                0x080016d0       0x20 ./Drivers/STM32L4xx_HAL_Driver/Src/stm32l4xx_hal_pwr_ex.o
                0x080016d0                HAL_PWREx_EnableVddUSB
 .text.HAL_RCC_OscConfig
                0x080016f0      0x828 ./Drivers/STM32L4xx_HAL_Driver/Src/stm32l4xx_hal_rcc.o
                0x080016f0                HAL_RCC_OscConfig
 .text.HAL_RCC_ClockConfig
                0x08001f18      0x200 ./Drivers/STM32L4xx_HAL_Driver/Src/stm32l4xx_hal_rcc.o
                0x08001f18                HAL_RCC_ClockConfig
 .text.HAL_RCC_GetSysClockFreq
                0x08002118      0x118 ./Drivers/STM32L4xx_HAL_Driver/Src/stm32l4xx_hal_rcc.o
                0x08002118                HAL_RCC_GetSysClockFreq
 .text.RCC_SetFlashLatencyFromMSIRange
                0x08002230       0xc0 ./Drivers/STM32L4xx_HAL_Driver/Src/stm32l4xx_hal_rcc.o
 .text.HAL_RCCEx_PeriphCLKConfig
                0x080022f0      0x3ec ./Drivers/STM32L4xx_HAL_Driver/Src/stm32l4xx_hal_rcc_ex.o
                0x080022f0                HAL_RCCEx_PeriphCLKConfig
 .text.HAL_RCCEx_CRSConfig
                0x080026dc       0x84 ./Drivers/STM32L4xx_HAL_Driver/Src/stm32l4xx_hal_rcc_ex.o
                0x080026dc                HAL_RCCEx_CRSConfig
 .text.RCCEx_PLLSAI1_Config
                0x08002760      0x1e4 ./Drivers/STM32L4xx_HAL_Driver/Src/stm32l4xx_hal_rcc_ex.o
 .text.HAL_SPI_Init
                0x08002944      0x146 ./Drivers/STM32L4xx_HAL_Driver/Src/stm32l4xx_hal_spi.o
                0x08002944                HAL_SPI_Init
 .text.HAL_SPI_Transmit
                0x08002a8a      0x2ec ./Drivers/STM32L4xx_HAL_Driver/Src/stm32l4xx_hal_spi.o
                0x08002a8a                HAL_SPI_Transmit
 .text.HAL_SPI_TransmitReceive
                0x08002d76      0x43e ./Drivers/STM32L4xx_HAL_Driver/Src/stm32l4xx_hal_spi.o
                0x08002d76                HAL_SPI_TransmitReceive
 .text.HAL_SPI_IRQHandler
                0x080031b4      0x200 ./Drivers/STM32L4xx_HAL_Driver/Src/stm32l4xx_hal_spi.o
                0x080031b4                HAL_SPI_IRQHandler
 .text.HAL_SPI_ErrorCallback
                0x080033b4       0x14 ./Drivers/STM32L4xx_HAL_Driver/Src/stm32l4xx_hal_spi.o
                0x080033b4                HAL_SPI_ErrorCallback
 .text.SPI_DMAAbortOnError
                0x080033c8       0x2a ./Drivers/STM32L4xx_HAL_Driver/Src/stm32l4xx_hal_spi.o
 *fill*         0x080033f2        0x2 
 .text.SPI_WaitFlagStateUntilTimeout
                0x080033f4      0x110 ./Drivers/STM32L4xx_HAL_Driver/Src/stm32l4xx_hal_spi.o
 .text.SPI_WaitFifoStateUntilTimeout
                0x08003504      0x12c ./Drivers/STM32L4xx_HAL_Driver/Src/stm32l4xx_hal_spi.o
 .text.SPI_EndRxTxTransaction
                0x08003630       0x8c ./Drivers/STM32L4xx_HAL_Driver/Src/stm32l4xx_hal_spi.o
 .text.USB_CoreInit
                0x080036bc       0x1c ./Drivers/STM32L4xx_HAL_Driver/Src/stm32l4xx_ll_usb.o
                0x080036bc                USB_CoreInit
 .text.USB_DisableGlobalInt
                0x080036d8       0x36 ./Drivers/STM32L4xx_HAL_Driver/Src/stm32l4xx_ll_usb.o
                0x080036d8                USB_DisableGlobalInt
 .text.USB_SetCurrentMode
                0x0800370e       0x1a ./Drivers/STM32L4xx_HAL_Driver/Src/stm32l4xx_ll_usb.o
                0x0800370e                USB_SetCurrentMode
 .text.USB_DevInit
                0x08003728       0x3c ./Drivers/STM32L4xx_HAL_Driver/Src/stm32l4xx_ll_usb.o
                0x08003728                USB_DevInit
 .text.USB_DevDisconnect
                0x08003764       0x2a ./Drivers/STM32L4xx_HAL_Driver/Src/stm32l4xx_ll_usb.o
                0x08003764                USB_DevDisconnect
 *fill*         0x0800378e        0x2 
 .text.nRF24_CSN_L
                0x08003790       0x18 ./Lib/nrf24.o
 .text.nRF24_CSN_H
                0x080037a8       0x18 ./Lib/nrf24.o
 .text.nRF24_LL_RW
                0x080037c0       0x38 ./Lib/nrf24.o
 .text.nRF24_ReadReg
                0x080037f8       0x34 ./Lib/nrf24.o
 .text.nRF24_WriteReg
                0x0800382c       0x70 ./Lib/nrf24.o
 .text.nRF24_ReadMBReg
                0x0800389c       0x44 ./Lib/nrf24.o
 .text.nRF24_WriteMBReg
                0x080038e0       0x42 ./Lib/nrf24.o
 .text.nRF24_Init
                0x08003922       0x98 ./Lib/nrf24.o
                0x08003922                nRF24_Init
 *fill*         0x080039ba        0x2 
 .text.nRF24_Check
                0x080039bc       0x5c ./Lib/nrf24.o
                0x080039bc                nRF24_Check
 .text.nRF24_SetPowerMode
                0x08003a18       0x3e ./Lib/nrf24.o
                0x08003a18                nRF24_SetPowerMode
 .text.nRF24_SetOperationalMode
                0x08003a56       0x42 ./Lib/nrf24.o
                0x08003a56                nRF24_SetOperationalMode
 .text.nRF24_SetCRCScheme
                0x08003a98       0x42 ./Lib/nrf24.o
                0x08003a98                nRF24_SetCRCScheme
 .text.nRF24_SetRFChannel
                0x08003ada       0x1c ./Lib/nrf24.o
                0x08003ada                nRF24_SetRFChannel
 .text.nRF24_SetAddrWidth
                0x08003af6       0x20 ./Lib/nrf24.o
                0x08003af6                nRF24_SetAddrWidth
 *fill*         0x08003b16        0x2 
 .text.nRF24_SetAddr
                0x08003b18       0x94 ./Lib/nrf24.o
                0x08003b18                nRF24_SetAddr
 .text.nRF24_SetTXPower
                0x08003bac       0x36 ./Lib/nrf24.o
                0x08003bac                nRF24_SetTXPower
 .text.nRF24_SetDataRate
                0x08003be2       0x36 ./Lib/nrf24.o
                0x08003be2                nRF24_SetDataRate
 .text.nRF24_SetRXPipe
                0x08003c18       0xa8 ./Lib/nrf24.o
                0x08003c18                nRF24_SetRXPipe
 .text.nRF24_DisableAA
                0x08003cc0       0x4e ./Lib/nrf24.o
                0x08003cc0                nRF24_DisableAA
 .text.nRF24_GetStatus_RXFIFO
                0x08003d0e       0x16 ./Lib/nrf24.o
                0x08003d0e                nRF24_GetStatus_RXFIFO
 .text.nRF24_FlushTX
                0x08003d24       0x10 ./Lib/nrf24.o
                0x08003d24                nRF24_FlushTX
 .text.nRF24_FlushRX
                0x08003d34       0x10 ./Lib/nrf24.o
                0x08003d34                nRF24_FlushRX
 .text.nRF24_ClearIRQFlags
                0x08003d44       0x2a ./Lib/nrf24.o
                0x08003d44                nRF24_ClearIRQFlags
 .text.nRF24_WritePayload
                0x08003d6e       0x20 ./Lib/nrf24.o
                0x08003d6e                nRF24_WritePayload
 .text.nRF24_GetRxDplPayloadWidth
                0x08003d8e       0x28 ./Lib/nrf24.o
 *fill*         0x08003db6        0x2 
 .text.nRF24_ReadPayloadGeneric
                0x08003db8       0x90 ./Lib/nrf24.o
 .text.nRF24_ReadPayload
                0x08003e48       0x1e ./Lib/nrf24.o
                0x08003e48                nRF24_ReadPayload
 .text.ssd1306_Reset
                0x08003e66       0x38 ./Lib/ssd1306.o
                0x08003e66                ssd1306_Reset
 *fill*         0x08003e9e        0x2 
 .text.ssd1306_WriteCommand
                0x08003ea0       0x48 ./Lib/ssd1306.o
                0x08003ea0                ssd1306_WriteCommand
 .text.ssd1306_WriteData
                0x08003ee8       0x4c ./Lib/ssd1306.o
                0x08003ee8                ssd1306_WriteData
 .text.ssd1306_Init
                0x08003f34       0xd4 ./Lib/ssd1306.o
                0x08003f34                ssd1306_Init
 .text.ssd1306_Fill
                0x08004008       0x30 ./Lib/ssd1306.o
                0x08004008                ssd1306_Fill
 .text.ssd1306_UpdateScreen
                0x08004038       0x50 ./Lib/ssd1306.o
                0x08004038                ssd1306_UpdateScreen
 .text.ssd1306_DrawPixel
                0x08004088       0xa8 ./Lib/ssd1306.o
                0x08004088                ssd1306_DrawPixel
 .text.ssd1306_WriteChar
                0x08004130      0x124 ./Lib/ssd1306.o
                0x08004130                ssd1306_WriteChar
 .text.ssd1306_WriteString
                0x08004254       0x4c ./Lib/ssd1306.o
                0x08004254                ssd1306_WriteString
 .text.ssd1306_SetCursor
                0x080042a0       0x30 ./Lib/ssd1306.o
                0x080042a0                ssd1306_SetCursor
 .text.ssd1306_SetContrast
                0x080042d0       0x26 ./Lib/ssd1306.o
                0x080042d0                ssd1306_SetContrast
 *fill*         0x080042f6        0x2 
 .text.ssd1306_SetDisplayOn
                0x080042f8       0x3c ./Lib/ssd1306.o
                0x080042f8                ssd1306_SetDisplayOn
 .text.memset   0x08004334       0x10 C:/ST/STM32CubeIDE_1.19.0/STM32CubeIDE/plugins/com.st.stm32cube.ide.mcu.externaltools.gnu-tools-for-stm32.13.3.rel1.win32_1.0.0.202411081344/tools/bin/../lib/gcc/arm-none-eabi/13.3.1/../../../../arm-none-eabi/lib/thumb/v7e-m+fp/hard\libc_nano.a(libc_a-memset.o)
                0x08004334                memset
 .text.strncpy  0x08004344       0x26 C:/ST/STM32CubeIDE_1.19.0/STM32CubeIDE/plugins/com.st.stm32cube.ide.mcu.externaltools.gnu-tools-for-stm32.13.3.rel1.win32_1.0.0.202411081344/tools/bin/../lib/gcc/arm-none-eabi/13.3.1/../../../../arm-none-eabi/lib/thumb/v7e-m+fp/hard\libc_nano.a(libc_a-strncpy.o)
                0x08004344                strncpy
 *fill*         0x0800436a        0x2 
 .text.__libc_init_array
                0x0800436c       0x48 C:/ST/STM32CubeIDE_1.19.0/STM32CubeIDE/plugins/com.st.stm32cube.ide.mcu.externaltools.gnu-tools-for-stm32.13.3.rel1.win32_1.0.0.202411081344/tools/bin/../lib/gcc/arm-none-eabi/13.3.1/../../../../arm-none-eabi/lib/thumb/v7e-m+fp/hard\libc_nano.a(libc_a-init.o)
                0x0800436c                __libc_init_array
 .text.memcpy   0x080043b4       0x1c C:/ST/STM32CubeIDE_1.19.0/STM32CubeIDE/plugins/com.st.stm32cube.ide.mcu.externaltools.gnu-tools-for-stm32.13.3.rel1.win32_1.0.0.202411081344/tools/bin/../lib/gcc/arm-none-eabi/13.3.1/../../../../arm-none-eabi/lib/thumb/v7e-m+fp/hard\libc_nano.a(libc_a-memcpy-stub.o)
                0x080043b4                memcpy
 *(.glue_7)
 .glue_7        0x080043d0        0x0 linker stubs
 *(.glue_7t)
 .glue_7t       0x080043d0        0x0 linker stubs
 *(.eh_frame)
 .eh_frame      0x080043d0        0x0 C:/ST/STM32CubeIDE_1.19.0/STM32CubeIDE/plugins/com.st.stm32cube.ide.mcu.externaltools.gnu-tools-for-stm32.13.3.rel1.win32_1.0.0.202411081344/tools/bin/../lib/gcc/arm-none-eabi/13.3.1/thumb/v7e-m+fp/hard/crtbegin.o
 *(.init)
 .init          0x080043d0        0x4 C:/ST/STM32CubeIDE_1.19.0/STM32CubeIDE/plugins/com.st.stm32cube.ide.mcu.externaltools.gnu-tools-for-stm32.13.3.rel1.win32_1.0.0.202411081344/tools/bin/../lib/gcc/arm-none-eabi/13.3.1/thumb/v7e-m+fp/hard/crti.o
                0x080043d0                _init
 .init          0x080043d4        0x8 C:/ST/STM32CubeIDE_1.19.0/STM32CubeIDE/plugins/com.st.stm32cube.ide.mcu.externaltools.gnu-tools-for-stm32.13.3.rel1.win32_1.0.0.202411081344/tools/bin/../lib/gcc/arm-none-eabi/13.3.1/thumb/v7e-m+fp/hard/crtn.o
 *(.fini)
 .fini          0x080043dc        0x4 C:/ST/STM32CubeIDE_1.19.0/STM32CubeIDE/plugins/com.st.stm32cube.ide.mcu.externaltools.gnu-tools-for-stm32.13.3.rel1.win32_1.0.0.202411081344/tools/bin/../lib/gcc/arm-none-eabi/13.3.1/thumb/v7e-m+fp/hard/crti.o
                0x080043dc                _fini
 .fini          0x080043e0        0x8 C:/ST/STM32CubeIDE_1.19.0/STM32CubeIDE/plugins/com.st.stm32cube.ide.mcu.externaltools.gnu-tools-for-stm32.13.3.rel1.win32_1.0.0.202411081344/tools/bin/../lib/gcc/arm-none-eabi/13.3.1/thumb/v7e-m+fp/hard/crtn.o
                0x080043e8                        . = ALIGN (0x4)
                0x080043e8                        _etext = .

.vfp11_veneer   0x080043e8        0x0
 .vfp11_veneer  0x080043e8        0x0 linker stubs

.v4_bx          0x080043e8        0x0
 .v4_bx         0x080043e8        0x0 linker stubs

.iplt           0x080043e8        0x0
 .iplt          0x080043e8        0x0 C:/ST/STM32CubeIDE_1.19.0/STM32CubeIDE/plugins/com.st.stm32cube.ide.mcu.externaltools.gnu-tools-for-stm32.13.3.rel1.win32_1.0.0.202411081344/tools/bin/../lib/gcc/arm-none-eabi/13.3.1/thumb/v7e-m+fp/hard/crtbegin.o

.rodata         0x080043e8      0xc74
                0x080043e8                        . = ALIGN (0x4)
 *(.rodata)
 .rodata        0x080043e8       0x84 ./Core/Src/main.o
 .rodata        0x0800446c        0x6 ./Lib/nrf24.o
 *(.rodata*)
 *fill*         0x08004472        0x2 
 .rodata.RF_ADDR
                0x08004474        0x5 ./Core/Src/main.o
 *fill*         0x08004479        0x3 
 .rodata.AHBPrescTable
                0x0800447c       0x10 ./Core/Src/system_stm32l4xx.o
                0x0800447c                AHBPrescTable
 .rodata.MSIRangeTable
                0x0800448c       0x30 ./Core/Src/system_stm32l4xx.o
                0x0800448c                MSIRangeTable
 .rodata.nRF24_RX_PW_PIPE
                0x080044bc        0x6 ./Lib/nrf24.o
 *fill*         0x080044c2        0x2 
 .rodata.nRF24_ADDR_REGS
                0x080044c4        0x7 ./Lib/nrf24.o
 *fill*         0x080044cb        0x1 
 .rodata.Font16x15
                0x080044cc      0xb22 ./Lib/ssd1306_fonts.o
 *fill*         0x08004fee        0x2 
 .rodata.char_width
                0x08004ff0       0x5f ./Lib/ssd1306_fonts.o
 *fill*         0x0800504f        0x1 
 .rodata.Font_16x15
                0x08005050        0xc ./Lib/ssd1306_fonts.o
                0x08005050                Font_16x15
                0x0800505c                        . = ALIGN (0x4)

.ARM.extab      0x0800505c        0x0
                0x0800505c                        . = ALIGN (0x4)
 *(.ARM.extab* .gnu.linkonce.armextab.*)
                0x0800505c                        . = ALIGN (0x4)

.ARM            0x0800505c        0x0
                0x0800505c                        . = ALIGN (0x4)
                0x0800505c                        __exidx_start = .
 *(.ARM.exidx*)
                0x0800505c                        __exidx_end = .
                0x0800505c                        . = ALIGN (0x4)

.preinit_array  0x0800505c        0x0
                0x0800505c                        . = ALIGN (0x4)
                0x0800505c                        PROVIDE (__preinit_array_start = .)
 *(.preinit_array*)
                0x0800505c                        PROVIDE (__preinit_array_end = .)
                0x0800505c                        . = ALIGN (0x4)

.init_array     0x0800505c        0x4
                0x0800505c                        . = ALIGN (0x4)
                0x0800505c                        PROVIDE (__init_array_start = .)
 *(SORT_BY_NAME(.init_array.*))
 *(.init_array*)
 .init_array    0x0800505c        0x4 C:/ST/STM32CubeIDE_1.19.0/STM32CubeIDE/plugins/com.st.stm32cube.ide.mcu.externaltools.gnu-tools-for-stm32.13.3.rel1.win32_1.0.0.202411081344/tools/bin/../lib/gcc/arm-none-eabi/13.3.1/thumb/v7e-m+fp/hard/crtbegin.o
                0x08005060                        PROVIDE (__init_array_end = .)
                0x08005060                        . = ALIGN (0x4)

.fini_array     0x08005060        0x4
                0x08005060                        . = ALIGN (0x4)
                [!provide]                        PROVIDE (__fini_array_start = .)
 *(SORT_BY_NAME(.fini_array.*))
 *(.fini_array*)
 .fini_array    0x08005060        0x4 C:/ST/STM32CubeIDE_1.19.0/STM32CubeIDE/plugins/com.st.stm32cube.ide.mcu.externaltools.gnu-tools-for-stm32.13.3.rel1.win32_1.0.0.202411081344/tools/bin/../lib/gcc/arm-none-eabi/13.3.1/thumb/v7e-m+fp/hard/crtbegin.o
                [!provide]                        PROVIDE (__fini_array_end = .)
                0x08005064                        . = ALIGN (0x4)
                0x08005064                        _sidata = LOADADDR (.data)

.rel.dyn        0x08005064        0x0
 .rel.iplt      0x08005064        0x0 C:/ST/STM32CubeIDE_1.19.0/STM32CubeIDE/plugins/com.st.stm32cube.ide.mcu.externaltools.gnu-tools-for-stm32.13.3.rel1.win32_1.0.0.202411081344/tools/bin/../lib/gcc/arm-none-eabi/13.3.1/thumb/v7e-m+fp/hard/crtbegin.o

.data           0x20000000       0x10 load address 0x08005064
                0x20000000                        . = ALIGN (0x4)
                0x20000000                        _sdata = .
 *(.data)
 *(.data*)
 .data.prevState
                0x20000000        0x1 ./Core/Src/main.o
 *fill*         0x20000001        0x3 
 .data.SystemCoreClock
                0x20000004        0x4 ./Core/Src/system_stm32l4xx.o
                0x20000004                SystemCoreClock
 .data.uwTickPrio
                0x20000008        0x4 ./Drivers/STM32L4xx_HAL_Driver/Src/stm32l4xx_hal.o
                0x20000008                uwTickPrio
 .data.uwTickFreq
                0x2000000c        0x1 ./Drivers/STM32L4xx_HAL_Driver/Src/stm32l4xx_hal.o
                0x2000000c                uwTickFreq
 *(.RamFunc)
 *(.RamFunc*)
                0x20000010                        . = ALIGN (0x4)
 *fill*         0x2000000d        0x3 
                0x20000010                        _edata = .

.igot.plt       0x20000010        0x0 load address 0x08005074
 .igot.plt      0x20000010        0x0 C:/ST/STM32CubeIDE_1.19.0/STM32CubeIDE/plugins/com.st.stm32cube.ide.mcu.externaltools.gnu-tools-for-stm32.13.3.rel1.win32_1.0.0.202411081344/tools/bin/../lib/gcc/arm-none-eabi/13.3.1/thumb/v7e-m+fp/hard/crtbegin.o
                0x20000010                        . = ALIGN (0x4)

.bss            0x20000010      0x5ac load address 0x08005074
                0x20000010                        _sbss = .
                0x20000010                        __bss_start__ = _sbss
 *(.bss)
 .bss           0x20000010       0x1c C:/ST/STM32CubeIDE_1.19.0/STM32CubeIDE/plugins/com.st.stm32cube.ide.mcu.externaltools.gnu-tools-for-stm32.13.3.rel1.win32_1.0.0.202411081344/tools/bin/../lib/gcc/arm-none-eabi/13.3.1/thumb/v7e-m+fp/hard/crtbegin.o
 *(.bss*)
 .bss.hspi3     0x2000002c       0x64 ./Core/Src/main.o
                0x2000002c                hspi3
 .bss.hpcd_USB_FS
                0x20000090      0x2e0 ./Core/Src/main.o
                0x20000090                hpcd_USB_FS
 .bss.currentState
                0x20000370        0x1 ./Core/Src/main.o
                0x20000370                currentState
 *fill*         0x20000371        0x3 
 .bss.lastTxTick
                0x20000374        0x4 ./Core/Src/main.o
                0x20000374                lastTxTick
 .bss.lastLedTick
                0x20000378        0x4 ./Core/Src/main.o
                0x20000378                lastLedTick
 .bss.ledTxOffTick
                0x2000037c        0x4 ./Core/Src/main.o
                0x2000037c                ledTxOffTick
 .bss.ledRxOffTick
                0x20000380        0x4 ./Core/Src/main.o
                0x20000380                ledRxOffTick
 .bss.dispLine1
                0x20000384       0x11 ./Core/Src/main.o
 *fill*         0x20000395        0x3 
 .bss.dispLine2
                0x20000398       0x11 ./Core/Src/main.o
 *fill*         0x200003a9        0x3 
 .bss.lastPress.0
                0x200003ac        0x4 ./Core/Src/main.o
 .bss.uwTick    0x200003b0        0x4 ./Drivers/STM32L4xx_HAL_Driver/Src/stm32l4xx_hal.o
                0x200003b0                uwTick
 .bss.SSD1306_Buffer
                0x200003b4      0x200 ./Lib/ssd1306.o
 .bss.SSD1306   0x200005b4        0x6 ./Lib/ssd1306.o
 *(COMMON)
                0x200005bc                        . = ALIGN (0x4)
 *fill*         0x200005ba        0x2 
                0x200005bc                        _ebss = .
                0x200005bc                        __bss_end__ = _ebss

._user_heap_stack
                0x200005bc      0x604 load address 0x08005074
                0x200005c0                        . = ALIGN (0x8)
 *fill*         0x200005bc        0x4 
                [!provide]                        PROVIDE (end = .)
                0x200005c0                        PROVIDE (_end = .)
                0x200007c0                        . = (. + _Min_Heap_Size)
 *fill*         0x200005c0      0x200 
                0x20000bc0                        . = (. + _Min_Stack_Size)
 *fill*         0x200007c0      0x400 
                0x20000bc0                        . = ALIGN (0x8)

/DISCARD/
 libc.a(*)
 libm.a(*)
 libgcc.a(*)

.ARM.attributes
                0x00000000       0x30
 *(.ARM.attributes)
 .ARM.attributes
                0x00000000       0x22 C:/ST/STM32CubeIDE_1.19.0/STM32CubeIDE/plugins/com.st.stm32cube.ide.mcu.externaltools.gnu-tools-for-stm32.13.3.rel1.win32_1.0.0.202411081344/tools/bin/../lib/gcc/arm-none-eabi/13.3.1/thumb/v7e-m+fp/hard/crti.o
 .ARM.attributes
                0x00000022       0x34 C:/ST/STM32CubeIDE_1.19.0/STM32CubeIDE/plugins/com.st.stm32cube.ide.mcu.externaltools.gnu-tools-for-stm32.13.3.rel1.win32_1.0.0.202411081344/tools/bin/../lib/gcc/arm-none-eabi/13.3.1/thumb/v7e-m+fp/hard/crtbegin.o
 .ARM.attributes
                0x00000056       0x34 ./Core/Src/main.o
 .ARM.attributes
                0x0000008a       0x34 ./Core/Src/stm32l4xx_hal_msp.o
 .ARM.attributes
                0x000000be       0x34 ./Core/Src/stm32l4xx_it.o
 .ARM.attributes
                0x000000f2       0x34 ./Core/Src/system_stm32l4xx.o
 .ARM.attributes
                0x00000126       0x21 ./Core/Startup/startup_stm32l432kbux.o
 .ARM.attributes
                0x00000147       0x34 ./Drivers/STM32L4xx_HAL_Driver/Src/stm32l4xx_hal.o
 .ARM.attributes
                0x0000017b       0x34 ./Drivers/STM32L4xx_HAL_Driver/Src/stm32l4xx_hal_cortex.o
 .ARM.attributes
                0x000001af       0x34 ./Drivers/STM32L4xx_HAL_Driver/Src/stm32l4xx_hal_dma.o
 .ARM.attributes
                0x000001e3       0x34 ./Drivers/STM32L4xx_HAL_Driver/Src/stm32l4xx_hal_gpio.o
 .ARM.attributes
                0x00000217       0x34 ./Drivers/STM32L4xx_HAL_Driver/Src/stm32l4xx_hal_pcd.o
 .ARM.attributes
                0x0000024b       0x34 ./Drivers/STM32L4xx_HAL_Driver/Src/stm32l4xx_hal_pcd_ex.o
 .ARM.attributes
                0x0000027f       0x34 ./Drivers/STM32L4xx_HAL_Driver/Src/stm32l4xx_hal_pwr_ex.o
 .ARM.attributes
                0x000002b3       0x34 ./Drivers/STM32L4xx_HAL_Driver/Src/stm32l4xx_hal_rcc.o
 .ARM.attributes
                0x000002e7       0x34 ./Drivers/STM32L4xx_HAL_Driver/Src/stm32l4xx_hal_rcc_ex.o
 .ARM.attributes
                0x0000031b       0x34 ./Drivers/STM32L4xx_HAL_Driver/Src/stm32l4xx_hal_spi.o
 .ARM.attributes
                0x0000034f       0x34 ./Drivers/STM32L4xx_HAL_Driver/Src/stm32l4xx_ll_usb.o
 .ARM.attributes
                0x00000383       0x34 ./Lib/nrf24.o
 .ARM.attributes
                0x000003b7       0x34 ./Lib/ssd1306.o
 .ARM.attributes
                0x000003eb       0x34 ./Lib/ssd1306_fonts.o
 .ARM.attributes
                0x0000041f       0x34 C:/ST/STM32CubeIDE_1.19.0/STM32CubeIDE/plugins/com.st.stm32cube.ide.mcu.externaltools.gnu-tools-for-stm32.13.3.rel1.win32_1.0.0.202411081344/tools/bin/../lib/gcc/arm-none-eabi/13.3.1/../../../../arm-none-eabi/lib/thumb/v7e-m+fp/hard\libc_nano.a(libc_a-memset.o)
 .ARM.attributes
                0x00000453       0x34 C:/ST/STM32CubeIDE_1.19.0/STM32CubeIDE/plugins/com.st.stm32cube.ide.mcu.externaltools.gnu-tools-for-stm32.13.3.rel1.win32_1.0.0.202411081344/tools/bin/../lib/gcc/arm-none-eabi/13.3.1/../../../../arm-none-eabi/lib/thumb/v7e-m+fp/hard\libc_nano.a(libc_a-strncpy.o)
 .ARM.attributes
                0x00000487       0x34 C:/ST/STM32CubeIDE_1.19.0/STM32CubeIDE/plugins/com.st.stm32cube.ide.mcu.externaltools.gnu-tools-for-stm32.13.3.rel1.win32_1.0.0.202411081344/tools/bin/../lib/gcc/arm-none-eabi/13.3.1/../../../../arm-none-eabi/lib/thumb/v7e-m+fp/hard\libc_nano.a(libc_a-init.o)
 .ARM.attributes
                0x000004bb       0x34 C:/ST/STM32CubeIDE_1.19.0/STM32CubeIDE/plugins/com.st.stm32cube.ide.mcu.externaltools.gnu-tools-for-stm32.13.3.rel1.win32_1.0.0.202411081344/tools/bin/../lib/gcc/arm-none-eabi/13.3.1/../../../../arm-none-eabi/lib/thumb/v7e-m+fp/hard\libc_nano.a(libc_a-memcpy-stub.o)
 .ARM.attributes
                0x000004ef       0x22 C:/ST/STM32CubeIDE_1.19.0/STM32CubeIDE/plugins/com.st.stm32cube.ide.mcu.externaltools.gnu-tools-for-stm32.13.3.rel1.win32_1.0.0.202411081344/tools/bin/../lib/gcc/arm-none-eabi/13.3.1/thumb/v7e-m+fp/hard/crtn.o
OUTPUT(RF-to-USB.elf elf32-littlearm)
LOAD linker stubs
LOAD C:/ST/STM32CubeIDE_1.19.0/STM32CubeIDE/plugins/com.st.stm32cube.ide.mcu.externaltools.gnu-tools-for-stm32.13.3.rel1.win32_1.0.0.202411081344/tools/bin/../lib/gcc/arm-none-eabi/13.3.1/../../../../arm-none-eabi/lib/thumb/v7e-m+fp/hard\libc.a
LOAD C:/ST/STM32CubeIDE_1.19.0/STM32CubeIDE/plugins/com.st.stm32cube.ide.mcu.externaltools.gnu-tools-for-stm32.13.3.rel1.win32_1.0.0.202411081344/tools/bin/../lib/gcc/arm-none-eabi/13.3.1/../../../../arm-none-eabi/lib/thumb/v7e-m+fp/hard\libm.a
LOAD C:/ST/STM32CubeIDE_1.19.0/STM32CubeIDE/plugins/com.st.stm32cube.ide.mcu.externaltools.gnu-tools-for-stm32.13.3.rel1.win32_1.0.0.202411081344/tools/bin/../lib/gcc/arm-none-eabi/13.3.1/thumb/v7e-m+fp/hard\libgcc.a

.debug_info     0x00000000     0xf122
 .debug_info    0x00000000     0x1a71 ./Core/Src/main.o
 .debug_info    0x00001a71     0x12c4 ./Core/Src/stm32l4xx_hal_msp.o
 .debug_info    0x00002d35      0x67c ./Core/Src/stm32l4xx_it.o
 .debug_info    0x000033b1      0x5bf ./Core/Src/system_stm32l4xx.o
 .debug_info    0x00003970       0x30 ./Core/Startup/startup_stm32l432kbux.o
 .debug_info    0x000039a0      0x99e ./Drivers/STM32L4xx_HAL_Driver/Src/stm32l4xx_hal.o
 .debug_info    0x0000433e      0xd03 ./Drivers/STM32L4xx_HAL_Driver/Src/stm32l4xx_hal_cortex.o
 .debug_info    0x00005041      0x6f4 ./Drivers/STM32L4xx_HAL_Driver/Src/stm32l4xx_hal_dma.o
 .debug_info    0x00005735      0x757 ./Drivers/STM32L4xx_HAL_Driver/Src/stm32l4xx_hal_gpio.o
 .debug_info    0x00005e8c     0x16a1 ./Drivers/STM32L4xx_HAL_Driver/Src/stm32l4xx_hal_pcd.o
 .debug_info    0x0000752d      0x835 ./Drivers/STM32L4xx_HAL_Driver/Src/stm32l4xx_hal_pcd_ex.o
 .debug_info    0x00007d62      0x920 ./Drivers/STM32L4xx_HAL_Driver/Src/stm32l4xx_hal_pwr_ex.o
 .debug_info    0x00008682      0xbc3 ./Drivers/STM32L4xx_HAL_Driver/Src/stm32l4xx_hal_rcc.o
 .debug_info    0x00009245      0xee5 ./Drivers/STM32L4xx_HAL_Driver/Src/stm32l4xx_hal_rcc_ex.o
 .debug_info    0x0000a12a     0x1549 ./Drivers/STM32L4xx_HAL_Driver/Src/stm32l4xx_hal_spi.o
 .debug_info    0x0000b673     0x16ea ./Drivers/STM32L4xx_HAL_Driver/Src/stm32l4xx_ll_usb.o
 .debug_info    0x0000cd5d      0xf0f ./Lib/nrf24.o
 .debug_info    0x0000dc6c     0x1308 ./Lib/ssd1306.o
 .debug_info    0x0000ef74      0x1ae ./Lib/ssd1306_fonts.o

.debug_abbrev   0x00000000     0x292d
 .debug_abbrev  0x00000000      0x36f ./Core/Src/main.o
 .debug_abbrev  0x0000036f      0x227 ./Core/Src/stm32l4xx_hal_msp.o
 .debug_abbrev  0x00000596      0x187 ./Core/Src/stm32l4xx_it.o
 .debug_abbrev  0x0000071d      0x11a ./Core/Src/system_stm32l4xx.o
 .debug_abbrev  0x00000837       0x24 ./Core/Startup/startup_stm32l432kbux.o
 .debug_abbrev  0x0000085b      0x225 ./Drivers/STM32L4xx_HAL_Driver/Src/stm32l4xx_hal.o
 .debug_abbrev  0x00000a80      0x31c ./Drivers/STM32L4xx_HAL_Driver/Src/stm32l4xx_hal_cortex.o
 .debug_abbrev  0x00000d9c      0x1e4 ./Drivers/STM32L4xx_HAL_Driver/Src/stm32l4xx_hal_dma.o
 .debug_abbrev  0x00000f80      0x1cb ./Drivers/STM32L4xx_HAL_Driver/Src/stm32l4xx_hal_gpio.o
 .debug_abbrev  0x0000114b      0x2e8 ./Drivers/STM32L4xx_HAL_Driver/Src/stm32l4xx_hal_pcd.o
 .debug_abbrev  0x00001433      0x1e8 ./Drivers/STM32L4xx_HAL_Driver/Src/stm32l4xx_hal_pcd_ex.o
 .debug_abbrev  0x0000161b      0x1f9 ./Drivers/STM32L4xx_HAL_Driver/Src/stm32l4xx_hal_pwr_ex.o
 .debug_abbrev  0x00001814      0x2cb ./Drivers/STM32L4xx_HAL_Driver/Src/stm32l4xx_hal_rcc.o
 .debug_abbrev  0x00001adf      0x2a1 ./Drivers/STM32L4xx_HAL_Driver/Src/stm32l4xx_hal_rcc_ex.o
 .debug_abbrev  0x00001d80      0x260 ./Drivers/STM32L4xx_HAL_Driver/Src/stm32l4xx_hal_spi.o
 .debug_abbrev  0x00001fe0      0x1de ./Drivers/STM32L4xx_HAL_Driver/Src/stm32l4xx_ll_usb.o
 .debug_abbrev  0x000021be      0x36b ./Lib/nrf24.o
 .debug_abbrev  0x00002529      0x348 ./Lib/ssd1306.o
 .debug_abbrev  0x00002871       0xbc ./Lib/ssd1306_fonts.o

.debug_aranges  0x00000000      0xe08
 .debug_aranges
                0x00000000       0x78 ./Core/Src/main.o
 .debug_aranges
                0x00000078       0x40 ./Core/Src/stm32l4xx_hal_msp.o
 .debug_aranges
                0x000000b8       0x80 ./Core/Src/stm32l4xx_it.o
 .debug_aranges
                0x00000138       0x28 ./Core/Src/system_stm32l4xx.o
 .debug_aranges
                0x00000160       0x28 ./Core/Startup/startup_stm32l432kbux.o
 .debug_aranges
                0x00000188      0x108 ./Drivers/STM32L4xx_HAL_Driver/Src/stm32l4xx_hal.o
 .debug_aranges
                0x00000290      0x128 ./Drivers/STM32L4xx_HAL_Driver/Src/stm32l4xx_hal_cortex.o
 .debug_aranges
                0x000003b8       0x80 ./Drivers/STM32L4xx_HAL_Driver/Src/stm32l4xx_hal_dma.o
 .debug_aranges
                0x00000438       0x58 ./Drivers/STM32L4xx_HAL_Driver/Src/stm32l4xx_hal_gpio.o
 .debug_aranges
                0x00000490      0x138 ./Drivers/STM32L4xx_HAL_Driver/Src/stm32l4xx_hal_pcd.o
 .debug_aranges
                0x000005c8       0x58 ./Drivers/STM32L4xx_HAL_Driver/Src/stm32l4xx_hal_pcd_ex.o
 .debug_aranges
                0x00000620      0x128 ./Drivers/STM32L4xx_HAL_Driver/Src/stm32l4xx_hal_pwr_ex.o
 .debug_aranges
                0x00000748       0x90 ./Drivers/STM32L4xx_HAL_Driver/Src/stm32l4xx_hal_rcc.o
 .debug_aranges
                0x000007d8       0xf0 ./Drivers/STM32L4xx_HAL_Driver/Src/stm32l4xx_hal_rcc_ex.o
 .debug_aranges
                0x000008c8      0x1d8 ./Drivers/STM32L4xx_HAL_Driver/Src/stm32l4xx_hal_spi.o
 .debug_aranges
                0x00000aa0       0xf8 ./Drivers/STM32L4xx_HAL_Driver/Src/stm32l4xx_ll_usb.o
 .debug_aranges
                0x00000b98      0x170 ./Lib/nrf24.o
 .debug_aranges
                0x00000d08       0xe8 ./Lib/ssd1306.o
 .debug_aranges
                0x00000df0       0x18 ./Lib/ssd1306_fonts.o

.debug_rnglists
                0x00000000      0xa90
 .debug_rnglists
                0x00000000       0x68 ./Core/Src/main.o
 .debug_rnglists
                0x00000068       0x2d ./Core/Src/stm32l4xx_hal_msp.o
 .debug_rnglists
                0x00000095       0x5b ./Core/Src/stm32l4xx_it.o
 .debug_rnglists
                0x000000f0       0x1a ./Core/Src/system_stm32l4xx.o
 .debug_rnglists
                0x0000010a       0x19 ./Core/Startup/startup_stm32l432kbux.o
 .debug_rnglists
                0x00000123       0xc1 ./Drivers/STM32L4xx_HAL_Driver/Src/stm32l4xx_hal.o
 .debug_rnglists
                0x000001e4       0xda ./Drivers/STM32L4xx_HAL_Driver/Src/stm32l4xx_hal_cortex.o
 .debug_rnglists
                0x000002be       0x64 ./Drivers/STM32L4xx_HAL_Driver/Src/stm32l4xx_hal_dma.o
 .debug_rnglists
                0x00000322       0x3f ./Drivers/STM32L4xx_HAL_Driver/Src/stm32l4xx_hal_gpio.o
 .debug_rnglists
                0x00000361       0xee ./Drivers/STM32L4xx_HAL_Driver/Src/stm32l4xx_hal_pcd.o
 .debug_rnglists
                0x0000044f       0x3f ./Drivers/STM32L4xx_HAL_Driver/Src/stm32l4xx_hal_pcd_ex.o
 .debug_rnglists
                0x0000048e       0xdf ./Drivers/STM32L4xx_HAL_Driver/Src/stm32l4xx_hal_pwr_ex.o
 .debug_rnglists
                0x0000056d       0x6d ./Drivers/STM32L4xx_HAL_Driver/Src/stm32l4xx_hal_rcc.o
 .debug_rnglists
                0x000005da       0xba ./Drivers/STM32L4xx_HAL_Driver/Src/stm32l4xx_hal_rcc_ex.o
 .debug_rnglists
                0x00000694      0x178 ./Drivers/STM32L4xx_HAL_Driver/Src/stm32l4xx_hal_spi.o
 .debug_rnglists
                0x0000080c       0xbd ./Drivers/STM32L4xx_HAL_Driver/Src/stm32l4xx_ll_usb.o
 .debug_rnglists
                0x000008c9      0x113 ./Lib/nrf24.o
 .debug_rnglists
                0x000009dc       0xb4 ./Lib/ssd1306.o

.debug_macro    0x00000000    0x20b7e
 .debug_macro   0x00000000      0x348 ./Core/Src/main.o
 .debug_macro   0x00000348      0xad8 ./Core/Src/main.o
 .debug_macro   0x00000e20      0x1a7 ./Core/Src/main.o
 .debug_macro   0x00000fc7       0x2e ./Core/Src/main.o
 .debug_macro   0x00000ff5       0x28 ./Core/Src/main.o
 .debug_macro   0x0000101d       0x22 ./Core/Src/main.o
 .debug_macro   0x0000103f       0x8e ./Core/Src/main.o
 .debug_macro   0x000010cd       0x51 ./Core/Src/main.o
 .debug_macro   0x0000111e      0x103 ./Core/Src/main.o
 .debug_macro   0x00001221       0x6a ./Core/Src/main.o
 .debug_macro   0x0000128b      0x1df ./Core/Src/main.o
 .debug_macro   0x0000146a       0x1c ./Core/Src/main.o
 .debug_macro   0x00001486       0x22 ./Core/Src/main.o
 .debug_macro   0x000014a8       0xfb ./Core/Src/main.o
 .debug_macro   0x000015a3     0x1011 ./Core/Src/main.o
 .debug_macro   0x000025b4      0x11f ./Core/Src/main.o
 .debug_macro   0x000026d3    0x147a6 ./Core/Src/main.o
 .debug_macro   0x00016e79       0x6d ./Core/Src/main.o
 .debug_macro   0x00016ee6     0x38fb ./Core/Src/main.o
 .debug_macro   0x0001a7e1      0x190 ./Core/Src/main.o
 .debug_macro   0x0001a971       0x5c ./Core/Src/main.o
 .debug_macro   0x0001a9cd     0x11ca ./Core/Src/main.o
 .debug_macro   0x0001bb97      0x53c ./Core/Src/main.o
 .debug_macro   0x0001c0d3      0x1b9 ./Core/Src/main.o
 .debug_macro   0x0001c28c      0x122 ./Core/Src/main.o
 .debug_macro   0x0001c3ae      0x26b ./Core/Src/main.o
 .debug_macro   0x0001c619      0x23d ./Core/Src/main.o
 .debug_macro   0x0001c856      0x241 ./Core/Src/main.o
 .debug_macro   0x0001ca97      0x375 ./Core/Src/main.o
 .debug_macro   0x0001ce0c       0xd6 ./Core/Src/main.o
 .debug_macro   0x0001cee2       0xb7 ./Core/Src/main.o
 .debug_macro   0x0001cf99      0x22d ./Core/Src/main.o
 .debug_macro   0x0001d1c6      0x122 ./Core/Src/main.o
 .debug_macro   0x0001d2e8      0x356 ./Core/Src/main.o
 .debug_macro   0x0001d63e      0x2fe ./Core/Src/main.o
 .debug_macro   0x0001d93c      0x220 ./Core/Src/main.o
 .debug_macro   0x0001db5c       0x8e ./Core/Src/main.o
 .debug_macro   0x0001dbea       0x61 ./Core/Src/main.o
 .debug_macro   0x0001dc4b       0x2a ./Core/Src/main.o
 .debug_macro   0x0001dc75       0x43 ./Core/Src/main.o
 .debug_macro   0x0001dcb8       0x34 ./Core/Src/main.o
 .debug_macro   0x0001dcec       0x52 ./Core/Src/main.o
 .debug_macro   0x0001dd3e       0x28 ./Core/Src/main.o
 .debug_macro   0x0001dd66       0x16 ./Core/Src/main.o
 .debug_macro   0x0001dd7c      0x186 ./Core/Src/main.o
 .debug_macro   0x0001df02       0x16 ./Core/Src/main.o
 .debug_macro   0x0001df18       0x3c ./Core/Src/main.o
 .debug_macro   0x0001df54      0x370 ./Core/Src/main.o
 .debug_macro   0x0001e2c4       0x10 ./Core/Src/main.o
 .debug_macro   0x0001e2d4       0x16 ./Core/Src/main.o
 .debug_macro   0x0001e2ea       0x4a ./Core/Src/main.o
 .debug_macro   0x0001e334       0x34 ./Core/Src/main.o
 .debug_macro   0x0001e368       0x10 ./Core/Src/main.o
 .debug_macro   0x0001e378       0x58 ./Core/Src/main.o
 .debug_macro   0x0001e3d0       0x8e ./Core/Src/main.o
 .debug_macro   0x0001e45e       0x1c ./Core/Src/main.o
 .debug_macro   0x0001e47a      0x185 ./Core/Src/main.o
 .debug_macro   0x0001e5ff       0x16 ./Core/Src/main.o
 .debug_macro   0x0001e615       0x16 ./Core/Src/main.o
 .debug_macro   0x0001e62b      0x146 ./Core/Src/main.o
 .debug_macro   0x0001e771       0x16 ./Core/Src/main.o
 .debug_macro   0x0001e787       0x20 ./Core/Src/main.o
 .debug_macro   0x0001e7a7      0x1e0 ./Core/Src/stm32l4xx_hal_msp.o
 .debug_macro   0x0001e987      0x1ea ./Core/Src/stm32l4xx_it.o
 .debug_macro   0x0001eb71      0x1d1 ./Core/Src/system_stm32l4xx.o
 .debug_macro   0x0001ed42      0x219 ./Drivers/STM32L4xx_HAL_Driver/Src/stm32l4xx_hal.o
 .debug_macro   0x0001ef5b      0x1d1 ./Drivers/STM32L4xx_HAL_Driver/Src/stm32l4xx_hal_cortex.o
 .debug_macro   0x0001f12c      0x1d1 ./Drivers/STM32L4xx_HAL_Driver/Src/stm32l4xx_hal_dma.o
 .debug_macro   0x0001f2fd      0x1d8 ./Drivers/STM32L4xx_HAL_Driver/Src/stm32l4xx_hal_gpio.o
 .debug_macro   0x0001f4d5      0x1dd ./Drivers/STM32L4xx_HAL_Driver/Src/stm32l4xx_hal_pcd.o
 .debug_macro   0x0001f6b2      0x1d1 ./Drivers/STM32L4xx_HAL_Driver/Src/stm32l4xx_hal_pcd_ex.o
 .debug_macro   0x0001f883      0x1f5 ./Drivers/STM32L4xx_HAL_Driver/Src/stm32l4xx_hal_pwr_ex.o
 .debug_macro   0x0001fa78      0x213 ./Drivers/STM32L4xx_HAL_Driver/Src/stm32l4xx_hal_rcc.o
 .debug_macro   0x0001fc8b      0x207 ./Drivers/STM32L4xx_HAL_Driver/Src/stm32l4xx_hal_rcc_ex.o
 .debug_macro   0x0001fe92      0x1d9 ./Drivers/STM32L4xx_HAL_Driver/Src/stm32l4xx_hal_spi.o
 .debug_macro   0x0002006b      0x1d1 ./Drivers/STM32L4xx_HAL_Driver/Src/stm32l4xx_ll_usb.o
 .debug_macro   0x0002023c      0x1fe ./Lib/nrf24.o
 .debug_macro   0x0002043a       0x10 ./Lib/nrf24.o
 .debug_macro   0x0002044a      0x311 ./Lib/ssd1306.o
 .debug_macro   0x0002075b       0x4c ./Lib/ssd1306.o
 .debug_macro   0x000207a7      0x19b ./Lib/ssd1306.o
 .debug_macro   0x00020942      0x23c ./Lib/ssd1306_fonts.o

.debug_line     0x00000000     0xfc20
 .debug_line    0x00000000      0xce6 ./Core/Src/main.o
 .debug_line    0x00000ce6      0x81b ./Core/Src/stm32l4xx_hal_msp.o
 .debug_line    0x00001501      0x86a ./Core/Src/stm32l4xx_it.o
 .debug_line    0x00001d6b      0x7f9 ./Core/Src/system_stm32l4xx.o
 .debug_line    0x00002564       0x7a ./Core/Startup/startup_stm32l432kbux.o
 .debug_line    0x000025de      0xac6 ./Drivers/STM32L4xx_HAL_Driver/Src/stm32l4xx_hal.o
 .debug_line    0x000030a4      0xcfc ./Drivers/STM32L4xx_HAL_Driver/Src/stm32l4xx_hal_cortex.o
 .debug_line    0x00003da0      0xd3b ./Drivers/STM32L4xx_HAL_Driver/Src/stm32l4xx_hal_dma.o
 .debug_line    0x00004adb      0xb38 ./Drivers/STM32L4xx_HAL_Driver/Src/stm32l4xx_hal_gpio.o
 .debug_line    0x00005613     0x1366 ./Drivers/STM32L4xx_HAL_Driver/Src/stm32l4xx_hal_pcd.o
 .debug_line    0x00006979      0x8fd ./Drivers/STM32L4xx_HAL_Driver/Src/stm32l4xx_hal_pcd_ex.o
 .debug_line    0x00007276      0xc4a ./Drivers/STM32L4xx_HAL_Driver/Src/stm32l4xx_hal_pwr_ex.o
 .debug_line    0x00007ec0     0x1104 ./Drivers/STM32L4xx_HAL_Driver/Src/stm32l4xx_hal_rcc.o
 .debug_line    0x00008fc4     0x1385 ./Drivers/STM32L4xx_HAL_Driver/Src/stm32l4xx_hal_rcc_ex.o
 .debug_line    0x0000a349     0x2041 ./Drivers/STM32L4xx_HAL_Driver/Src/stm32l4xx_hal_spi.o
 .debug_line    0x0000c38a     0x10a4 ./Drivers/STM32L4xx_HAL_Driver/Src/stm32l4xx_ll_usb.o
 .debug_line    0x0000d42e      0xdce ./Lib/nrf24.o
 .debug_line    0x0000e1fc     0x11cd ./Lib/ssd1306.o
 .debug_line    0x0000f3c9      0x857 ./Lib/ssd1306_fonts.o

.debug_str      0x00000000    0xc1874
 .debug_str     0x00000000    0xc1874 ./Core/Src/main.o
                              0xbe244 (size before relaxing)
 .debug_str     0x000c1874    0xb98ee ./Core/Src/stm32l4xx_hal_msp.o
 .debug_str     0x000c1874    0xb8eb1 ./Core/Src/stm32l4xx_it.o
 .debug_str     0x000c1874    0xb898d ./Core/Src/system_stm32l4xx.o
 .debug_str     0x000c1874       0x86 ./Core/Startup/startup_stm32l432kbux.o
 .debug_str     0x000c1874    0xb931a ./Drivers/STM32L4xx_HAL_Driver/Src/stm32l4xx_hal.o
 .debug_str     0x000c1874    0xb90ed ./Drivers/STM32L4xx_HAL_Driver/Src/stm32l4xx_hal_cortex.o
 .debug_str     0x000c1874    0xb8bf4 ./Drivers/STM32L4xx_HAL_Driver/Src/stm32l4xx_hal_dma.o
 .debug_str     0x000c1874    0xb8b01 ./Drivers/STM32L4xx_HAL_Driver/Src/stm32l4xx_hal_gpio.o
 .debug_str     0x000c1874    0xb917b ./Drivers/STM32L4xx_HAL_Driver/Src/stm32l4xx_hal_pcd.o
 .debug_str     0x000c1874    0xb8d4b ./Drivers/STM32L4xx_HAL_Driver/Src/stm32l4xx_hal_pcd_ex.o
 .debug_str     0x000c1874    0xb8e35 ./Drivers/STM32L4xx_HAL_Driver/Src/stm32l4xx_hal_pwr_ex.o
 .debug_str     0x000c1874    0xb8f8d ./Drivers/STM32L4xx_HAL_Driver/Src/stm32l4xx_hal_rcc.o
 .debug_str     0x000c1874    0xb91ed ./Drivers/STM32L4xx_HAL_Driver/Src/stm32l4xx_hal_rcc_ex.o
 .debug_str     0x000c1874    0xb91a5 ./Drivers/STM32L4xx_HAL_Driver/Src/stm32l4xx_hal_spi.o
 .debug_str     0x000c1874    0xb8d03 ./Drivers/STM32L4xx_HAL_Driver/Src/stm32l4xx_ll_usb.o
 .debug_str     0x000c1874    0xb9bb2 ./Lib/nrf24.o
 .debug_str     0x000c1874    0xbcfab ./Lib/ssd1306.o
 .debug_str     0x000c1874    0xb8f53 ./Lib/ssd1306_fonts.o

.comment        0x00000000       0x43
 .comment       0x00000000       0x43 ./Core/Src/main.o
                                 0x44 (size before relaxing)
 .comment       0x00000043       0x44 ./Core/Src/stm32l4xx_hal_msp.o
 .comment       0x00000043       0x44 ./Core/Src/stm32l4xx_it.o
 .comment       0x00000043       0x44 ./Core/Src/system_stm32l4xx.o
 .comment       0x00000043       0x44 ./Drivers/STM32L4xx_HAL_Driver/Src/stm32l4xx_hal.o
 .comment       0x00000043       0x44 ./Drivers/STM32L4xx_HAL_Driver/Src/stm32l4xx_hal_cortex.o
 .comment       0x00000043       0x44 ./Drivers/STM32L4xx_HAL_Driver/Src/stm32l4xx_hal_dma.o
 .comment       0x00000043       0x44 ./Drivers/STM32L4xx_HAL_Driver/Src/stm32l4xx_hal_gpio.o
 .comment       0x00000043       0x44 ./Drivers/STM32L4xx_HAL_Driver/Src/stm32l4xx_hal_pcd.o
 .comment       0x00000043       0x44 ./Drivers/STM32L4xx_HAL_Driver/Src/stm32l4xx_hal_pcd_ex.o
 .comment       0x00000043       0x44 ./Drivers/STM32L4xx_HAL_Driver/Src/stm32l4xx_hal_pwr_ex.o
 .comment       0x00000043       0x44 ./Drivers/STM32L4xx_HAL_Driver/Src/stm32l4xx_hal_rcc.o
 .comment       0x00000043       0x44 ./Drivers/STM32L4xx_HAL_Driver/Src/stm32l4xx_hal_rcc_ex.o
 .comment       0x00000043       0x44 ./Drivers/STM32L4xx_HAL_Driver/Src/stm32l4xx_hal_spi.o
 .comment       0x00000043       0x44 ./Drivers/STM32L4xx_HAL_Driver/Src/stm32l4xx_ll_usb.o
 .comment       0x00000043       0x44 ./Lib/nrf24.o
 .comment       0x00000043       0x44 ./Lib/ssd1306.o
 .comment       0x00000043       0x44 ./Lib/ssd1306_fonts.o

.debug_frame    0x00000000     0x3884
 .debug_frame   0x00000000      0x194 ./Core/Src/main.o
 .debug_frame   0x00000194       0xcc ./Core/Src/stm32l4xx_hal_msp.o
 .debug_frame   0x00000260      0x174 ./Core/Src/stm32l4xx_it.o
 .debug_frame   0x000003d4       0x58 ./Core/Src/system_stm32l4xx.o
 .debug_frame   0x0000042c      0x3dc ./Drivers/STM32L4xx_HAL_Driver/Src/stm32l4xx_hal.o
 .debug_frame   0x00000808      0x4e8 ./Drivers/STM32L4xx_HAL_Driver/Src/stm32l4xx_hal_cortex.o
 .debug_frame   0x00000cf0      0x204 ./Drivers/STM32L4xx_HAL_Driver/Src/stm32l4xx_hal_dma.o
 .debug_frame   0x00000ef4      0x14c ./Drivers/STM32L4xx_HAL_Driver/Src/stm32l4xx_hal_gpio.o
 .debug_frame   0x00001040      0x56c ./Drivers/STM32L4xx_HAL_Driver/Src/stm32l4xx_hal_pcd.o
 .debug_frame   0x000015ac      0x14c ./Drivers/STM32L4xx_HAL_Driver/Src/stm32l4xx_hal_pcd_ex.o
 .debug_frame   0x000016f8      0x4a4 ./Drivers/STM32L4xx_HAL_Driver/Src/stm32l4xx_hal_pwr_ex.o
 .debug_frame   0x00001b9c      0x21c ./Drivers/STM32L4xx_HAL_Driver/Src/stm32l4xx_hal_rcc.o
 .debug_frame   0x00001db8      0x3d0 ./Drivers/STM32L4xx_HAL_Driver/Src/stm32l4xx_hal_rcc_ex.o
 .debug_frame   0x00002188      0x860 ./Drivers/STM32L4xx_HAL_Driver/Src/stm32l4xx_hal_spi.o
 .debug_frame   0x000029e8      0x470 ./Drivers/STM32L4xx_HAL_Driver/Src/stm32l4xx_ll_usb.o
 .debug_frame   0x00002e58      0x5b0 ./Lib/nrf24.o
 .debug_frame   0x00003408      0x3e0 ./Lib/ssd1306.o
 .debug_frame   0x000037e8       0x20 C:/ST/STM32CubeIDE_1.19.0/STM32CubeIDE/plugins/com.st.stm32cube.ide.mcu.externaltools.gnu-tools-for-stm32.13.3.rel1.win32_1.0.0.202411081344/tools/bin/../lib/gcc/arm-none-eabi/13.3.1/../../../../arm-none-eabi/lib/thumb/v7e-m+fp/hard\libc_nano.a(libc_a-memset.o)
 .debug_frame   0x00003808       0x28 C:/ST/STM32CubeIDE_1.19.0/STM32CubeIDE/plugins/com.st.stm32cube.ide.mcu.externaltools.gnu-tools-for-stm32.13.3.rel1.win32_1.0.0.202411081344/tools/bin/../lib/gcc/arm-none-eabi/13.3.1/../../../../arm-none-eabi/lib/thumb/v7e-m+fp/hard\libc_nano.a(libc_a-strncpy.o)
 .debug_frame   0x00003830       0x2c C:/ST/STM32CubeIDE_1.19.0/STM32CubeIDE/plugins/com.st.stm32cube.ide.mcu.externaltools.gnu-tools-for-stm32.13.3.rel1.win32_1.0.0.202411081344/tools/bin/../lib/gcc/arm-none-eabi/13.3.1/../../../../arm-none-eabi/lib/thumb/v7e-m+fp/hard\libc_nano.a(libc_a-init.o)
 .debug_frame   0x0000385c       0x28 C:/ST/STM32CubeIDE_1.19.0/STM32CubeIDE/plugins/com.st.stm32cube.ide.mcu.externaltools.gnu-tools-for-stm32.13.3.rel1.win32_1.0.0.202411081344/tools/bin/../lib/gcc/arm-none-eabi/13.3.1/../../../../arm-none-eabi/lib/thumb/v7e-m+fp/hard\libc_nano.a(libc_a-memcpy-stub.o)

.debug_line_str
                0x00000000       0x6a
 .debug_line_str
                0x00000000       0x6a ./Core/Startup/startup_stm32l432kbux.o
