C:/Users/remi/Documents/GitHub/RF-to-USB/firmware/RF-to-USB/Lib/nrf24_platform.h:18:20:nRF24_CE_L	1
C:/Users/remi/Documents/GitHub/RF-to-USB/firmware/RF-to-USB/Lib/nrf24_platform.h:22:20:nRF24_CE_H	1
../Core/Src/main.c:69:6:UpdateDisplay	3
../Core/Src/main.c:81:6:UpdateDisplayLine2	1
../Core/Src/main.c:88:5:main	1
../Core/Src/main.c:119:6:runStateMachine	20
../Core/Src/main.c:324:6:HAL_GPIO_EXTI_Callback	6
../Core/Src/main.c:344:6:SystemClock_Config	4
../Core/Src/main.c:383:13:MX_SPI3_Init	2
../Core/Src/main.c:402:13:MX_USB_PCD_Init	2
../Core/Src/main.c:415:13:MX_GPIO_Init	1
../Core/Src/main.c:454:6:Error_Handler	1
