C:/Users/remi/Documents/GitHub/RF-to-USB/firmware/RF-to-USB/Lib/nrf24_platform.h:18:20:nRF24_CE_L	8	static
C:/Users/remi/Documents/GitHub/RF-to-USB/firmware/RF-to-USB/Lib/nrf24_platform.h:22:20:nRF24_CE_H	8	static
../Core/Src/main.c:86:6:CDC_DataReceivedCallback	16	static
../Core/Src/main.c:105:6:UpdateDisplay	24	static
../Core/Src/main.c:117:6:UpdateDisplayLine2	16	static
../Core/Src/main.c:124:5:main	8	static
../Core/Src/main.c:153:6:runStateMachine	112	static
../Core/Src/main.c:332:6:HAL_GPIO_EXTI_Callback	16	static
../Core/Src/main.c:352:6:SystemClock_Config	128	static
../Core/Src/main.c:391:13:MX_SPI3_Init	8	static
../Core/Src/main.c:410:13:MX_USB_PCD_Init	8	static
../Core/Src/main.c:423:13:MX_GPIO_Init	40	static
../Core/Src/main.c:462:6:Error_Handler	4	static,ignoring_inline_asm
