C:/Users/remi/Documents/GitHub/RF-to-USB/firmware/RF-to-USB/Lib/nrf24_platform.h:18:20:nRF24_CE_L	8	static
C:/Users/remi/Documents/GitHub/RF-to-USB/firmware/RF-to-USB/Lib/nrf24_platform.h:22:20:nRF24_CE_H	8	static
../Core/Src/main.c:69:6:UpdateDisplay	24	static
../Core/Src/main.c:81:6:UpdateDisplayLine2	16	static
../Core/Src/main.c:88:5:main	8	static
../Core/Src/main.c:119:6:runStateMachine	48	static
../Core/Src/main.c:324:6:HAL_GPIO_EXTI_Callback	16	static
../Core/Src/main.c:344:6:SystemClock_Config	128	static
../Core/Src/main.c:383:13:MX_SPI3_Init	8	static
../Core/Src/main.c:402:13:MX_USB_PCD_Init	8	static
../Core/Src/main.c:415:13:MX_GPIO_Init	40	static
../Core/Src/main.c:454:6:Error_Handler	4	static,ignoring_inline_asm
