C:/Users/remi.decoster/OneDrive - Flanders Make vzw/Documents/Personal/RF-to-USB/firmware/RF-to-USB/Lib/nrf24_platform.h:26:20:nRF24_CSN_L	8	static
C:/Users/remi.decoster/OneDrive - Flanders Make vzw/Documents/Personal/RF-to-USB/firmware/RF-to-USB/Lib/nrf24_platform.h:30:20:nRF24_CSN_H	8	static
C:/Users/remi.decoster/OneDrive - Flanders Make vzw/Documents/Personal/RF-to-USB/firmware/RF-to-USB/Lib/nrf24_platform.h:35:23:nRF24_LL_RW	32	static
../Lib/nrf24.c:9:16:nRF24_ReadReg	24	static
../Lib/nrf24.c:24:13:nRF24_WriteReg	16	static
../Lib/nrf24.c:47:13:nRF24_ReadMBReg	24	static
../Lib/nrf24.c:61:13:nRF24_WriteMBReg	16	static
../Lib/nrf24.c:72:6:nRF24_Init	8	static
../Lib/nrf24.c:106:9:nRF24_Check	24	static
../Lib/nrf24.c:126:6:nRF24_SetPowerMode	24	static
../Lib/nrf24.c:145:6:nRF24_SetOperationalMode	24	static
../Lib/nrf24.c:158:6:nRF24_SetDynamicPayloadLength	24	static
../Lib/nrf24.c:173:6:nRF24_SetPayloadWithAck	24	static
../Lib/nrf24.c:188:6:nRF24_SetCRCScheme	24	static
../Lib/nrf24.c:203:6:nRF24_SetRFChannel	16	static
../Lib/nrf24.c:209:9:nRF24_GetRFChannel	8	static
../Lib/nrf24.c:220:6:nRF24_SetAutoRetr	16	static
../Lib/nrf24.c:229:6:nRF24_SetAddrWidth	16	static
../Lib/nrf24.c:243:6:nRF24_SetAddr	24	static
../Lib/nrf24.c:278:6:nRF24_SetTXPower	24	static
../Lib/nrf24.c:291:6:nRF24_SetDataRate	24	static
../Lib/nrf24.c:306:6:nRF24_SetRXPipe	24	static
../Lib/nrf24.c:329:6:nRF24_ClosePipe	24	static
../Lib/nrf24.c:341:6:nRF24_EnableAA	24	static
../Lib/nrf24.c:353:6:nRF24_DisableAA	24	static
../Lib/nrf24.c:369:9:nRF24_GetStatus	8	static
../Lib/nrf24.c:375:9:nRF24_GetIRQFlags	8	static
../Lib/nrf24.c:381:9:nRF24_GetStatus_RXFIFO	8	static
../Lib/nrf24.c:388:9:nRF24_GetStatus_TXFIFO	8	static
../Lib/nrf24.c:394:9:nRF24_GetRXSource	8	static
../Lib/nrf24.c:402:9:nRF24_GetRetransmitCounters	8	static
../Lib/nrf24.c:407:6:nRF24_ResetPLOS	16	static
../Lib/nrf24.c:416:6:nRF24_FlushTX	8	static
../Lib/nrf24.c:421:6:nRF24_FlushRX	8	static
../Lib/nrf24.c:426:6:nRF24_ClearIRQFlags	16	static
../Lib/nrf24.c:439:6:nRF24_WritePayload	16	static
../Lib/nrf24.c:443:16:nRF24_GetRxDplPayloadWidth	16	static
../Lib/nrf24.c:455:23:nRF24_ReadPayloadGeneric	32	static
../Lib/nrf24.c:495:16:nRF24_ReadPayload	16	static
../Lib/nrf24.c:499:16:nRF24_ReadPayloadDpl	16	static
../Lib/nrf24.c:503:9:nRF24_GetFeatures	8	static
../Lib/nrf24.c:506:6:nRF24_ActivateFeatures	8	static
../Lib/nrf24.c:512:6:nRF24_WriteAckPayload	16	static
